Archive member included to satisfy reference by file (symbol)

/opt/wonderful/thirdparty/blocksds/external/nflib/lib/libnflib.a(nf_bitmapbg.c.o)
                              build/VoltorbFlip/source/engine/engineInitializer.cpp.o (NF_InitBitmapBgSys)
/opt/wonderful/thirdparty/blocksds/external/nflib/lib/libnflib.a(nf_2d.c.o)
                              build/VoltorbFlip/source/engine/engineInitializer.cpp.o (NF_Set2D)
/opt/wonderful/thirdparty/blocksds/external/nflib/lib/libnflib.a(nf_basic.c.o)
                              /opt/wonderful/thirdparty/blocksds/external/nflib/lib/libnflib.a(nf_bitmapbg.c.o) (NF_Error)
/opt/wonderful/thirdparty/blocksds/external/nflib/lib/libnflib.a(nf_sprite256.c.o)
                              build/VoltorbFlip/source/engine/engineInitializer.cpp.o (NF_InitSpriteBuffers)
/opt/wonderful/thirdparty/blocksds/external/nflib/lib/libnflib.a(nf_tiledbg.c.o)
                              /opt/wonderful/thirdparty/blocksds/external/nflib/lib/libnflib.a(nf_2d.c.o) (NF_BUFFER_BGMAP)
/opt/wonderful/thirdparty/blocksds/core/libs/libnds/lib/libnds9.a(mpu_setup.s.o)
                              /opt/wonderful/thirdparty/blocksds/core/sys/crts/ds_arm9_crt0.o (__libnds_mpu_setup)
/opt/wonderful/thirdparty/blocksds/core/libs/libnds/lib/libnds9.a(dma.s.o)
                              /opt/wonderful/thirdparty/blocksds/external/nflib/lib/libnflib.a(nf_basic.c.o) (dmaSetParams)
/opt/wonderful/thirdparty/blocksds/core/libs/libnds/lib/libnds9.a(memcpy.s.o)
                              /opt/wonderful/thirdparty/blocksds/external/nflib/lib/libnflib.a(nf_bitmapbg.c.o) (memcpy)
/opt/wonderful/thirdparty/blocksds/core/libs/libnds/lib/libnds9.a(memset.s.o)
                              build/VoltorbFlip/source/game/gameStatus.cpp.o (memset)
/opt/wonderful/thirdparty/blocksds/core/libs/libnds/lib/libnds9.a(cache.c.o)
                              /opt/wonderful/thirdparty/blocksds/external/nflib/lib/libnflib.a(nf_basic.c.o) (CP15_CleanAndFlushDCacheRange)
/opt/wonderful/thirdparty/blocksds/core/libs/libnds/lib/libnds9.a(securearea.c.o)
                              /opt/wonderful/thirdparty/blocksds/core/sys/crts/ds_arm9_crt0.o (__secure_area__)
/opt/wonderful/thirdparty/blocksds/core/libs/libnds/lib/libnds9.a(initSystem.c.o)
                              /opt/wonderful/thirdparty/blocksds/core/sys/crts/ds_arm9_crt0.o (__dsimode)
/opt/wonderful/thirdparty/blocksds/core/libs/libnds/lib/libnds9.a(keys.c.o)
                              build/VoltorbFlip/source/input/gameInput.cpp.o (scanKeys)
/opt/wonderful/thirdparty/blocksds/core/libs/libnds/lib/libnds9.a(video.c.o)
                              /opt/wonderful/thirdparty/blocksds/external/nflib/lib/libnflib.a(nf_basic.c.o) (setBrightness)
/opt/wonderful/thirdparty/blocksds/core/libs/libnds/lib/libnds9.a(sprite.c.o)
                              /opt/wonderful/thirdparty/blocksds/external/nflib/lib/libnflib.a(nf_sprite256.c.o) (oamInit)
/opt/wonderful/thirdparty/blocksds/core/libs/libnds/lib/libnds9.a(sound.c.o)
                              build/VoltorbFlip/source/engine/engineInitializer.cpp.o (soundEnable)
/opt/wonderful/thirdparty/blocksds/core/libs/libnds/lib/libnds9.a(trig.c.o)
                              /opt/wonderful/thirdparty/blocksds/core/libs/libnds/lib/libnds9.a(sprite.c.o) (sinLerp)
/opt/wonderful/thirdparty/blocksds/core/libs/libnds/lib/libnds9.a(filesystem.c.o)
                              /opt/wonderful/thirdparty/blocksds/external/nflib/lib/libnflib.a(nf_basic.c.o) (access)
/opt/wonderful/thirdparty/blocksds/core/libs/libnds/lib/libnds9.a(fatfs.c.o)
                              /opt/wonderful/thirdparty/blocksds/core/libs/libnds/lib/libnds9.a(filesystem.c.o) (fatfs_error_to_posix)
/opt/wonderful/thirdparty/blocksds/core/libs/libnds/lib/libnds9.a(nitrofs.c.o)
                              /opt/wonderful/thirdparty/blocksds/core/libs/libnds/lib/libnds9.a(filesystem.c.o) (nitrofs_use_for_path)
/opt/wonderful/thirdparty/blocksds/core/libs/libnds/lib/libnds9.a(cache.c.o)
                              /opt/wonderful/thirdparty/blocksds/core/libs/libnds/lib/libnds9.a(nitrofs.c.o) (cache_initialized)
/opt/wonderful/thirdparty/blocksds/core/libs/libnds/lib/libnds9.a(chdir.c.o)
                              /opt/wonderful/thirdparty/blocksds/external/nflib/lib/libnflib.a(nf_basic.c.o) (chdir)
/opt/wonderful/thirdparty/blocksds/core/libs/libnds/lib/libnds9.a(crt0_argv.c.o)
                              /opt/wonderful/thirdparty/blocksds/core/sys/crts/ds_arm9_crt0.o (build_argv)
/opt/wonderful/thirdparty/blocksds/core/libs/libnds/lib/libnds9.a(console.c.o)
                              /opt/wonderful/thirdparty/blocksds/external/nflib/lib/libnflib.a(nf_basic.c.o) (consoleDemoInit)
/opt/wonderful/thirdparty/blocksds/core/libs/libnds/lib/libnds9.a(fifosystem.c.o)
                              /opt/wonderful/thirdparty/blocksds/core/libs/libnds/lib/libnds9.a(sound.c.o) (fifoSendValue32)
[...]
Memory Configuration

Name             Origin             Length             Attributes
ewram            0x02000000         0x00380000
dtcm             0x02ff0000         0x00004000
itcm             0x01000000         0x00008000
*default*        0x00000000         0xffffffff

Linker script and memory map

                0x00000000                        PROVIDE (__dtcm_data_size = 0x0)
                0x00000001                        ASSERT (((__dtcm_data_size & 0x3) == 0x0), __dtcm_data_size must be a multiple of 4)
                0x00004000                        PROVIDE (__dldi_size = 0x4000)
                0x00000040                        PROVIDE (__dtcm_reserved_size = 0x40)
                0x00000001                        ASSERT (((__dtcm_reserved_size & 0x3) == 0x0), __dtcm_reserved_size must be a multiple of 4)
                0x00000100                        PROVIDE (__svc_stack_size = 0x100)
                0x00000001                        ASSERT (((__svc_stack_size & 0x3) == 0x0), __svc_stack_size must be a multiple of 4)
                0x00000100                        PROVIDE (__irq_stack_size = 0x100)
                0x00000001                        ASSERT (((__irq_stack_size & 0x3) == 0x0), __irq_stack_size must be a multiple of 4)
                0x00000000                        PROVIDE (__usr_stack_size = 0x0)
                0x00000001                        ASSERT (((__usr_stack_size & 0x3) == 0x0), __usr_stack_size must be a multiple of 4)
                0x02380000                        __ewram_end = (ORIGIN (ewram) + LENGTH (ewram))
                0x02380000                        __eheap_end = (ORIGIN (ewram) + LENGTH (ewram))
                0x02ff0000                        __dtcm_start = ORIGIN (dtcm)
                0x02ff4000                        __dtcm_top = (ORIGIN (dtcm) + LENGTH (dtcm))
                0x02ff3ff8                        __irq_flags = (__dtcm_top - 0x8)
                0x02ff3ffc                        __irq_vector = (__dtcm_top - 0x4)
                0x02ff3fc0                        __sp_svc = (__dtcm_top - __dtcm_reserved_size)
                0x02ff3ec0                        __sp_irq = (__sp_svc - __svc_stack_size)
                0x02ff3dc0                        __sp_usr = ((__sp_irq - __irq_stack_size) - __dtcm_data_size)
                0x02ff0000                        __dtcm_data_start = (__dtcm_data_size > 0x0)?__sp_usr:ORIGIN (dtcm)
                0x02ff3dc0                        __dtcm_data_top = (__dtcm_data_size > 0x0)?(__sp_irq - __irq_stack_size):(__sp_usr - __usr_stack_size)
                0x0000000e                        __dldi_log2_size = (LOG2CEIL ((__dldi_size + 0x1)) - 0x1)

.secure         0x02000000      0x800
 *(.secure)
 .secure        0x02000000      0x800 /opt/wonderful/thirdparty/blocksds/core/libs/libnds/lib/libnds9.a(securearea.c.o)
                0x02000000                __secure_area__

.crt0           0x02000800      0x2d4
                0x02000800                        __text_start = .
 *(.crt0)
 .crt0          0x02000800      0x2d4 /opt/wonderful/thirdparty/blocksds/core/sys/crts/ds_arm9_crt0.o
                0x02000800                _start
                0x02000ad4                        . = ALIGN (0x4)

.dldi           0x02000b00     0x4000
                0x02000b00                        __dldi_start = .
 *(.dldi)
 .dldi          0x02000b00       0x88 /opt/wonderful/thirdparty/blocksds/core/libs/libnds/lib/libnds9.a(dldi_stub.s.o)
                0x02000b00                _io_dldi_stub
                0x02000b88                        . = ALIGN (0x4)
                0x02000b88                        __dldi_data_end = .
                0x02004b00                        __dldi_end = (__dldi_data_end > __dldi_start)?(__dldi_start + __dldi_size):__dldi_start
                0x02004b00                        . = __dldi_end
 *fill*         0x02000b88     0x3f78 00
                0x02004b00                        . = ALIGN (0x4)

.plt
 *(.plt)

.init           0x02004b00        0x8
 *(SORT_NONE(.init))
 .init          0x02004b00        0x8 /opt/wonderful/toolchain/gcc-arm-none-eabi/lib/gcc/arm-none-eabi/15.2.0/thumb/arm946e-s/crtn.o

.text           0x02004b08     0xf230
 *(EXCLUDE_FILE(*.twl* *.itcm*) .text)
 .text          0x02004b08       0x14 /opt/wonderful/toolchain/gcc-arm-none-eabi/lib/gcc/arm-none-eabi/15.2.0/../../../../arm-none-eabi/lib/thumb/arm946e-s/libc.a(strcmp.S.o)
                0x02004b08                strcmp
 .text          0x02004b1c        0xe /opt/wonderful/toolchain/gcc-arm-none-eabi/lib/gcc/arm-none-eabi/15.2.0/../../../../arm-none-eabi/lib/thumb/arm946e-s/libc.a(strlen.S.o)
                0x02004b1c                strlen
 *fill*         0x02004b2a        0x2 ff
 .text          0x02004b2c       0x14 /opt/wonderful/toolchain/gcc-arm-none-eabi/lib/gcc/arm-none-eabi/15.2.0/thumb/arm946e-s/libgcc.a(_thumb1_case_uqi.o)
                0x02004b2c                __gnu_thumb1_case_uqi
 .text          0x02004b40       0x14 /opt/wonderful/toolchain/gcc-arm-none-eabi/lib/gcc/arm-none-eabi/15.2.0/thumb/arm946e-s/libgcc.a(_thumb1_case_uhi.o)
                0x02004b40                __gnu_thumb1_case_uhi
 .text          0x02004b54      0x214 /opt/wonderful/toolchain/gcc-arm-none-eabi/lib/gcc/arm-none-eabi/15.2.0/thumb/arm946e-s/libgcc.a(_udivsi3.o)
                0x02004b54                __udivsi3
                0x02004b54                __aeabi_uidiv
                0x02004d48                __aeabi_uidivmod
 .text          0x02004d68      0x248 /opt/wonderful/toolchain/gcc-arm-none-eabi/lib/gcc/arm-none-eabi/15.2.0/thumb/arm946e-s/libgcc.a(_divsi3.o)
                0x02004d68                __aeabi_idiv
                0x02004d68                __divsi3
                0x02004f90                __aeabi_idivmod
 .text          0x02004fb0        0x4 /opt/wonderful/toolchain/gcc-arm-none-eabi/lib/gcc/arm-none-eabi/15.2.0/thumb/arm946e-s/libgcc.a(_dvmd_tls.o)
                0x02004fb0                __aeabi_ldiv0
                0x02004fb0                __aeabi_idiv0
 .text          0x02004fb4       0x18 /opt/wonderful/toolchain/gcc-arm-none-eabi/lib/gcc/arm-none-eabi/15.2.0/thumb/arm946e-s/libgcc.a(_lshrdi3.o)
                0x02004fb4                __aeabi_llsr
                0x02004fb4                __lshrdi3
 .text          0x02004fcc       0x1c /opt/wonderful/toolchain/gcc-arm-none-eabi/lib/gcc/arm-none-eabi/15.2.0/thumb/arm946e-s/libgcc.a(_ashrdi3.o)
                0x02004fcc                __ashrdi3
                0x02004fcc                __aeabi_lasr
 .text          0x02004fe8       0x18 /opt/wonderful/toolchain/gcc-arm-none-eabi/lib/gcc/arm-none-eabi/15.2.0/thumb/arm946e-s/libgcc.a(_ashldi3.o)
                0x02004fe8                __ashldi3
                0x02004fe8                __aeabi_llsl
 .text          0x02005000      0x3c0 /opt/wonderful/toolchain/gcc-arm-none-eabi/lib/gcc/arm-none-eabi/15.2.0/thumb/arm946e-s/libgcc.a(_arm_addsubdf3.o)
                0x02005000                __aeabi_drsub
                0x02005008                __subdf3
                0x02005008                __aeabi_dsub
                0x0200500c                __adddf3
                0x0200500c                __aeabi_dadd
                0x020052b8                __aeabi_ui2d
                0x020052b8                __floatunsidf
                0x020052dc                __floatsidf
                0x020052dc                __aeabi_i2d
                0x02005304                __extendsfdf2
                0x02005304                __aeabi_f2d
                0x0200534c                __aeabi_ul2d
                0x0200534c                __floatundidf
                0x02005360                __aeabi_l2d
                0x02005360                __floatdidf
 .text          0x020053c0       0xa0 /opt/wonderful/toolchain/gcc-arm-none-eabi/lib/gcc/arm-none-eabi/15.2.0/thumb/arm946e-s/libgcc.a(_arm_truncdfsf2.o)
                0x020053c0                __aeabi_d2f
                0x020053c0                __truncdfsf2
 .text          0x02005460        0x8 /opt/wonderful/toolchain/gcc-arm-none-eabi/lib/gcc/arm-none-eabi/15.2.0/thumb/arm946e-s/libgcc.a(_clzsi2.o)
                0x02005460                __clzsi2
 .text          0x02005468       0x14 /opt/wonderful/toolchain/gcc-arm-none-eabi/lib/gcc/arm-none-eabi/15.2.0/thumb/arm946e-s/libgcc.a(_clzdi2.o)
                0x02005468                __clzdi2
 .text          0x0200547c       0xd4 /opt/wonderful/toolchain/gcc-arm-none-eabi/lib/gcc/arm-none-eabi/15.2.0/thumb/arm946e-s/libgcc.a(_aeabi_ldivmod.o)
                0x0200547c                __aeabi_ldivmod
 .text          0x02005550       0x3c /opt/wonderful/toolchain/gcc-arm-none-eabi/lib/gcc/arm-none-eabi/15.2.0/thumb/arm946e-s/libgcc.a(_aeabi_uldivmod.o)
                0x02005550                __aeabi_uldivmod
 .text          0x0200558c       0x54 /opt/wonderful/toolchain/gcc-arm-none-eabi/lib/gcc/arm-none-eabi/15.2.0/thumb/arm946e-s/libgcc.a(_muldi3.o)
                0x0200558c                __aeabi_lmul
                0x0200558c                __muldi3
 .text          0x020055e0      0x190 /opt/wonderful/toolchain/gcc-arm-none-eabi/lib/gcc/arm-none-eabi/15.2.0/thumb/arm946e-s/libgcc.a(_udivmoddi4.o)
                0x020055e0                __udivmoddi4
 *(EXCLUDE_FILE(*.twl* *.itcm*) .stub)
 *(EXCLUDE_FILE(*.twl* *.itcm*) .text.*)
 .text._Z11handle_dpadv
                0x02005770       0xac build/VoltorbFlip/source/input/gameInput.cpp.o
                0x02005770                handle_dpad()
 .text._Z12handle_touchv
                0x0200581c       0xc0 build/VoltorbFlip/source/input/gameInput.cpp.o
                0x0200581c                handle_touch()
 .text._Z12handle_inputv
                0x020058dc       0x38 build/VoltorbFlip/source/input/gameInput.cpp.o
                0x020058dc                handle_input()
 .text._Z11init_systemv
                0x02005914       0x58 build/VoltorbFlip/source/engine/engineInitializer.cpp.o
                0x02005914                init_system()
 .text._Z8init_ramv
                0x0200596c       0xf0 build/VoltorbFlip/source/engine/engineInitializer.cpp.o
                0x0200596c                init_ram()
 .text._Z15render_graphicsv
                0x02005a5c       0x28 build/VoltorbFlip/source/media/gameGraphic.cpp.o
                0x02005a5c                render_graphics()
 .text._Z22handle_cursor_movementv
                0x02005a84       0x44 build/VoltorbFlip/source/media/gameGraphic.cpp.o
                0x02005a84                handle_cursor_movement()
 .text._Z21handle_marker_updatesv
                0x02005ac8       0x5c build/VoltorbFlip/source/media/gameGraphic.cpp.o
                0x02005ac8                handle_marker_updates()
 .text._Z24handle_level_transitionsv
                0x02005b24       0xf8 build/VoltorbFlip/source/media/gameGraphic.cpp.o
                0x02005b24                handle_level_transitions()
 .text._Z11reveal_cardv
                0x02005c1c       0xcc build/VoltorbFlip/source/media/gameGraphic.cpp.o
                0x02005c1c                reveal_card()
 .text._Z18toggle_card_markerv
                0x02005ce8       0x40 build/VoltorbFlip/source/media/gameGraphic.cpp.o
                0x02005ce8                toggle_card_marker()
 .text._Z22handle_card_operationsv
                0x02005d28       0x3c build/VoltorbFlip/source/media/gameGraphic.cpp.o
                0x02005d28                handle_card_operations()
 .text._Z12update_scorev
                0x02005d64       0x40 build/VoltorbFlip/source/media/gameGraphic.cpp.o
                0x02005d64                update_score()
 .text._Z13update_recordv
                0x02005da4       0x48 build/VoltorbFlip/source/media/gameGraphic.cpp.o
                0x02005da4                update_record()
 .text._Z20handle_score_updatesv
                0x02005dec       0x3c build/VoltorbFlip/source/media/gameGraphic.cpp.o
                0x02005dec                handle_score_updates()
 .text._Z14hide_all_cardsv
                0x02005e28       0x9c build/VoltorbFlip/source/media/gameGraphic.cpp.o
                0x02005e28                hide_all_cards()
 .text._Z12reveal_boardv
                0x02005ec4       0xe0 build/VoltorbFlip/source/media/gameGraphic.cpp.o
                0x02005ec4                reveal_board()
 .text._Z9play_turnv
                0x02005fa4       0x10 build/VoltorbFlip/source/media/gameSfx.cpp.o
                0x02005fa4                play_turn()
 .text._Z12play_shufflev
                0x02005fb4       0x10 build/VoltorbFlip/source/media/gameSfx.cpp.o
                0x02005fb4                play_shuffle()
 .text._Z9play_coinv
                0x02005fc4       0x10 build/VoltorbFlip/source/media/gameSfx.cpp.o
                0x02005fc4                play_coin()
 .text._Z14play_explosionv
                0x02005fd4       0x10 build/VoltorbFlip/source/media/gameSfx.cpp.o
                0x02005fd4                play_explosion()
 .text._Z9play_lossv
                0x02005fe4       0x10 build/VoltorbFlip/source/media/gameSfx.cpp.o
                0x02005fe4                play_loss()
 .text._Z8play_winv
                0x02005ff4       0x10 build/VoltorbFlip/source/media/gameSfx.cpp.o
                0x02005ff4                play_win()
 .text._Z13play_game_ostv
                0x02006004       0x18 build/VoltorbFlip/source/media/gameOst.cpp.o
                0x02006004                play_game_ost()
 .text._Z16draw_digit_to_bgiiiih.part.0
                0x0200601c       0x7c build/VoltorbFlip/source/media/gameMedia.cpp.o
 .text._Z12init_spritesv
                0x02006098      0x1d8 build/VoltorbFlip/source/media/gameMedia.cpp.o
                0x02006098                init_sprites()
 .text._Z18init_game_graphicsv
                0x02006270      0x10c build/VoltorbFlip/source/media/gameMedia.cpp.o
                0x02006270                init_game_graphics()
 .text._Z15update_graphicsv
                0x0200637c       0x48 build/VoltorbFlip/source/media/gameMedia.cpp.o
                0x0200637c                update_graphics()
 .text._Z18handle_card_reveali
                0x020063c4       0x50 build/VoltorbFlip/source/game/gameProcess.cpp.o
                0x020063c4                handle_card_reveal(int)
 .text._Z11update_gamev
                0x02006414       0xc0 build/VoltorbFlip/source/game/gameProcess.cpp.o
                0x02006414                update_game()
 .text._Z16init_shared_datav
                0x020064d4       0x28 build/VoltorbFlip/source/game/gameStatus.cpp.o
                0x020064d4                init_shared_data()
 .text._Z16init_game_statusv
                0x020064fc      0x170 build/VoltorbFlip/source/game/gameStatus.cpp.o
                0x020064fc                init_game_status()
 .text.startup.main
                0x0200666c       0x38 build/VoltorbFlip/source/main.cpp.o
                0x0200666c                main
 .text.NF_InitBitmapBgSys
                0x020066a4      0x1d8 /opt/wonderful/thirdparty/blocksds/external/nflib/lib/libnflib.a(nf_bitmapbg.c.o)
                0x020066a4                NF_InitBitmapBgSys
 .text.NF_Init8bitsBgBuffers
                0x0200687c       0x20 /opt/wonderful/thirdparty/blocksds/external/nflib/lib/libnflib.a(nf_bitmapbg.c.o)
                0x0200687c                NF_Init8bitsBgBuffers
 .text.NF_Load8bitsBg
                0x0200689c       0xb4 /opt/wonderful/thirdparty/blocksds/external/nflib/lib/libnflib.a(nf_bitmapbg.c.o)
                0x0200689c                NF_Load8bitsBg
 .text.NF_Copy8bitsBuffer
                0x02006950       0xa4 /opt/wonderful/thirdparty/blocksds/external/nflib/lib/libnflib.a(nf_bitmapbg.c.o)
                0x02006950                NF_Copy8bitsBuffer
 .text.NF_Set2D
                0x020069f4       0x64 /opt/wonderful/thirdparty/blocksds/external/nflib/lib/libnflib.a(nf_2d.c.o)
                0x020069f4                NF_Set2D
 .text.NF_ShowBg
                0x02006a58       0x74 /opt/wonderful/thirdparty/blocksds/external/nflib/lib/libnflib.a(nf_2d.c.o)
                0x02006a58                NF_ShowBg
 .text.NF_HideBg
                0x02006acc       0x9c /opt/wonderful/thirdparty/blocksds/external/nflib/lib/libnflib.a(nf_2d.c.o)
                0x02006acc                NF_HideBg
 .text.NF_ScrollBg
                0x02006b68      0x2fc /opt/wonderful/thirdparty/blocksds/external/nflib/lib/libnflib.a(nf_2d.c.o)
                0x02006b68                NF_ScrollBg
 .text.NF_SpriteFrame
                0x02006e64       0xbc /opt/wonderful/thirdparty/blocksds/external/nflib/lib/libnflib.a(nf_2d.c.o)
                0x02006e64                NF_SpriteFrame
 .text.NF_Error
                0x02006f20      0x2d8 /opt/wonderful/thirdparty/blocksds/external/nflib/lib/libnflib.a(nf_basic.c.o)
                0x02006f20                NF_Error
 .text.NF_SetRootFolder
                0x020071f8      0x1e0 /opt/wonderful/thirdparty/blocksds/external/nflib/lib/libnflib.a(nf_basic.c.o)
                0x020071f8                NF_SetRootFolder
 .text.NF_DmaMemCopy
                0x020073d8       0x70 /opt/wonderful/thirdparty/blocksds/external/nflib/lib/libnflib.a(nf_basic.c.o)
                0x020073d8                NF_DmaMemCopy
 .text.NF_FileLoad
                0x02007448       0xac /opt/wonderful/thirdparty/blocksds/external/nflib/lib/libnflib.a(nf_basic.c.o)
                0x02007448                NF_FileLoad
 .text.NF_InitSpriteBuffers
                0x020074f4       0x5c /opt/wonderful/thirdparty/blocksds/external/nflib/lib/libnflib.a(nf_sprite256.c.o)
                0x020074f4                NF_InitSpriteBuffers
 .text.NF_InitSpriteSys
                0x02007550      0x1f8 /opt/wonderful/thirdparty/blocksds/external/nflib/lib/libnflib.a(nf_sprite256.c.o)
                0x02007550                NF_InitSpriteSys
 .text.NF_LoadSpriteGfx
                0x02007748       0x94 /opt/wonderful/thirdparty/blocksds/external/nflib/lib/libnflib.a(nf_sprite256.c.o)
                0x02007748                NF_LoadSpriteGfx
 .text.NF_LoadSpritePal
                0x020077dc       0x7c /opt/wonderful/thirdparty/blocksds/external/nflib/lib/libnflib.a(nf_sprite256.c.o)
                0x020077dc                NF_LoadSpritePal
 .text.NF_VramSpriteGfx
                0x02007858      0x27c /opt/wonderful/thirdparty/blocksds/external/nflib/lib/libnflib.a(nf_sprite256.c.o)
                0x02007858                NF_VramSpriteGfx
 .text.NF_VramSpritePal
                0x02007ad4       0xb0 /opt/wonderful/thirdparty/blocksds/external/nflib/lib/libnflib.a(nf_sprite256.c.o)
                0x02007ad4                NF_VramSpritePal
 .text.NF_CreateSprite
                0x02007b84      0x1c8 /opt/wonderful/thirdparty/blocksds/external/nflib/lib/libnflib.a(nf_sprite256.c.o)
                0x02007b84                NF_CreateSprite
 .text.NF_SpriteOamSet
                0x02007d4c       0xc0 /opt/wonderful/thirdparty/blocksds/external/nflib/lib/libnflib.a(nf_sprite256.c.o)
                0x02007d4c                NF_SpriteOamSet
 .text.__libnds_mpu_setup
                0x02007e0c      0x1c4 /opt/wonderful/thirdparty/blocksds/core/libs/libnds/lib/libnds9.a(mpu_setup.s.o)
                0x02007e0c                __libnds_mpu_setup
 .text.CP15_MPUDisable
                0x02007fd0       0x3c /opt/wonderful/thirdparty/blocksds/core/libs/libnds/lib/libnds9.a(mpu_setup.s.o)
                0x02007fd0                CP15_MPUDisable
 .text.memUncached
                0x0200800c       0x20 /opt/wonderful/thirdparty/blocksds/core/libs/libnds/lib/libnds9.a(mpu_setup.s.o)
                0x0200800c                memUncached
 .text.dmaSetParams
                0x0200802c       0x1c /opt/wonderful/thirdparty/blocksds/core/libs/libnds/lib/libnds9.a(dma.s.o)
                0x0200802c                dmaSetParams
 .text.__aeabi_memcpy
                0x02008048       0xc8 /opt/wonderful/thirdparty/blocksds/core/libs/libnds/lib/libnds9.a(memcpy.s.o)
                0x02008048                __aeabi_memcpy
                0x02008080                __aeabi_memcpy4
                0x02008080                __aeabi_memcpy8
                0x020080ec                __ndsabi_memcpy2
 .text.__ndsabi_memcpy1
                0x02008110       0x14 /opt/wonderful/thirdparty/blocksds/core/libs/libnds/lib/libnds9.a(memcpy.s.o)
                0x02008110                __ndsabi_memcpy1
 .text.memcpy   0x02008124       0x10 /opt/wonderful/thirdparty/blocksds/core/libs/libnds/lib/libnds9.a(memcpy.s.o)
                0x02008124                memcpy
 .text.__aeabi_memset
                0x02008134       0x9c /opt/wonderful/thirdparty/blocksds/core/libs/libnds/lib/libnds9.a(memset.s.o)
                0x02008134                __aeabi_memset
                0x02008158                __aeabi_memset8
                0x02008158                __aeabi_memset4
                0x02008164                __ndsabi_wordset4
                0x02008168                __ndsabi_lwordset4
 .text.__ndsabi_memset1
                0x020081d0       0x10 /opt/wonderful/thirdparty/blocksds/core/libs/libnds/lib/libnds9.a(memset.s.o)
                0x020081d0                __ndsabi_memset1
 .text.memset   0x020081e0       0x1c /opt/wonderful/thirdparty/blocksds/core/libs/libnds/lib/libnds9.a(memset.s.o)
                0x020081e0                memset
 .text.initSystem
                0x020081fc      0x110 /opt/wonderful/thirdparty/blocksds/core/libs/libnds/lib/libnds9.a(initSystem.c.o)
                0x020081fc                initSystem
 .text.scanKeys
                0x0200830c       0xd4 /opt/wonderful/thirdparty/blocksds/core/libs/libnds/lib/libnds9.a(keys.c.o)
                0x0200830c                scanKeys
 .text.keysHeld
                0x020083e0        0xc /opt/wonderful/thirdparty/blocksds/core/libs/libnds/lib/libnds9.a(keys.c.o)
                0x020083e0                keysHeld
 .text.keysCurrent
                0x020083ec       0x50 /opt/wonderful/thirdparty/blocksds/core/libs/libnds/lib/libnds9.a(keys.c.o)
                0x020083ec                keysCurrent
 .text.touchRead
                0x0200843c       0x24 /opt/wonderful/thirdparty/blocksds/core/libs/libnds/lib/libnds9.a(keys.c.o)
                0x0200843c                touchRead
 .text.setTransferInputData
                0x02008460       0x1c /opt/wonderful/thirdparty/blocksds/core/libs/libnds/lib/libnds9.a(keys.c.o)
                0x02008460                setTransferInputData
 .text.setBrightness
                0x0200847c       0x40 /opt/wonderful/thirdparty/blocksds/core/libs/libnds/lib/libnds9.a(video.c.o)
                0x0200847c                setBrightness
 .text.vramDefault
                0x020084bc       0xe4 /opt/wonderful/thirdparty/blocksds/core/libs/libnds/lib/libnds9.a(video.c.o)
                0x020084bc                vramDefault
 .text.oamInit  0x020085a0      0x100 /opt/wonderful/thirdparty/blocksds/core/libs/libnds/lib/libnds9.a(sprite.c.o)
                0x020085a0                oamInit
 .text.oamGfxPtrToOffset
                0x020086a0       0x34 /opt/wonderful/thirdparty/blocksds/core/libs/libnds/lib/libnds9.a(sprite.c.o)
                0x020086a0                oamGfxPtrToOffset
 .text.oamSet   0x020086d4      0x10c /opt/wonderful/thirdparty/blocksds/core/libs/libnds/lib/libnds9.a(sprite.c.o)
                0x020086d4                oamSet
 .text.oamUpdate
                0x020087e0       0x50 /opt/wonderful/thirdparty/blocksds/core/libs/libnds/lib/libnds9.a(sprite.c.o)
                0x020087e0                oamUpdate
 .text.soundEnable
                0x02008830       0x10 /opt/wonderful/thirdparty/blocksds/core/libs/libnds/lib/libnds9.a(sound.c.o)
                0x02008830                soundEnable
 .text.sinLutLookup
                0x02008840       0x4c /opt/wonderful/thirdparty/blocksds/core/libs/libnds/lib/libnds9.a(trig.c.o)
                0x02008840                sinLutLookup
 .text.sinLerp  0x0200888c       0x38 /opt/wonderful/thirdparty/blocksds/core/libs/libnds/lib/libnds9.a(trig.c.o)
                0x0200888c                sinLerp
 .text.cosLerp  0x020088c4       0x44 /opt/wonderful/thirdparty/blocksds/core/libs/libnds/lib/libnds9.a(trig.c.o)
                0x020088c4                cosLerp
 .text.open     0x02008908       0xf4 /opt/wonderful/thirdparty/blocksds/core/libs/libnds/lib/libnds9.a(filesystem.c.o)
                0x02008908                open
 .text.read     0x020089fc       0x44 /opt/wonderful/thirdparty/blocksds/core/libs/libnds/lib/libnds9.a(filesystem.c.o)
                0x020089fc                read
 .text.write    0x02008a40       0x54 /opt/wonderful/thirdparty/blocksds/core/libs/libnds/lib/libnds9.a(filesystem.c.o)
                0x02008a40                write
 .text.close    0x02008a94       0x50 /opt/wonderful/thirdparty/blocksds/core/libs/libnds/lib/libnds9.a(filesystem.c.o)
                0x02008a94                close
 .text.lseek    0x02008ae4       0x74 /opt/wonderful/thirdparty/blocksds/core/libs/libnds/lib/libnds9.a(filesystem.c.o)
                0x02008ae4                lseek
 .text.access   0x02008b58       0x98 /opt/wonderful/thirdparty/blocksds/core/libs/libnds/lib/libnds9.a(filesystem.c.o)
                0x02008b58                access
 .text.fatfs_error_to_posix
                0x02008bf0       0x24 /opt/wonderful/thirdparty/blocksds/core/libs/libnds/lib/libnds9.a(fatfs.c.o)
                0x02008bf0                fatfs_error_to_posix
 .text.fatfs_timestamp_to_fattime
                0x02008c14       0x28 /opt/wonderful/thirdparty/blocksds/core/libs/libnds/lib/libnds9.a(fatfs.c.o)
                0x02008c14                fatfs_timestamp_to_fattime
 .text.get_dirname
                0x02008c3c       0x98 /opt/wonderful/thirdparty/blocksds/core/libs/libnds/lib/libnds9.a(fatfs.c.o)
                0x02008c3c                get_dirname
 .text.fatGetDefaultCwd
                0x02008cd4       0x70 /opt/wonderful/thirdparty/blocksds/core/libs/libnds/lib/libnds9.a(fatfs.c.o)
                0x02008cd4                fatGetDefaultCwd
 .text.fatInit.part.0
                0x02008d44      0x110 /opt/wonderful/thirdparty/blocksds/core/libs/libnds/lib/libnds9.a(fatfs.c.o)
 .text.fatInitDefault
                0x02008e54       0x24 /opt/wonderful/thirdparty/blocksds/core/libs/libnds/lib/libnds9.a(fatfs.c.o)
                0x02008e54                fatInitDefault
 .text.fatInitLookupCache
                0x02008e78       0x5c /opt/wonderful/thirdparty/blocksds/core/libs/libnds/lib/libnds9.a(fatfs.c.o)
                0x02008e78                fatInitLookupCache
 .text.nitrofs_read_internal
                0x02008ed4       0xe8 /opt/wonderful/thirdparty/blocksds/core/libs/libnds/lib/libnds9.a(nitrofs.c.o)
 .text.nitrofs_dir_state_init
                0x02008fbc       0x9c /opt/wonderful/thirdparty/blocksds/core/libs/libnds/lib/libnds9.a(nitrofs.c.o)
 .text.nitrofs_dir_state_next
                0x02009058       0xb0 /opt/wonderful/thirdparty/blocksds/core/libs/libnds/lib/libnds9.a(nitrofs.c.o)
 .text.nitrofs_dir_step
                0x02009108       0xf0 /opt/wonderful/thirdparty/blocksds/core/libs/libnds/lib/libnds9.a(nitrofs.c.o)
 .text.nitrofs_use_for_path
                0x020091f8       0x30 /opt/wonderful/thirdparty/blocksds/core/libs/libnds/lib/libnds9.a(nitrofs.c.o)
                0x020091f8                nitrofs_use_for_path
 .text.nitrofs_path_resolve
                0x02009228       0x68 /opt/wonderful/thirdparty/blocksds/core/libs/libnds/lib/libnds9.a(nitrofs.c.o)
                0x02009228                nitrofs_path_resolve
 .text.nitrofs_chdir
                0x02009290       0x24 /opt/wonderful/thirdparty/blocksds/core/libs/libnds/lib/libnds9.a(nitrofs.c.o)
                0x02009290                nitrofs_chdir
 .text.nitrofs_read
                0x020092b4       0x30 /opt/wonderful/thirdparty/blocksds/core/libs/libnds/lib/libnds9.a(nitrofs.c.o)
                0x020092b4                nitrofs_read
 .text.nitrofs_lseek
                0x020092e4       0x58 /opt/wonderful/thirdparty/blocksds/core/libs/libnds/lib/libnds9.a(nitrofs.c.o)
                0x020092e4                nitrofs_lseek
 .text.nitrofs_close
                0x0200933c       0x10 /opt/wonderful/thirdparty/blocksds/core/libs/libnds/lib/libnds9.a(nitrofs.c.o)
                0x0200933c                nitrofs_close
 .text.nitroFSOpenById
                0x0200934c       0x6c /opt/wonderful/thirdparty/blocksds/core/libs/libnds/lib/libnds9.a(nitrofs.c.o)
                0x0200934c                nitroFSOpenById
 .text.nitrofs_open
                0x020093b8       0x4c /opt/wonderful/thirdparty/blocksds/core/libs/libnds/lib/libnds9.a(nitrofs.c.o)
                0x020093b8                nitrofs_open
 .text.nitroFSInit
                0x02009404      0x1b8 /opt/wonderful/thirdparty/blocksds/core/libs/libnds/lib/libnds9.a(nitrofs.c.o)
                0x02009404                nitroFSInit
 .text.cache_initialized
                0x020095bc       0x10 /opt/wonderful/thirdparty/blocksds/core/libs/libnds/lib/libnds9.a(cache.c.o)
                0x020095bc                cache_initialized
 .text.cache_deinit
                0x020095cc       0x38 /opt/wonderful/thirdparty/blocksds/core/libs/libnds/lib/libnds9.a(cache.c.o)
                0x020095cc                cache_deinit
 .text.cache_init
                0x02009604       0xac /opt/wonderful/thirdparty/blocksds/core/libs/libnds/lib/libnds9.a(cache.c.o)
                0x02009604                cache_init
 .text.cache_sector_get
                0x020096b0       0x70 /opt/wonderful/thirdparty/blocksds/core/libs/libnds/lib/libnds9.a(cache.c.o)
                0x020096b0                cache_sector_get
 .text.cache_sector_add
                0x02009720       0xb0 /opt/wonderful/thirdparty/blocksds/core/libs/libnds/lib/libnds9.a(cache.c.o)
                0x02009720                cache_sector_add
 .text.cache_sector_invalidate
                0x020097d0       0x4c /opt/wonderful/thirdparty/blocksds/core/libs/libnds/lib/libnds9.a(cache.c.o)
                0x020097d0                cache_sector_invalidate
 .text.chdir    0x0200981c      0x11c /opt/wonderful/thirdparty/blocksds/core/libs/libnds/lib/libnds9.a(chdir.c.o)
                0x0200981c                chdir
 .text.build_argv
                0x02009938       0x58 /opt/wonderful/thirdparty/blocksds/core/libs/libnds/lib/libnds9.a(crt0_argv.c.o)
                0x02009938                build_argv
 .text.newRow   0x02009990       0x88 /opt/wonderful/thirdparty/blocksds/core/libs/libnds/lib/libnds9.a(console.c.o)
 .text.consolePrintChar.part.0
                0x02009a18      0x100 /opt/wonderful/thirdparty/blocksds/core/libs/libnds/lib/libnds9.a(console.c.o)
 .text.consolePrintChar
                0x02009b18       0x2c /opt/wonderful/thirdparty/blocksds/core/libs/libnds/lib/libnds9.a(console.c.o)
                0x02009b18                consolePrintChar
 .text.con_write
                0x02009b44      0x330 /opt/wonderful/thirdparty/blocksds/core/libs/libnds/lib/libnds9.a(console.c.o)
 .text.consoleLoadFont
                0x02009e74      0x24c /opt/wonderful/thirdparty/blocksds/core/libs/libnds/lib/libnds9.a(console.c.o)
                0x02009e74                consoleLoadFont
 .text.consoleInitEx
                0x0200a0c0      0x19c /opt/wonderful/thirdparty/blocksds/core/libs/libnds/lib/libnds9.a(console.c.o)
                0x0200a0c0                consoleInitEx
 .text.consoleDemoInit
                0x0200a25c       0x48 /opt/wonderful/thirdparty/blocksds/core/libs/libnds/lib/libnds9.a(console.c.o)
                0x0200a25c                consoleDemoInit
 .text.consoleSetCursor
                0x0200a2a4       0x24 /opt/wonderful/thirdparty/blocksds/core/libs/libnds/lib/libnds9.a(console.c.o)
                0x0200a2a4                consoleSetCursor
 .text.consoleSetColor
                0x0200a2c8       0x18 /opt/wonderful/thirdparty/blocksds/core/libs/libnds/lib/libnds9.a(console.c.o)
                0x0200a2c8                consoleSetColor
 .text.consoleArm7Flush
                0x0200a2e0       0x90 /opt/wonderful/thirdparty/blocksds/core/libs/libnds/lib/libnds9.a(console.c.o)
                0x0200a2e0                consoleArm7Flush
 .text.fifo_buffer_wait_block
                0x0200a370       0x74 /opt/wonderful/thirdparty/blocksds/core/libs/libnds/lib/libnds9.a(fifosystem.c.o)
 .text.fifoFillTxFifoFromBuffer
                0x0200a3e4       0xa0 /opt/wonderful/thirdparty/blocksds/core/libs/libnds/lib/libnds9.a(fifosystem.c.o)
 .text.fifoInternalSendInterrupt
                0x0200a484        0x8 /opt/wonderful/thirdparty/blocksds/core/libs/libnds/lib/libnds9.a(fifosystem.c.o)
 .text.fifoInternalSend
                0x0200a48c       0xd8 /opt/wonderful/thirdparty/blocksds/core/libs/libnds/lib/libnds9.a(fifosystem.c.o)
 .text.fifoSendValue32
                0x0200a564       0x3c /opt/wonderful/thirdparty/blocksds/core/libs/libnds/lib/libnds9.a(fifosystem.c.o)
                0x0200a564                fifoSendValue32
 .text.fifoSendDatamsg
                0x0200a5a0       0x84 /opt/wonderful/thirdparty/blocksds/core/libs/libnds/lib/libnds9.a(fifosystem.c.o)
                0x0200a5a0                fifoSendDatamsg
 .text.fifoGetDatamsg
                0x0200a624       0xe0 /opt/wonderful/thirdparty/blocksds/core/libs/libnds/lib/libnds9.a(fifosystem.c.o)
                0x0200a624                fifoGetDatamsg
 .text.fifoReadRxFifoAndProcessBuffer
                0x0200a704      0x344 /opt/wonderful/thirdparty/blocksds/core/libs/libnds/lib/libnds9.a(fifosystem.c.o)
 .text.fifoGetAddress
                0x0200aa48       0x7c /opt/wonderful/thirdparty/blocksds/core/libs/libnds/lib/libnds9.a(fifosystem.c.o)
                0x0200aa48                fifoGetAddress
 .text.fifoGetValue32
                0x0200aac4       0x7c /opt/wonderful/thirdparty/blocksds/core/libs/libnds/lib/libnds9.a(fifosystem.c.o)
                0x0200aac4                fifoGetValue32
 .text.fifoInternalRecvInterrupt
                0x0200ab40        0x8 /opt/wonderful/thirdparty/blocksds/core/libs/libnds/lib/libnds9.a(fifosystem.c.o)
 .text.fifoSetValue32Handler
                0x0200ab48       0x80 /opt/wonderful/thirdparty/blocksds/core/libs/libnds/lib/libnds9.a(fifosystem.c.o)
                0x0200ab48                fifoSetValue32Handler
 .text.fifoSetDatamsgHandler
                0x0200abc8       0xa8 /opt/wonderful/thirdparty/blocksds/core/libs/libnds/lib/libnds9.a(fifosystem.c.o)
                0x0200abc8                fifoSetDatamsgHandler
 .text.fifoCheckAddress
                0x0200ac70       0x34 /opt/wonderful/thirdparty/blocksds/core/libs/libnds/lib/libnds9.a(fifosystem.c.o)
                0x0200ac70                fifoCheckAddress
 .text.fifoCheckValue32
                0x0200aca4       0x34 /opt/wonderful/thirdparty/blocksds/core/libs/libnds/lib/libnds9.a(fifosystem.c.o)
                0x0200aca4                fifoCheckValue32
 .text.fifoInit
                0x0200acd8      0x138 /opt/wonderful/thirdparty/blocksds/core/libs/libnds/lib/libnds9.a(fifosystem.c.o)
                0x0200acd8                fifoInit
 .text.fifoMutexAcquire
                0x0200ae10       0x30 /opt/wonderful/thirdparty/blocksds/core/libs/libnds/lib/libnds9.a(fifosystem.c.o)
                0x0200ae10                fifoMutexAcquire
 .text.fifoMutexRelease
                0x0200ae40       0x14 /opt/wonderful/thirdparty/blocksds/core/libs/libnds/lib/libnds9.a(fifosystem.c.o)
                0x0200ae40                fifoMutexRelease
 .text.irqSet   0x0200ae54       0x90 /opt/wonderful/thirdparty/blocksds/core/libs/libnds/lib/libnds9.a(interrupts.c.o)
                0x0200ae54                irqSet
 .text.irqInit  0x0200aee4       0x44 /opt/wonderful/thirdparty/blocksds/core/libs/libnds/lib/libnds9.a(interrupts.c.o)
                0x0200aee4                irqInit
 .text.irqEnable
                0x0200af28       0x64 /opt/wonderful/thirdparty/blocksds/core/libs/libnds/lib/libnds9.a(interrupts.c.o)
                0x0200af28                irqEnable
 .text.systemErrorExit
                0x0200af8c        0x4 /opt/wonderful/thirdparty/blocksds/core/libs/libnds/lib/libnds9.a(exit.c.o)
                0x0200af8c                systemErrorExit
 .text.__libnds_exit
                0x0200af90        0x8 /opt/wonderful/thirdparty/blocksds/core/libs/libnds/lib/libnds9.a(exit.c.o)
                0x0200af90                __libnds_exit
 .text._exit    0x0200af98       0x88 /opt/wonderful/thirdparty/blocksds/core/libs/libnds/lib/libnds9.a(exit.c.o)
                0x0200af98                _exit
 .text.sbrk     0x0200b020       0x44 /opt/wonderful/thirdparty/blocksds/core/libs/libnds/lib/libnds9.a(sbrk.c.o)
                0x0200b020                sbrk
 .text.cothread_delete_internal
                0x0200b064       0xa0 /opt/wonderful/thirdparty/blocksds/core/libs/libnds/lib/libnds9.a(threads.c.o)
 .text.cothread_main
                0x0200b104       0x18 /opt/wonderful/thirdparty/blocksds/core/libs/libnds/lib/libnds9.a(threads.c.o)
                0x0200b104                cothread_main
 .text.cothread_yield
                0x0200b11c       0x20 /opt/wonderful/thirdparty/blocksds/core/libs/libnds/lib/libnds9.a(threads.c.o)
                0x0200b11c                cothread_yield
 .text.cothread_yield_irq
                0x0200b13c       0xa8 /opt/wonderful/thirdparty/blocksds/core/libs/libnds/lib/libnds9.a(threads.c.o)
                0x0200b13c                cothread_yield_irq
 .text.cothread_start
                0x0200b1e4      0x114 /opt/wonderful/thirdparty/blocksds/core/libs/libnds/lib/libnds9.a(threads.c.o)
                0x0200b1e4                cothread_start
 .text.setExceptionHandler
                0x0200b2f8       0x18 /opt/wonderful/thirdparty/blocksds/core/libs/libnds/lib/libnds9.a(exceptions.c.o)
                0x0200b2f8                setExceptionHandler
 .text.libndsCrash
                0x0200b310        0xc /opt/wonderful/thirdparty/blocksds/core/libs/libnds/lib/libnds9.a(exceptions.c.o)
                0x0200b310                libndsCrash
 .text.cardPolledTransfer
                0x0200b31c       0x5c /opt/wonderful/thirdparty/blocksds/core/libs/libnds/lib/libnds9.a(card.c.o)
                0x0200b31c                cardPolledTransfer
 .text.cardRead
                0x0200b378      0x190 /opt/wonderful/thirdparty/blocksds/core/libs/libnds/lib/libnds9.a(card.c.o)
                0x0200b378                cardRead
 .text.get_ldnumber
                0x0200b508       0xdc /opt/wonderful/thirdparty/blocksds/core/libs/libnds/lib/libnds9.a(ff.c.o)
 .text.put_utf  0x0200b5e4       0xfc /opt/wonderful/thirdparty/blocksds/core/libs/libnds/lib/libnds9.a(ff.c.o)
 .text.get_fileinfo
                0x0200b6e0      0x190 /opt/wonderful/thirdparty/blocksds/core/libs/libnds/lib/libnds9.a(ff.c.o)
 .text.dir_clear
                0x0200b870      0x10c /opt/wonderful/thirdparty/blocksds/core/libs/libnds/lib/libnds9.a(ff.c.o)
 .text.unlock_volume.part.0.isra.0
                0x0200b97c        0x8 /opt/wonderful/thirdparty/blocksds/core/libs/libnds/lib/libnds9.a(ff.c.o)
 .text.sync_fs  0x0200b984       0xb8 /opt/wonderful/thirdparty/blocksds/core/libs/libnds/lib/libnds9.a(ff.c.o)
 .text.move_window
                0x0200ba3c       0x78 /opt/wonderful/thirdparty/blocksds/core/libs/libnds/lib/libnds9.a(ff.c.o)
 .text.put_fat.part.0
                0x0200bab4      0x10c /opt/wonderful/thirdparty/blocksds/core/libs/libnds/lib/libnds9.a(ff.c.o)
 .text.get_fat.isra.0
                0x0200bbc0       0xb8 /opt/wonderful/thirdparty/blocksds/core/libs/libnds/lib/libnds9.a(ff.c.o)
 .text.remove_chain
                0x0200bc78       0x84 /opt/wonderful/thirdparty/blocksds/core/libs/libnds/lib/libnds9.a(ff.c.o)
 .text.create_chain
                0x0200bcfc      0x124 /opt/wonderful/thirdparty/blocksds/core/libs/libnds/lib/libnds9.a(ff.c.o)
 .text.dir_next
                0x0200be20       0xd4 /opt/wonderful/thirdparty/blocksds/core/libs/libnds/lib/libnds9.a(ff.c.o)
 .text.dir_sdi  0x0200bef4       0x9c /opt/wonderful/thirdparty/blocksds/core/libs/libnds/lib/libnds9.a(ff.c.o)
 .text.dir_find
                0x0200bf90      0x1d0 /opt/wonderful/thirdparty/blocksds/core/libs/libnds/lib/libnds9.a(ff.c.o)
 .text.follow_path
                0x0200c160      0x4cc /opt/wonderful/thirdparty/blocksds/core/libs/libnds/lib/libnds9.a(ff.c.o)
 .text.dir_register
                0x0200c62c      0x340 /opt/wonderful/thirdparty/blocksds/core/libs/libnds/lib/libnds9.a(ff.c.o)
 .text.validate
                0x0200c96c       0x58 /opt/wonderful/thirdparty/blocksds/core/libs/libnds/lib/libnds9.a(ff.c.o)
 .text.check_fs
                0x0200c9c4      0x150 /opt/wonderful/thirdparty/blocksds/core/libs/libnds/lib/libnds9.a(ff.c.o)
 .text.mount_volume
                0x0200cb14      0x348 /opt/wonderful/thirdparty/blocksds/core/libs/libnds/lib/libnds9.a(ff.c.o)
 .text.f_mount  0x0200ce5c       0x94 /opt/wonderful/thirdparty/blocksds/core/libs/libnds/lib/libnds9.a(ff.c.o)
                0x0200ce5c                libnds_f_mount
 .text.f_open   0x0200cef0      0x2c0 /opt/wonderful/thirdparty/blocksds/core/libs/libnds/lib/libnds9.a(ff.c.o)
                0x0200cef0                libnds_f_open
 .text.f_read   0x0200d1b0      0x298 /opt/wonderful/thirdparty/blocksds/core/libs/libnds/lib/libnds9.a(ff.c.o)
                0x0200d1b0                libnds_f_read
 .text.f_write  0x0200d448      0x2ec /opt/wonderful/thirdparty/blocksds/core/libs/libnds/lib/libnds9.a(ff.c.o)
                0x0200d448                libnds_f_write
 .text.f_sync   0x0200d734       0xd8 /opt/wonderful/thirdparty/blocksds/core/libs/libnds/lib/libnds9.a(ff.c.o)
                0x0200d734                libnds_f_sync
 .text.f_close  0x0200d80c       0x30 /opt/wonderful/thirdparty/blocksds/core/libs/libnds/lib/libnds9.a(ff.c.o)
                0x0200d80c                libnds_f_close
 .text.f_chdrive
                0x0200d83c       0x24 /opt/wonderful/thirdparty/blocksds/core/libs/libnds/lib/libnds9.a(ff.c.o)
                0x0200d83c                libnds_f_chdrive
 .text.f_chdir  0x0200d860       0xb0 /opt/wonderful/thirdparty/blocksds/core/libs/libnds/lib/libnds9.a(ff.c.o)
                0x0200d860                libnds_f_chdir
 .text.f_lseek  0x0200d910      0x310 /opt/wonderful/thirdparty/blocksds/core/libs/libnds/lib/libnds9.a(ff.c.o)
                0x0200d910                libnds_f_lseek
 .text.f_stat   0x0200dc20       0xd8 /opt/wonderful/thirdparty/blocksds/core/libs/libnds/lib/libnds9.a(ff.c.o)
                0x0200dc20                libnds_f_stat
 .text.CP15_FlushICache
                0x0200dcf8        0xc /opt/wonderful/thirdparty/blocksds/core/libs/libnds/lib/libnds9.a(cp15.s.o)
                0x0200dcf8                CP15_FlushICache
 .text.CP15_FlushDCache
                0x0200dd04        0xc /opt/wonderful/thirdparty/blocksds/core/libs/libnds/lib/libnds9.a(cp15.s.o)
                0x0200dd04                CP15_FlushDCache
 .text.CP15_CleanAndFlushDCache
                0x0200dd10       0x34 /opt/wonderful/thirdparty/blocksds/core/libs/libnds/lib/libnds9.a(cp15.s.o)
                0x0200dd10                CP15_CleanAndFlushDCache
 .text.__ndsabi_coro_resume
                0x0200dd44       0x18 /opt/wonderful/thirdparty/blocksds/core/libs/libnds/lib/libnds9.a(coroutine.s.o)
                0x0200dd44                __ndsabi_coro_resume
 .text.__ndsabi_coro_yield
                0x0200dd5c       0x1c /opt/wonderful/thirdparty/blocksds/core/libs/libnds/lib/libnds9.a(coroutine.s.o)
                0x0200dd5c                __ndsabi_coro_yield
 .text.__ndsabi_coro_pop_noctx
                0x0200dd78       0x34 /opt/wonderful/thirdparty/blocksds/core/libs/libnds/lib/libnds9.a(coroutine.s.o)
                0x0200dd78                __ndsabi_coro_pop_noctx
 .text.__aeabi_read_tp
                0x0200ddac        0xc /opt/wonderful/thirdparty/blocksds/core/libs/libnds/lib/libnds9.a(aeabi_read_tp.s.o)
                0x0200ddac                __aeabi_read_tp
 .text.enterException
                0x0200ddb8       0xd4 /opt/wonderful/thirdparty/blocksds/core/libs/libnds/lib/libnds9.a(exceptionHandler.s.o)
                0x0200ddb8                enterException
                0x0200de2c                exceptionC
                0x0200de30                exceptionStack
                0x0200de34                exceptionRegisters
 .text.systemValueHandler
                0x0200de8c       0xc4 /opt/wonderful/thirdparty/blocksds/core/libs/libnds/lib/libnds9.a(system.c.o)
                0x0200de8c                systemValueHandler
 .text.systemMsgHandler
                0x0200df50       0x2c /opt/wonderful/thirdparty/blocksds/core/libs/libnds/lib/libnds9.a(system.c.o)
                0x0200df50                systemMsgHandler
 .text.powerOn  0x0200df7c       0x2c /opt/wonderful/thirdparty/blocksds/core/libs/libnds/lib/libnds9.a(system.c.o)
                0x0200df7c                powerOn
 .text.memBufferIsInMainRam
                0x0200dfa8       0x1c /opt/wonderful/thirdparty/blocksds/core/libs/libnds/lib/libnds9.a(system.c.o)
                0x0200dfa8                memBufferIsInMainRam
 .text.releaseCrashHandler
                0x0200dfc4       0x7c /opt/wonderful/thirdparty/blocksds/core/libs/libnds/lib/libnds9.a(exceptions.c.o)
 .text.exceptionStatePrint
                0x0200e040       0xf4 /opt/wonderful/thirdparty/blocksds/core/libs/libnds/lib/libnds9.a(exceptions.c.o)
                0x0200e040                exceptionStatePrint
 .text.releaseExceptionHandler
                0x0200e134       0x10 /opt/wonderful/thirdparty/blocksds/core/libs/libnds/lib/libnds9.a(exceptions.c.o)
                0x0200e134                releaseExceptionHandler
 .text.oamAllocReset
                0x0200e144       0x1c /opt/wonderful/thirdparty/blocksds/core/libs/libnds/lib/libnds9.a(sprite_alloc.c.o)
                0x0200e144                oamAllocReset
 .text.checkIfText
                0x0200e160       0x6c /opt/wonderful/thirdparty/blocksds/core/libs/libnds/lib/libnds9.a(background.c.o)
                0x0200e160                checkIfText
 .text.bgUpdate
                0x0200e1cc       0xe8 /opt/wonderful/thirdparty/blocksds/core/libs/libnds/lib/libnds9.a(background.c.o)
                0x0200e1cc                bgUpdate
 .text.bgInit_call
                0x0200e2b4       0xa8 /opt/wonderful/thirdparty/blocksds/core/libs/libnds/lib/libnds9.a(background.c.o)
                0x0200e2b4                bgInit_call
 .text.bgInitSub_call
                0x0200e35c       0xb0 /opt/wonderful/thirdparty/blocksds/core/libs/libnds/lib/libnds9.a(background.c.o)
                0x0200e35c                bgInitSub_call
 .text.cardReadArm7
                0x0200e40c       0x74 /opt/wonderful/thirdparty/blocksds/core/libs/libnds/lib/libnds9.a(card.c.o)
                0x0200e40c                cardReadArm7
 .text.dldi_arm7_read_sectors
                0x0200e480       0x64 /opt/wonderful/thirdparty/blocksds/core/libs/libnds/lib/libnds9.a(dldi.c.o)
 .text.dldi_arm7_shutdown
                0x0200e4e4       0x3c /opt/wonderful/thirdparty/blocksds/core/libs/libnds/lib/libnds9.a(dldi.c.o)
 .text.dldi_arm7_clear_status
                0x0200e520       0x3c /opt/wonderful/thirdparty/blocksds/core/libs/libnds/lib/libnds9.a(dldi.c.o)
 .text.dldi_arm7_is_inserted
                0x0200e55c       0x3c /opt/wonderful/thirdparty/blocksds/core/libs/libnds/lib/libnds9.a(dldi.c.o)
 .text.dldi_arm7_startup
                0x0200e598       0x50 /opt/wonderful/thirdparty/blocksds/core/libs/libnds/lib/libnds9.a(dldi.c.o)
 .text.dldi_arm7_write_sectors
                0x0200e5e8       0x64 /opt/wonderful/thirdparty/blocksds/core/libs/libnds/lib/libnds9.a(dldi.c.o)
 .text.dldiGetMode
                0x0200e64c        0xc /opt/wonderful/thirdparty/blocksds/core/libs/libnds/lib/libnds9.a(dldi.c.o)
                0x0200e64c                dldiGetMode
 .text.dldiGetInternal
                0x0200e658       0xac /opt/wonderful/thirdparty/blocksds/core/libs/libnds/lib/libnds9.a(dldi.c.o)
                0x0200e658                dldiGetInternal
 .text.dldiGetStubDataEnd
                0x0200e704       0x1c /opt/wonderful/thirdparty/blocksds/core/libs/libnds/lib/libnds9.a(dldi.c.o)
                0x0200e704                dldiGetStubDataEnd
 .text.dldiGetStubEnd
                0x0200e720        0x8 /opt/wonderful/thirdparty/blocksds/core/libs/libnds/lib/libnds9.a(dldi.c.o)
                0x0200e720                dldiGetStubEnd
 .text.__sassert
                0x0200e728       0x90 /opt/wonderful/thirdparty/blocksds/core/libs/libnds/lib/libnds9.a(sassert.c.o)
                0x0200e728                __sassert
 .text.putc_buffered
                0x0200e7b8       0x94 /opt/wonderful/thirdparty/blocksds/core/libs/libnds/lib/libnds9.a(iob.c.o)
 .text.stderr_putc_buffered
                0x0200e84c       0x20 /opt/wonderful/thirdparty/blocksds/core/libs/libnds/lib/libnds9.a(iob.c.o)
 .text.stdin_getc_keyboard
                0x0200e86c       0xf0 /opt/wonderful/thirdparty/blocksds/core/libs/libnds/lib/libnds9.a(iob.c.o)
 .text.stdout_putc_buffered
                0x0200e95c       0x40 /opt/wonderful/thirdparty/blocksds/core/libs/libnds/lib/libnds9.a(iob.c.o)
 .text.disk_status
                0x0200e99c       0x4c /opt/wonderful/thirdparty/blocksds/core/libs/libnds/lib/libnds9.a(diskio.c.o)
                0x0200e99c                libnds_disk_status
 .text.disk_initialize
                0x0200e9e8       0x64 /opt/wonderful/thirdparty/blocksds/core/libs/libnds/lib/libnds9.a(diskio.c.o)
                0x0200e9e8                libnds_disk_initialize
 .text.disk_read
                0x0200ea4c      0x114 /opt/wonderful/thirdparty/blocksds/core/libs/libnds/lib/libnds9.a(diskio.c.o)
                0x0200ea4c                libnds_disk_read
 .text.disk_write
                0x0200eb60       0xbc /opt/wonderful/thirdparty/blocksds/core/libs/libnds/lib/libnds9.a(diskio.c.o)
                0x0200eb60                libnds_disk_write
 .text.disk_ioctl
                0x0200ec1c       0x38 /opt/wonderful/thirdparty/blocksds/core/libs/libnds/lib/libnds9.a(diskio.c.o)
                0x0200ec1c                libnds_disk_ioctl
 .text.get_fattime
                0x0200ec54       0x1c /opt/wonderful/thirdparty/blocksds/core/libs/libnds/lib/libnds9.a(diskio.c.o)
                0x0200ec54                libnds_ff_get_fattime
 .text.ff_mutex_create
                0x0200ec70       0x10 /opt/wonderful/thirdparty/blocksds/core/libs/libnds/lib/libnds9.a(ffsystem.c.o)
                0x0200ec70                libnds_ff_mutex_create
 .text.ff_mutex_delete
                0x0200ec80        0x4 /opt/wonderful/thirdparty/blocksds/core/libs/libnds/lib/libnds9.a(ffsystem.c.o)
                0x0200ec80                libnds_ff_mutex_delete
 .text.ff_mutex_take
                0x0200ec84       0x1c /opt/wonderful/thirdparty/blocksds/core/libs/libnds/lib/libnds9.a(ffsystem.c.o)
                0x0200ec84                libnds_ff_mutex_take
 .text.ff_mutex_give
                0x0200eca0       0x10 /opt/wonderful/thirdparty/blocksds/core/libs/libnds/lib/libnds9.a(ffsystem.c.o)
                0x0200eca0                libnds_ff_mutex_give
 .text.keyboardShiftState.part.0
                0x0200ecb0       0x78 /opt/wonderful/thirdparty/blocksds/core/libs/libnds/lib/libnds9.a(keyboard.c.o)
 .text.swapKeyGfx.part.0
                0x0200ed28      0x134 /opt/wonderful/thirdparty/blocksds/core/libs/libnds/lib/libnds9.a(keyboard.c.o)
 .text.keyboardGetKey
                0x0200ee5c       0x64 /opt/wonderful/thirdparty/blocksds/core/libs/libnds/lib/libnds9.a(keyboard.c.o)
                0x0200ee5c                keyboardGetKey
 .text.keyboardUpdate
                0x0200eec0      0x11c /opt/wonderful/thirdparty/blocksds/core/libs/libnds/lib/libnds9.a(keyboard.c.o)
                0x0200eec0                keyboardUpdate
 .text.keyboardShow
                0x0200efdc      0x140 /opt/wonderful/thirdparty/blocksds/core/libs/libnds/lib/libnds9.a(keyboard.c.o)
                0x0200efdc                keyboardShow
 .text.keyboardHide
                0x0200f11c       0x90 /opt/wonderful/thirdparty/blocksds/core/libs/libnds/lib/libnds9.a(keyboard.c.o)
                0x0200f11c                keyboardHide
 .text.__ndsabi_coro_make_noctx
                0x0200f1ac       0x28 /opt/wonderful/thirdparty/blocksds/core/libs/libnds/lib/libnds9.a(coroutine.c.o)
                0x0200f1ac                __ndsabi_coro_make_noctx
 .text.__retarget_lock_acquire_recursive
                0x0200f1d4       0x3c /opt/wonderful/thirdparty/blocksds/core/libs/libnds/lib/libnds9.a(locks.c.o)
                0x0200f1d4                __retarget_lock_acquire_recursive
 .text.__retarget_lock_release_recursive
                0x0200f210       0x4c /opt/wonderful/thirdparty/blocksds/core/libs/libnds/lib/libnds9.a(locks.c.o)
                0x0200f210                __retarget_lock_release_recursive
 .text.__retarget_lock_init
                0x0200f25c       0x40 /opt/wonderful/thirdparty/blocksds/core/libs/libnds/lib/libnds9.a(locks.c.o)
                0x0200f25c                __retarget_lock_init
 .text.__retarget_lock_close
                0x0200f29c       0x30 /opt/wonderful/thirdparty/blocksds/core/libs/libnds/lib/libnds9.a(locks.c.o)
                0x0200f29c                __retarget_lock_close
 .text.__retarget_lock_acquire
                0x0200f2cc        0x8 /opt/wonderful/thirdparty/blocksds/core/libs/libnds/lib/libnds9.a(locks.c.o)
                0x0200f2cc                __retarget_lock_acquire
 .text.__retarget_lock_release
                0x0200f2d4       0x4c /opt/wonderful/thirdparty/blocksds/core/libs/libnds/lib/libnds9.a(locks.c.o)
                0x0200f2d4                __retarget_lock_release
 .text.ff_uni2oem
                0x0200f320       0x44 /opt/wonderful/thirdparty/blocksds/core/libs/libnds/lib/libnds9.a(ffunicode.c.o)
                0x0200f320                libnds_ff_uni2oem
 .text.ff_oem2uni
                0x0200f364       0x28 /opt/wonderful/thirdparty/blocksds/core/libs/libnds/lib/libnds9.a(ffunicode.c.o)
                0x0200f364                libnds_ff_oem2uni
 .text.ff_wtoupper
                0x0200f38c       0xcc /opt/wonderful/thirdparty/blocksds/core/libs/libnds/lib/libnds9.a(ffunicode.c.o)
                0x0200f38c                libnds_ff_wtoupper
 .text.getCPSR  0x0200f458        0x8 /opt/wonderful/thirdparty/blocksds/core/libs/libnds/lib/libnds9.a(cpu.s.o)
                0x0200f458                getCPSR
 .text.calloc   0x0200f460       0xb4 /opt/wonderful/toolchain/gcc-arm-none-eabi/lib/gcc/arm-none-eabi/15.2.0/../../../../arm-none-eabi/lib/thumb/arm946e-s/libc.a(malloc-calloc.c.o)
                0x0200f460                calloc
 .text.malloc_trim
                0x0200f514       0x9c /opt/wonderful/toolchain/gcc-arm-none-eabi/lib/gcc/arm-none-eabi/15.2.0/../../../../arm-none-eabi/lib/thumb/arm946e-s/libc.a(malloc-free.c.o)
                0x0200f514                malloc_trim
 .text.free     0x0200f5b0      0x164 /opt/wonderful/toolchain/gcc-arm-none-eabi/lib/gcc/arm-none-eabi/15.2.0/../../../../arm-none-eabi/lib/thumb/arm946e-s/libc.a(malloc-free.c.o)
                0x0200f5b0                __malloc_free
                0x0200f5b0                free
 .text.malloc   0x0200f714      0x434 /opt/wonderful/toolchain/gcc-arm-none-eabi/lib/gcc/arm-none-eabi/15.2.0/../../../../arm-none-eabi/lib/thumb/arm946e-s/libc.a(malloc-malloc.c.o)
                0x0200f714                malloc
 .text.realloc  0x0200fb48      0x32c /opt/wonderful/toolchain/gcc-arm-none-eabi/lib/gcc/arm-none-eabi/15.2.0/../../../../arm-none-eabi/lib/thumb/arm946e-s/libc.a(malloc-realloc.c.o)
                0x0200fb48                realloc
 .text.__libc_init_array
                0x0200fe74       0x1c /opt/wonderful/toolchain/gcc-arm-none-eabi/lib/gcc/arm-none-eabi/15.2.0/../../../../arm-none-eabi/lib/thumb/arm946e-s/libc.a(libc_misc_init.c.o)
                0x0200fe74                __libc_init_array
 .text.rand     0x0200fe90        0xc /opt/wonderful/toolchain/gcc-arm-none-eabi/lib/gcc/arm-none-eabi/15.2.0/../../../../arm-none-eabi/lib/thumb/arm946e-s/libc.a(libc_stdlib_rand.c.o)
                0x0200fe90                rand
 .text.random   0x0200fe9c       0x34 /opt/wonderful/toolchain/gcc-arm-none-eabi/lib/gcc/arm-none-eabi/15.2.0/../../../../arm-none-eabi/lib/thumb/arm946e-s/libc.a(libc_stdlib_random.c.o)
                0x0200fe9c                random
 .text.srand    0x0200fed0        0x8 /opt/wonderful/toolchain/gcc-arm-none-eabi/lib/gcc/arm-none-eabi/15.2.0/../../../../arm-none-eabi/lib/thumb/arm946e-s/libc.a(libc_stdlib_srand.c.o)
                0x0200fed0                srand
 .text.srandom  0x0200fed8       0x18 /opt/wonderful/toolchain/gcc-arm-none-eabi/lib/gcc/arm-none-eabi/15.2.0/../../../../arm-none-eabi/lib/thumb/arm946e-s/libc.a(libc_stdlib_srandom.c.o)
                0x0200fed8                srandom
 .text.exit     0x0200fef0        0xe /opt/wonderful/toolchain/gcc-arm-none-eabi/lib/gcc/arm-none-eabi/15.2.0/../../../../arm-none-eabi/lib/thumb/arm946e-s/libc.a(libc_stdlib_pico-exit.c.o)
                0x0200fef0                exit
 .text.memcmp   0x0200fefe       0x1c /opt/wonderful/toolchain/gcc-arm-none-eabi/lib/gcc/arm-none-eabi/15.2.0/../../../../arm-none-eabi/lib/thumb/arm946e-s/libc.a(libc_string_memcmp.c.o)
                0x0200fefe                memcmp
 .text.strchr   0x0200ff1a       0x1e /opt/wonderful/toolchain/gcc-arm-none-eabi/lib/gcc/arm-none-eabi/15.2.0/../../../../arm-none-eabi/lib/thumb/arm946e-s/libc.a(libc_string_strchr.c.o)
                0x0200ff1a                strchr
 .text.strdup   0x0200ff38       0x20 /opt/wonderful/toolchain/gcc-arm-none-eabi/lib/gcc/arm-none-eabi/15.2.0/../../../../arm-none-eabi/lib/thumb/arm946e-s/libc.a(libc_string_strdup.c.o)
                0x0200ff38                strdup
 .text.strncmp  0x0200ff58       0x24 /opt/wonderful/toolchain/gcc-arm-none-eabi/lib/gcc/arm-none-eabi/15.2.0/../../../../arm-none-eabi/lib/thumb/arm946e-s/libc.a(libc_string_strncmp.c.o)
                0x0200ff58                strncmp
 .text.strstr   0x0200ff7c       0x2c /opt/wonderful/toolchain/gcc-arm-none-eabi/lib/gcc/arm-none-eabi/15.2.0/../../../../arm-none-eabi/lib/thumb/arm946e-s/libc.a(libc_string_strstr.c.o)
                0x0200ff7c                strstr
 .text.localtime
                0x0200ffa8       0x18 /opt/wonderful/toolchain/gcc-arm-none-eabi/lib/gcc/arm-none-eabi/15.2.0/../../../../arm-none-eabi/lib/thumb/arm946e-s/libc.a(libc_time_lcltime.c.o)
                0x0200ffa8                localtime
 .text.localtime_r
                0x0200ffc0      0x1f8 /opt/wonderful/toolchain/gcc-arm-none-eabi/lib/gcc/arm-none-eabi/15.2.0/../../../../arm-none-eabi/lib/thumb/arm946e-s/libc.a(libc_time_lcltime_r.c.o)
                0x0200ffc0                localtime_r
 .text.time     0x020101b8       0x28 /opt/wonderful/toolchain/gcc-arm-none-eabi/lib/gcc/arm-none-eabi/15.2.0/../../../../arm-none-eabi/lib/thumb/arm946e-s/libc.a(libc_time_time.c.o)
                0x020101b8                time
 .text.__tzcalc_limits
                0x020101e0      0x178 /opt/wonderful/toolchain/gcc-arm-none-eabi/lib/gcc/arm-none-eabi/15.2.0/../../../../arm-none-eabi/lib/thumb/arm946e-s/libc.a(libc_time_tzcalc_limits.c.o)
                0x020101e0                __tzcalc_limits
 .text._tzset_unlocked
                0x02010358      0x3e0 /opt/wonderful/toolchain/gcc-arm-none-eabi/lib/gcc/arm-none-eabi/15.2.0/../../../../arm-none-eabi/lib/thumb/arm946e-s/libc.a(libc_time_tzset.c.o)
                0x02010358                _tzset_unlocked
 .text.fclose   0x02010738       0x18 /opt/wonderful/toolchain/gcc-arm-none-eabi/lib/gcc/arm-none-eabi/15.2.0/../../../../arm-none-eabi/lib/thumb/arm946e-s/libc.a(libc_tinystdio_fclose.c.o)
                0x02010738                fclose
 .text.fdopen   0x02010750       0xa4 /opt/wonderful/toolchain/gcc-arm-none-eabi/lib/gcc/arm-none-eabi/15.2.0/../../../../arm-none-eabi/lib/thumb/arm946e-s/libc.a(libc_tinystdio_fdopen.c.o)
                0x02010750                fdopen
 .text.fflush   0x020107f4       0x10 /opt/wonderful/toolchain/gcc-arm-none-eabi/lib/gcc/arm-none-eabi/15.2.0/../../../../arm-none-eabi/lib/thumb/arm946e-s/libc.a(libc_tinystdio_fflush.c.o)
                0x020107f4                fflush
 .text.fileno   0x02010804       0x10 /opt/wonderful/toolchain/gcc-arm-none-eabi/lib/gcc/arm-none-eabi/15.2.0/../../../../arm-none-eabi/lib/thumb/arm946e-s/libc.a(libc_tinystdio_fileno.c.o)
                0x02010804                fileno
 .text.fopen    0x02010814       0x2e /opt/wonderful/toolchain/gcc-arm-none-eabi/lib/gcc/arm-none-eabi/15.2.0/../../../../arm-none-eabi/lib/thumb/arm946e-s/libc.a(libc_tinystdio_fopen.c.o)
                0x02010814                fopen
 *fill*         0x02010842        0x2 ff
 .text.fread    0x02010844      0x1b8 /opt/wonderful/toolchain/gcc-arm-none-eabi/lib/gcc/arm-none-eabi/15.2.0/../../../../arm-none-eabi/lib/thumb/arm946e-s/libc.a(libc_tinystdio_fread.c.o)
                0x02010844                fread
 .text.fseek    0x020109fc       0x40 /opt/wonderful/toolchain/gcc-arm-none-eabi/lib/gcc/arm-none-eabi/15.2.0/../../../../arm-none-eabi/lib/thumb/arm946e-s/libc.a(libc_tinystdio_fseek.c.o)
                0x020109fc                fseek
 .text.fseeko   0x02010a3c       0x40 /opt/wonderful/toolchain/gcc-arm-none-eabi/lib/gcc/arm-none-eabi/15.2.0/../../../../arm-none-eabi/lib/thumb/arm946e-s/libc.a(libc_tinystdio_fseeko.c.o)
                0x02010a3c                fseeko
 .text.ftell    0x02010a7c       0x3c /opt/wonderful/toolchain/gcc-arm-none-eabi/lib/gcc/arm-none-eabi/15.2.0/../../../../arm-none-eabi/lib/thumb/arm946e-s/libc.a(libc_tinystdio_ftell.c.o)
                0x02010a7c                ftell
 .text.printf   0x02010ab8       0x20 /opt/wonderful/toolchain/gcc-arm-none-eabi/lib/gcc/arm-none-eabi/15.2.0/../../../../arm-none-eabi/lib/thumb/arm946e-s/libc.a(libc_tinystdio_printf.c.o)
                0x02010ab8                printf
 .text.putchar  0x02010ad8       0x10 /opt/wonderful/toolchain/gcc-arm-none-eabi/lib/gcc/arm-none-eabi/15.2.0/../../../../arm-none-eabi/lib/thumb/arm946e-s/libc.a(libc_tinystdio_putchar.c.o)
                0x02010ad8                putchar
                0x02010ad8                putchar_unlocked
 .text.puts     0x02010ae8       0x44 /opt/wonderful/toolchain/gcc-arm-none-eabi/lib/gcc/arm-none-eabi/15.2.0/../../../../arm-none-eabi/lib/thumb/arm946e-s/libc.a(libc_tinystdio_puts.c.o)
                0x02010ae8                puts
 .text.rewind   0x02010b2c       0x16 /opt/wonderful/toolchain/gcc-arm-none-eabi/lib/gcc/arm-none-eabi/15.2.0/../../../../arm-none-eabi/lib/thumb/arm946e-s/libc.a(libc_tinystdio_rewind.c.o)
                0x02010b2c                rewind
 .text.setvbuf  0x02010b42       0x18 /opt/wonderful/toolchain/gcc-arm-none-eabi/lib/gcc/arm-none-eabi/15.2.0/../../../../arm-none-eabi/lib/thumb/arm946e-s/libc.a(libc_tinystdio_setvbuf.c.o)
                0x02010b42                setvbuf
 *fill*         0x02010b5a        0x2 ff
 .text.__stdio_flags
                0x02010b5c       0x58 /opt/wonderful/toolchain/gcc-arm-none-eabi/lib/gcc/arm-none-eabi/15.2.0/../../../../arm-none-eabi/lib/thumb/arm946e-s/libc.a(libc_tinystdio_sflags.c.o)
                0x02010b5c                __stdio_flags
 .text.snprintf
                0x02010bb4       0x54 /opt/wonderful/toolchain/gcc-arm-none-eabi/lib/gcc/arm-none-eabi/15.2.0/../../../../arm-none-eabi/lib/thumb/arm946e-s/libc.a(libc_tinystdio_snprintf.c.o)
                0x02010bb4                snprintf
 .text.sscanf   0x02010c08       0x3c /opt/wonderful/toolchain/gcc-arm-none-eabi/lib/gcc/arm-none-eabi/15.2.0/../../../../arm-none-eabi/lib/thumb/arm946e-s/libc.a(libc_tinystdio_sscanf.c.o)
                0x02010c08                sscanf
 .text.strtoul  0x02010c44      0x12c /opt/wonderful/toolchain/gcc-arm-none-eabi/lib/gcc/arm-none-eabi/15.2.0/../../../../arm-none-eabi/lib/thumb/arm946e-s/libc.a(libc_tinystdio_strtoul.c.o)
                0x02010c44                strtoul
 .text.__ultoa_invert
                0x02010d70       0x52 /opt/wonderful/toolchain/gcc-arm-none-eabi/lib/gcc/arm-none-eabi/15.2.0/../../../../arm-none-eabi/lib/thumb/arm946e-s/libc.a(libc_tinystdio_vfprintf.c.o)
 *fill*         0x02010dc2        0x2 ff
 .text.skip_to_arg
                0x02010dc4      0x13c /opt/wonderful/toolchain/gcc-arm-none-eabi/lib/gcc/arm-none-eabi/15.2.0/../../../../arm-none-eabi/lib/thumb/arm946e-s/libc.a(libc_tinystdio_vfprintf.c.o)
 .text.vfprintf
                0x02010f00      0x9c4 /opt/wonderful/toolchain/gcc-arm-none-eabi/lib/gcc/arm-none-eabi/15.2.0/../../../../arm-none-eabi/lib/thumb/arm946e-s/libc.a(libc_tinystdio_vfprintf.c.o)
                0x02010f00                __d_vfprintf
                0x02010f00                vfprintf
 .text.scanf_getc
                0x020118c4       0x14 /opt/wonderful/toolchain/gcc-arm-none-eabi/lib/gcc/arm-none-eabi/15.2.0/../../../../arm-none-eabi/lib/thumb/arm946e-s/libc.a(libc_tinystdio_vfscanf.c.o)
 .text.scanf_ungetc
                0x020118d8       0x12 /opt/wonderful/toolchain/gcc-arm-none-eabi/lib/gcc/arm-none-eabi/15.2.0/../../../../arm-none-eabi/lib/thumb/arm946e-s/libc.a(libc_tinystdio_vfscanf.c.o)
 .text.skip_spaces
                0x020118ea       0x2a /opt/wonderful/toolchain/gcc-arm-none-eabi/lib/gcc/arm-none-eabi/15.2.0/../../../../arm-none-eabi/lib/thumb/arm946e-s/libc.a(libc_tinystdio_vfscanf.c.o)
 .text.putval   0x02011914       0x2a /opt/wonderful/toolchain/gcc-arm-none-eabi/lib/gcc/arm-none-eabi/15.2.0/../../../../arm-none-eabi/lib/thumb/arm946e-s/libc.a(libc_tinystdio_vfscanf.c.o)
 *fill*         0x0201193e        0x2 ff
 .text.vfscanf  0x02011940      0x990 /opt/wonderful/toolchain/gcc-arm-none-eabi/lib/gcc/arm-none-eabi/15.2.0/../../../../arm-none-eabi/lib/thumb/arm946e-s/libc.a(libc_tinystdio_vfscanf.c.o)
                0x02011940                __d_vfscanf
                0x02011940                vfscanf
 .text.vprintf  0x020122d0       0x14 /opt/wonderful/toolchain/gcc-arm-none-eabi/lib/gcc/arm-none-eabi/15.2.0/../../../../arm-none-eabi/lib/thumb/arm946e-s/libc.a(libc_tinystdio_vprintf.c.o)
                0x020122d0                vprintf
 .text.mulShift64
                0x020122e4       0x62 /opt/wonderful/toolchain/gcc-arm-none-eabi/lib/gcc/arm-none-eabi/15.2.0/../../../../arm-none-eabi/lib/thumb/arm946e-s/libc.a(libc_tinystdio_atod_ryu.c.o)
 *fill*         0x02012346        0x2 ff
 .text.__atod_engine
                0x02012348      0x158 /opt/wonderful/toolchain/gcc-arm-none-eabi/lib/gcc/arm-none-eabi/15.2.0/../../../../arm-none-eabi/lib/thumb/arm946e-s/libc.a(libc_tinystdio_atod_ryu.c.o)
                0x02012348                __atod_engine
 .text.__atof_engine
                0x020124a0      0x120 /opt/wonderful/toolchain/gcc-arm-none-eabi/lib/gcc/arm-none-eabi/15.2.0/../../../../arm-none-eabi/lib/thumb/arm946e-s/libc.a(libc_tinystdio_atof_ryu.c.o)
                0x020124a0                __atof_engine
 .text.mulShiftAll64
                0x020125c0      0x202 /opt/wonderful/toolchain/gcc-arm-none-eabi/lib/gcc/arm-none-eabi/15.2.0/../../../../arm-none-eabi/lib/thumb/arm946e-s/libc.a(libc_tinystdio_dtoa_ryu.c.o)
 *fill*         0x020127c2        0x2 ff
 .text.div10    0x020127c4       0x28 /opt/wonderful/toolchain/gcc-arm-none-eabi/lib/gcc/arm-none-eabi/15.2.0/../../../../arm-none-eabi/lib/thumb/arm946e-s/libc.a(libc_tinystdio_dtoa_ryu.c.o)
 .text.__dtoa_engine
                0x020127ec      0x4b8 /opt/wonderful/toolchain/gcc-arm-none-eabi/lib/gcc/arm-none-eabi/15.2.0/../../../../arm-none-eabi/lib/thumb/arm946e-s/libc.a(libc_tinystdio_dtoa_ryu.c.o)
                0x020127ec                __dtoa_engine
 .text.mulShift32
                0x02012ca4       0x44 /opt/wonderful/toolchain/gcc-arm-none-eabi/lib/gcc/arm-none-eabi/15.2.0/../../../../arm-none-eabi/lib/thumb/arm946e-s/libc.a(libc_tinystdio_ryu_divpow2.c.o)
 .text.__mulPow5InvDivPow2
                0x02012ce8       0x28 /opt/wonderful/toolchain/gcc-arm-none-eabi/lib/gcc/arm-none-eabi/15.2.0/../../../../arm-none-eabi/lib/thumb/arm946e-s/libc.a(libc_tinystdio_ryu_divpow2.c.o)
                0x02012ce8                __mulPow5InvDivPow2
 .text.__mulPow5divPow2
                0x02012d10       0x20 /opt/wonderful/toolchain/gcc-arm-none-eabi/lib/gcc/arm-none-eabi/15.2.0/../../../../arm-none-eabi/lib/thumb/arm946e-s/libc.a(libc_tinystdio_ryu_divpow2.c.o)
                0x02012d10                __mulPow5divPow2
 .text.__log10Pow2
                0x02012d30        0xc /opt/wonderful/toolchain/gcc-arm-none-eabi/lib/gcc/arm-none-eabi/15.2.0/../../../../arm-none-eabi/lib/thumb/arm946e-s/libc.a(libc_tinystdio_ryu_log10.c.o)
                0x02012d30                __log10Pow2
 .text.__log10Pow5
                0x02012d3c        0xc /opt/wonderful/toolchain/gcc-arm-none-eabi/lib/gcc/arm-none-eabi/15.2.0/../../../../arm-none-eabi/lib/thumb/arm946e-s/libc.a(libc_tinystdio_ryu_log10.c.o)
                0x02012d3c                __log10Pow5
 .text.__log2pow5
                0x02012d48        0xc /opt/wonderful/toolchain/gcc-arm-none-eabi/lib/gcc/arm-none-eabi/15.2.0/../../../../arm-none-eabi/lib/thumb/arm946e-s/libc.a(libc_tinystdio_ryu_log2pow5.c.o)
                0x02012d48                __log2pow5
 .text.__ceil_log2pow5
                0x02012d54       0x10 /opt/wonderful/toolchain/gcc-arm-none-eabi/lib/gcc/arm-none-eabi/15.2.0/../../../../arm-none-eabi/lib/thumb/arm946e-s/libc.a(libc_tinystdio_ryu_log2pow5.c.o)
                0x02012d54                __ceil_log2pow5
 .text.__pow5bits
                0x02012d64       0x10 /opt/wonderful/toolchain/gcc-arm-none-eabi/lib/gcc/arm-none-eabi/15.2.0/../../../../arm-none-eabi/lib/thumb/arm946e-s/libc.a(libc_tinystdio_ryu_pow5bits.c.o)
                0x02012d64                __pow5bits
 .text.__pow5Factor
                0x02012d74       0x2c /opt/wonderful/toolchain/gcc-arm-none-eabi/lib/gcc/arm-none-eabi/15.2.0/../../../../arm-none-eabi/lib/thumb/arm946e-s/libc.a(libc_tinystdio_ryu_table.c.o)
                0x02012d74                __pow5Factor
 .text.__double_computePow5
                0x02012da0      0x100 /opt/wonderful/toolchain/gcc-arm-none-eabi/lib/gcc/arm-none-eabi/15.2.0/../../../../arm-none-eabi/lib/thumb/arm946e-s/libc.a(libc_tinystdio_ryu_table.c.o)
                0x02012da0                __double_computePow5
 .text.__double_computeInvPow5
                0x02012ea0       0xfc /opt/wonderful/toolchain/gcc-arm-none-eabi/lib/gcc/arm-none-eabi/15.2.0/../../../../arm-none-eabi/lib/thumb/arm946e-s/libc.a(libc_tinystdio_ryu_table.c.o)
                0x02012ea0                __double_computeInvPow5
 .text.__umul128
                0x02012f9c       0x6c /opt/wonderful/toolchain/gcc-arm-none-eabi/lib/gcc/arm-none-eabi/15.2.0/../../../../arm-none-eabi/lib/thumb/arm946e-s/libc.a(libc_tinystdio_ryu_umul128.c.o)
                0x02012f9c                __umul128
 .text.__shiftright128
                0x02013008       0x28 /opt/wonderful/toolchain/gcc-arm-none-eabi/lib/gcc/arm-none-eabi/15.2.0/../../../../arm-none-eabi/lib/thumb/arm946e-s/libc.a(libc_tinystdio_ryu_umul128.c.o)
                0x02013008                __shiftright128
 .text.isnan    0x02013030       0x18 /opt/wonderful/toolchain/gcc-arm-none-eabi/lib/gcc/arm-none-eabi/15.2.0/../../../../arm-none-eabi/lib/thumb/arm946e-s/libc.a(libm_common_s_isnan.c.o)
                0x02013030                __isnanl
                0x02013030                isnan
                0x02013030                isnanl
                0x02013030                __isnand
 .text.memmove  0x02013048       0x26 /opt/wonderful/toolchain/gcc-arm-none-eabi/lib/gcc/arm-none-eabi/15.2.0/../../../../arm-none-eabi/lib/thumb/arm946e-s/libc.a(memmove.c.o)
                0x02013048                memmove
                0x02013048                __aeabi_memmove8
                0x02013048                __aeabi_memmove
                0x02013048                __aeabi_memmove4
 *fill*         0x0201306e        0x2 ff
 .text.__libc_fini_array
                0x02013070       0x1c /opt/wonderful/toolchain/gcc-arm-none-eabi/lib/gcc/arm-none-eabi/15.2.0/../../../../arm-none-eabi/lib/thumb/arm946e-s/libc.a(libc_misc_fini.c.o)
                0x02013070                __libc_fini_array
 .text.getenv   0x0201308c        0xa /opt/wonderful/toolchain/gcc-arm-none-eabi/lib/gcc/arm-none-eabi/15.2.0/../../../../arm-none-eabi/lib/thumb/arm946e-s/libc.a(libc_stdlib_getenv.c.o)
                0x0201308c                getenv
 *fill*         0x02013096        0x2 ff
 .text._findenv
                0x02013098       0x7c /opt/wonderful/toolchain/gcc-arm-none-eabi/lib/gcc/arm-none-eabi/15.2.0/../../../../arm-none-eabi/lib/thumb/arm946e-s/libc.a(libc_stdlib_getenv_r.c.o)
                0x02013098                _findenv
 .text.strnlen  0x02013114       0x16 /opt/wonderful/toolchain/gcc-arm-none-eabi/lib/gcc/arm-none-eabi/15.2.0/../../../../arm-none-eabi/lib/thumb/arm946e-s/libc.a(libc_string_strnlen.c.o)
                0x02013114                strnlen
 *fill*         0x0201312a        0x2 ff
 .text.__gettzinfo
                0x0201312c        0x8 /opt/wonderful/toolchain/gcc-arm-none-eabi/lib/gcc/arm-none-eabi/15.2.0/../../../../arm-none-eabi/lib/thumb/arm946e-s/libc.a(libc_time_gettzinfo.c.o)
                0x0201312c                __gettzinfo
 .text.gmtime_r
                0x02013134      0x1bc /opt/wonderful/toolchain/gcc-arm-none-eabi/lib/gcc/arm-none-eabi/15.2.0/../../../../arm-none-eabi/lib/thumb/arm946e-s/libc.a(libc_time_gmtime_r.c.o)
                0x02013134                gmtime_r
 .text.__picolibc_non_atomic_load_ungetc
                0x020132f0        0x4 /opt/wonderful/toolchain/gcc-arm-none-eabi/lib/gcc/arm-none-eabi/15.2.0/../../../../arm-none-eabi/lib/thumb/arm946e-s/libc.a(libc_tinystdio_atomic_load.c.o)
                0x020132f0                __atomic_load_ungetc
                0x020132f0                __picolibc_non_atomic_load_ungetc
 .text.__bufio_lock
                0x020132f4       0x18 /opt/wonderful/toolchain/gcc-arm-none-eabi/lib/gcc/arm-none-eabi/15.2.0/../../../../arm-none-eabi/lib/thumb/arm946e-s/libc.a(libc_tinystdio_bufio.c.o)
 .text.__bufio_flush_locked
                0x0201330c       0x66 /opt/wonderful/toolchain/gcc-arm-none-eabi/lib/gcc/arm-none-eabi/15.2.0/../../../../arm-none-eabi/lib/thumb/arm946e-s/libc.a(libc_tinystdio_bufio.c.o)
                0x0201330c                __bufio_flush_locked
 .text.__bufio_fill_locked
                0x02013372       0x2c /opt/wonderful/toolchain/gcc-arm-none-eabi/lib/gcc/arm-none-eabi/15.2.0/../../../../arm-none-eabi/lib/thumb/arm946e-s/libc.a(libc_tinystdio_bufio.c.o)
                0x02013372                __bufio_fill_locked
 .text.__bufio_flush
                0x0201339e       0x1a /opt/wonderful/toolchain/gcc-arm-none-eabi/lib/gcc/arm-none-eabi/15.2.0/../../../../arm-none-eabi/lib/thumb/arm946e-s/libc.a(libc_tinystdio_bufio.c.o)
                0x0201339e                __bufio_flush
 .text.__bufio_setdir_locked
                0x020133b8       0x1a /opt/wonderful/toolchain/gcc-arm-none-eabi/lib/gcc/arm-none-eabi/15.2.0/../../../../arm-none-eabi/lib/thumb/arm946e-s/libc.a(libc_tinystdio_bufio.c.o)
                0x020133b8                __bufio_setdir_locked
 .text.__bufio_put
                0x020133d2       0x50 /opt/wonderful/toolchain/gcc-arm-none-eabi/lib/gcc/arm-none-eabi/15.2.0/../../../../arm-none-eabi/lib/thumb/arm946e-s/libc.a(libc_tinystdio_bufio.c.o)
                0x020133d2                __bufio_put
 *fill*         0x02013422        0x2 ff
 .text.__bufio_get
                0x02013424       0x70 /opt/wonderful/toolchain/gcc-arm-none-eabi/lib/gcc/arm-none-eabi/15.2.0/../../../../arm-none-eabi/lib/thumb/arm946e-s/libc.a(libc_tinystdio_bufio.c.o)
                0x02013424                __bufio_get
 .text.__bufio_seek
                0x02013494       0x6a /opt/wonderful/toolchain/gcc-arm-none-eabi/lib/gcc/arm-none-eabi/15.2.0/../../../../arm-none-eabi/lib/thumb/arm946e-s/libc.a(libc_tinystdio_bufio.c.o)
                0x02013494                __bufio_seek
 .text.__bufio_setvbuf
                0x020134fe       0x88 /opt/wonderful/toolchain/gcc-arm-none-eabi/lib/gcc/arm-none-eabi/15.2.0/../../../../arm-none-eabi/lib/thumb/arm946e-s/libc.a(libc_tinystdio_bufio.c.o)
                0x020134fe                __bufio_setvbuf
 .text.__bufio_close
                0x02013586       0x4a /opt/wonderful/toolchain/gcc-arm-none-eabi/lib/gcc/arm-none-eabi/15.2.0/../../../../arm-none-eabi/lib/thumb/arm946e-s/libc.a(libc_tinystdio_bufio.c.o)
                0x02013586                __bufio_close
 .text.__dtox_engine
                0x020135d0      0x12c /opt/wonderful/toolchain/gcc-arm-none-eabi/lib/gcc/arm-none-eabi/15.2.0/../../../../arm-none-eabi/lib/thumb/arm946e-s/libc.a(libc_tinystdio_dtox_engine.c.o)
                0x020135d0                __dtox_engine
 .text.__picolibc_non_atomic_exchange_ungetc
                0x020136fc        0x8 /opt/wonderful/toolchain/gcc-arm-none-eabi/lib/gcc/arm-none-eabi/15.2.0/../../../../arm-none-eabi/lib/thumb/arm946e-s/libc.a(libc_tinystdio_exchange.c.o)
                0x020136fc                __atomic_exchange_ungetc
                0x020136fc                __picolibc_non_atomic_exchange_ungetc
 .text.getc     0x02013704       0x44 /opt/wonderful/toolchain/gcc-arm-none-eabi/lib/gcc/arm-none-eabi/15.2.0/../../../../arm-none-eabi/lib/thumb/arm946e-s/libc.a(libc_tinystdio_fgetc.c.o)
                0x02013704                getc_unlocked
                0x02013704                getc
                0x02013704                fgetc
 .text.__file_str_get
                0x02013748       0x16 /opt/wonderful/toolchain/gcc-arm-none-eabi/lib/gcc/arm-none-eabi/15.2.0/../../../../arm-none-eabi/lib/thumb/arm946e-s/libc.a(libc_tinystdio_filestrget.c.o)
                0x02013748                __file_str_get
 .text.__file_str_put
                0x0201375e       0x10 /opt/wonderful/toolchain/gcc-arm-none-eabi/lib/gcc/arm-none-eabi/15.2.0/../../../../arm-none-eabi/lib/thumb/arm946e-s/libc.a(libc_tinystdio_filestrput.c.o)
                0x0201375e                __file_str_put
 .text.putc     0x0201376e       0x2c /opt/wonderful/toolchain/gcc-arm-none-eabi/lib/gcc/arm-none-eabi/15.2.0/../../../../arm-none-eabi/lib/thumb/arm946e-s/libc.a(libc_tinystdio_fputc.c.o)
                0x0201376e                putc_unlocked
                0x0201376e                putc
                0x0201376e                fputc
 .text.ungetc   0x0201379a       0x36 /opt/wonderful/toolchain/gcc-arm-none-eabi/lib/gcc/arm-none-eabi/15.2.0/../../../../arm-none-eabi/lib/thumb/arm946e-s/libc.a(libc_tinystdio_ungetc.c.o)
                0x0201379a                ungetc
 .text.__picolibc_non_atomic_compare_exchange_ungetc
                0x020137d0       0x12 /opt/wonderful/toolchain/gcc-arm-none-eabi/lib/gcc/arm-none-eabi/15.2.0/../../../../arm-none-eabi/lib/thumb/arm946e-s/libc.a(libc_tinystdio_compare_exchange.c.o)
                0x020137d0                __picolibc_non_atomic_compare_exchange_ungetc
                0x020137d0                __atomic_compare_exchange_ungetc
 *fill*         0x020137e2        0x2 ff
 .text.mmFlushMemoryBank
                0x020137e4       0x24 /opt/wonderful/thirdparty/blocksds/core/libs/maxmod/lib/libmm9.a(memory.c.o)
 .text.mmLoadEffect
                0x02013808       0x54 /opt/wonderful/thirdparty/blocksds/core/libs/maxmod/lib/libmm9.a(memory.c.o)
                0x02013808                mmLoadEffect
 .text.mmUnloadEffect
                0x0201385c       0x50 /opt/wonderful/thirdparty/blocksds/core/libs/maxmod/lib/libmm9.a(memory.c.o)
                0x0201385c                mmUnloadEffect
 .text.mmUnload
                0x020138ac       0x6c /opt/wonderful/thirdparty/blocksds/core/libs/maxmod/lib/libmm9.a(memory.c.o)
                0x020138ac                mmUnload
 .text.mmLoad   0x02013918       0x80 /opt/wonderful/thirdparty/blocksds/core/libs/maxmod/lib/libmm9.a(memory.c.o)
                0x02013918                mmLoad
 .text.mmInit   0x02013998       0x78 /opt/wonderful/thirdparty/blocksds/core/libs/maxmod/lib/libmm9.a(main_ds9.c.o)
                0x02013998                mmInit
 .text.mmTryToInitializeDefault
                0x02013a10       0x2c /opt/wonderful/thirdparty/blocksds/core/libs/maxmod/lib/libmm9.a(main_ds9.c.o)
                0x02013a10                mmTryToInitializeDefault
 .text.mmInitDefault
                0x02013a3c       0x4c /opt/wonderful/thirdparty/blocksds/core/libs/maxmod/lib/libmm9.a(main_ds9.c.o)
                0x02013a3c                mmInitDefault
 .text.SendString
                0x02013a88       0x14 /opt/wonderful/thirdparty/blocksds/core/libs/maxmod/lib/libmm9.a(comms_ds9.c.o)
 .text.SendCommandHwordByte
                0x02013a9c       0x1c /opt/wonderful/thirdparty/blocksds/core/libs/maxmod/lib/libmm9.a(comms_ds9.c.o)
 .text.SendCommandHword
                0x02013ab8       0x18 /opt/wonderful/thirdparty/blocksds/core/libs/maxmod/lib/libmm9.a(comms_ds9.c.o)
 .text.mmWaitForHandle
                0x02013ad0       0x2c /opt/wonderful/thirdparty/blocksds/core/libs/maxmod/lib/libmm9.a(comms_ds9.c.o)
 .text.mmReceiveMessageValue32
                0x02013afc       0x4c /opt/wonderful/thirdparty/blocksds/core/libs/maxmod/lib/libmm9.a(comms_ds9.c.o)
 .text.mmSendBank
                0x02013b48       0x1a /opt/wonderful/thirdparty/blocksds/core/libs/maxmod/lib/libmm9.a(comms_ds9.c.o)
                0x02013b48                mmSendBank
 *fill*         0x02013b62        0x2 ff
 .text.mmStart  0x02013b64       0x1c /opt/wonderful/thirdparty/blocksds/core/libs/maxmod/lib/libmm9.a(comms_ds9.c.o)
                0x02013b64                mmStart
 .text.mmSetModuleVolume
                0x02013b80       0x10 /opt/wonderful/thirdparty/blocksds/core/libs/maxmod/lib/libmm9.a(comms_ds9.c.o)
                0x02013b80                mmSetModuleVolume
 .text.mmEffect
                0x02013b90       0x12 /opt/wonderful/thirdparty/blocksds/core/libs/maxmod/lib/libmm9.a(comms_ds9.c.o)
                0x02013b90                mmEffect
 *fill*         0x02013ba2        0x2 ff
 .text.mmSetupComms
                0x02013ba4       0x18 /opt/wonderful/thirdparty/blocksds/core/libs/maxmod/lib/libmm9.a(comms_ds9.c.o)
                0x02013ba4                mmSetupComms
 .text.mmLoadDataFromSoundBank
                0x02013bbc       0xcc /opt/wonderful/thirdparty/blocksds/core/libs/maxmod/lib/libmm9.a(soundbank.c.o)
 .text.mmsHandleFileOp
                0x02013c88       0x2a /opt/wonderful/thirdparty/blocksds/core/libs/maxmod/lib/libmm9.a(soundbank.c.o)
 *fill*         0x02013cb2        0x2 ff
 .text.mmSoundBankInFiles
                0x02013cb4       0x2c /opt/wonderful/thirdparty/blocksds/core/libs/maxmod/lib/libmm9.a(soundbank.c.o)
                0x02013cb4                mmSoundBankInFiles
 .text.gettimeofday
                0x02013ce0       0x1c /opt/wonderful/thirdparty/blocksds/core/libs/libnds/lib/libnds9.a(syscalls.c.o)
                0x02013ce0                gettimeofday
 *fill*         0x02013cfc        0x4 ff
 .text.gettimeofday.__stub
                0x02013d00       0x38 linker stubs
 *(EXCLUDE_FILE(*.twl*) .gnu.warning)
 *(EXCLUDE_FILE(*.twl*) .gnu.linkonce.t*)
 *(.glue_7)
 .glue_7        0x02013d38        0x0 linker stubs
 *(.glue_7t)
 .glue_7t       0x02013d38        0x0 linker stubs
                0x02013d38                        . = ALIGN (0x4)

.vfp11_veneer   0x02013d38        0x0
 .vfp11_veneer  0x02013d38        0x0 linker stubs

.v4_bx          0x02013d38        0x0
 .v4_bx         0x02013d38        0x0 linker stubs

.iplt           0x02013d38        0x0
 .iplt          0x02013d38        0x0 /opt/wonderful/thirdparty/blocksds/core/sys/crts/ds_arm9_crt0.o

.fini           0x02013d38        0x8
 *(.fini)
 .fini          0x02013d38        0x8 /opt/wonderful/toolchain/gcc-arm-none-eabi/lib/gcc/arm-none-eabi/15.2.0/thumb/arm946e-s/crtn.o
                0x02013d40                        __text_end = .

.rodata         0x02013d40     0x1af8
 *(EXCLUDE_FILE(*.twl*) .rodata)
 .rodata        0x02013d40       0x90 /opt/wonderful/thirdparty/blocksds/external/nflib/lib/libnflib.a(nf_sprite256.c.o)
 .rodata        0x02013dd0       0x14 /opt/wonderful/thirdparty/blocksds/core/libs/libnds/lib/libnds9.a(fatfs.c.o)
 .rodata        0x02013de4       0x40 /opt/wonderful/thirdparty/blocksds/core/libs/libnds/lib/libnds9.a(exceptions.c.o)
 .rodata        0x02013e24       0x18 /opt/wonderful/toolchain/gcc-arm-none-eabi/lib/gcc/arm-none-eabi/15.2.0/../../../../arm-none-eabi/lib/thumb/arm946e-s/libc.a(libc_time_month_lengths.c.o)
                0x02013e24                __month_lengths
 .rodata        0x02013e3c        0xb /opt/wonderful/toolchain/gcc-arm-none-eabi/lib/gcc/arm-none-eabi/15.2.0/../../../../arm-none-eabi/lib/thumb/arm946e-s/libc.a(libc_tinystdio_vfscanf.c.o)
 *fill*         0x02013e47        0x1 ff
 .rodata        0x02013e48      0x340 /opt/wonderful/toolchain/gcc-arm-none-eabi/lib/gcc/arm-none-eabi/15.2.0/../../../../arm-none-eabi/lib/thumb/arm946e-s/libc.a(libc_tinystdio_ryu_table.c.o)
 .rodata        0x02014188        0x4 /opt/wonderful/toolchain/gcc-arm-none-eabi/lib/gcc/arm-none-eabi/15.2.0/../../../../arm-none-eabi/lib/thumb/arm946e-s/libc.a(libc_stdlib_environ.c.o)
 *all.rodata*(*)
 *(EXCLUDE_FILE(*.twl*) .roda)
 *(EXCLUDE_FILE(*.twl*) .rodata.*)
 .rodata._Z11init_systemv.str1.4
                0x0201418c      0x955 build/VoltorbFlip/source/engine/engineInitializer.cpp.o
                                 0x1d (size before relaxing)
 .rodata._Z8init_ramv.str1.4
                0x02014ae1        0x0 build/VoltorbFlip/source/engine/engineInitializer.cpp.o
                                 0x3e (size before relaxing)
 .rodata._Z12update_scorev.str1.4
                0x02014ae1        0x0 build/VoltorbFlip/source/media/gameGraphic.cpp.o
                                  0x5 (size before relaxing)
 .rodata._Z18init_game_graphicsv.str1.4
                0x02014ae1        0x0 build/VoltorbFlip/source/media/gameMedia.cpp.o
                                  0xa (size before relaxing)
 *fill*         0x02014ae1        0x3 ff
 .rodata._ZL10digit_font
                0x02014ae4      0x258 build/VoltorbFlip/source/media/gameMedia.cpp.o
 .rodata.NF_Load16bImgData.part.0.str1.4
                0x02014d3c        0x0 /opt/wonderful/thirdparty/blocksds/external/nflib/lib/libnflib.a(nf_bitmapbg.c.o)
                                  0xa (size before relaxing)
 .rodata.NF_Load8bitsBg.str1.4
                0x02014d3c        0x0 /opt/wonderful/thirdparty/blocksds/external/nflib/lib/libnflib.a(nf_bitmapbg.c.o)
                                 0x16 (size before relaxing)
 .rodata.NF_Unload8bitsBg.str1.4
                0x02014d3c        0x0 /opt/wonderful/thirdparty/blocksds/external/nflib/lib/libnflib.a(nf_bitmapbg.c.o)
                                  0xa (size before relaxing)
 .rodata.NF_SpriteFrame.str1.4
                0x02014d3c        0x0 /opt/wonderful/thirdparty/blocksds/external/nflib/lib/libnflib.a(nf_2d.c.o)
                                 0x15 (size before relaxing)
 .rodata.NF_Error.str1.4
                0x02014d3c        0x0 /opt/wonderful/thirdparty/blocksds/external/nflib/lib/libnflib.a(nf_basic.c.o)
                                0x408 (size before relaxing)
 .rodata.NF_Error
                0x02014d3c       0x5c /opt/wonderful/thirdparty/blocksds/external/nflib/lib/libnflib.a(nf_basic.c.o)
 .rodata.NF_SetRootFolder.str1.4
                0x02014d98        0x0 /opt/wonderful/thirdparty/blocksds/external/nflib/lib/libnflib.a(nf_basic.c.o)
                                0x256 (size before relaxing)
 .rodata.NF_FileLoad.str1.4
                0x02014d98        0x0 /opt/wonderful/thirdparty/blocksds/external/nflib/lib/libnflib.a(nf_basic.c.o)
                                  0x3 (size before relaxing)
 .rodata.NF_LoadSpriteGfx.str1.4
                0x02014d98        0x0 /opt/wonderful/thirdparty/blocksds/external/nflib/lib/libnflib.a(nf_sprite256.c.o)
                                 0x1a (size before relaxing)
 .rodata.NF_LoadSpritePal.str1.4
                0x02014d98        0x0 /opt/wonderful/thirdparty/blocksds/external/nflib/lib/libnflib.a(nf_sprite256.c.o)
                                 0x1a (size before relaxing)
 .rodata.NF_VramSpriteGfx.str1.4
                0x02014d98        0x0 /opt/wonderful/thirdparty/blocksds/external/nflib/lib/libnflib.a(nf_sprite256.c.o)
                                 0x20 (size before relaxing)
 .rodata.NF_VramSpritePal.str1.4
                0x02014d98        0x0 /opt/wonderful/thirdparty/blocksds/external/nflib/lib/libnflib.a(nf_sprite256.c.o)
                                 0x14 (size before relaxing)
 .rodata.NF_CreateSprite.str1.4
                0x02014d98        0x0 /opt/wonderful/thirdparty/blocksds/external/nflib/lib/libnflib.a(nf_sprite256.c.o)
                                 0x18 (size before relaxing)
 .rodata.SIN_LUT
                0x02014d98      0x102 /opt/wonderful/thirdparty/blocksds/core/libs/libnds/lib/libnds9.a(trig.c.o)
                0x02014d98                SIN_LUT
 *fill*         0x02014e9a        0x2 ff
 .rodata.CSWTCH.24
                0x02014e9c        0xc /opt/wonderful/thirdparty/blocksds/core/libs/libnds/lib/libnds9.a(filesystem.c.o)
 .rodata.fatGetDefaultCwd.str1.4
                0x02014ea8        0x0 /opt/wonderful/thirdparty/blocksds/core/libs/libnds/lib/libnds9.a(fatfs.c.o)
                                  0xd (size before relaxing)
 .rodata.nitrofs_use_for_path.str1.4
                0x02014ea8        0x0 /opt/wonderful/thirdparty/blocksds/core/libs/libnds/lib/libnds9.a(nitrofs.c.o)
                                  0xc (size before relaxing)
 .rodata.nitroFSInit.str1.4
                0x02014ea8        0x0 /opt/wonderful/thirdparty/blocksds/core/libs/libnds/lib/libnds9.a(nitrofs.c.o)
                                  0x2 (size before relaxing)
 .rodata.chdir.str1.4
                0x02014ea8        0x0 /opt/wonderful/thirdparty/blocksds/core/libs/libnds/lib/libnds9.a(chdir.c.o)
                                  0xb (size before relaxing)
 .rodata.con_write
                0x02014ea8      0x118 /opt/wonderful/thirdparty/blocksds/core/libs/libnds/lib/libnds9.a(console.c.o)
 .rodata.fifoReadRxFifoAndProcessBuffer.str1.4
                0x02014fc0        0x0 /opt/wonderful/thirdparty/blocksds/core/libs/libnds/lib/libnds9.a(fifosystem.c.o)
                                 0x15 (size before relaxing)
 .rodata.__func__.0
                0x02014fc0       0x19 /opt/wonderful/thirdparty/blocksds/core/libs/libnds/lib/libnds9.a(threads.c.o)
 .rodata.get_ldnumber.str1.4
                0x02014fd9        0x0 /opt/wonderful/thirdparty/blocksds/core/libs/libnds/lib/libnds9.a(ff.c.o)
                                  0x7 (size before relaxing)
 .rodata.follow_path.str1.4
                0x02014fd9        0x0 /opt/wonderful/thirdparty/blocksds/core/libs/libnds/lib/libnds9.a(ff.c.o)
                                 0x13 (size before relaxing)
 .rodata.check_fs.str1.4
                0x02014fd9        0x0 /opt/wonderful/thirdparty/blocksds/core/libs/libnds/lib/libnds9.a(ff.c.o)
                                  0x9 (size before relaxing)
 *fill*         0x02014fd9        0x3 ff
 .rodata.ExCvt  0x02014fdc       0x80 /opt/wonderful/thirdparty/blocksds/core/libs/libnds/lib/libnds9.a(ff.c.o)
 .rodata.LfnOfs
                0x0201505c        0xd /opt/wonderful/thirdparty/blocksds/core/libs/libnds/lib/libnds9.a(ff.c.o)
 *fill*         0x02015069        0x3 ff
 .rodata.default_fontTiles
                0x0201506c      0x300 /opt/wonderful/thirdparty/blocksds/core/libs/libnds/lib/libnds9.a(default_font.png.o)
                0x0201506c                default_fontTiles
 .rodata.systemValueHandler.str1.4
                0x0201536c        0x0 /opt/wonderful/thirdparty/blocksds/core/libs/libnds/lib/libnds9.a(system.c.o)
                                 0x2b (size before relaxing)
 .rodata.systemValueHandler
                0x0201536c       0x10 /opt/wonderful/thirdparty/blocksds/core/libs/libnds/lib/libnds9.a(system.c.o)
 .rodata.releaseCrashHandler.str1.4
                0x0201537c        0x0 /opt/wonderful/thirdparty/blocksds/core/libs/libnds/lib/libnds9.a(exceptions.c.o)
                                 0x33 (size before relaxing)
 .rodata.exceptionStatePrint.str1.4
                0x0201537c        0x0 /opt/wonderful/thirdparty/blocksds/core/libs/libnds/lib/libnds9.a(exceptions.c.o)
                                 0x58 (size before relaxing)
 .rodata.str1.4
                0x0201537c        0x0 /opt/wonderful/thirdparty/blocksds/core/libs/libnds/lib/libnds9.a(exceptions.c.o)
                                 0x40 (size before relaxing)
 .rodata.bgTransform
                0x0201537c       0x20 /opt/wonderful/thirdparty/blocksds/core/libs/libnds/lib/libnds9.a(background.c.o)
                0x0201537c                bgTransform
 .rodata.bgScrollTable
                0x0201539c       0x20 /opt/wonderful/thirdparty/blocksds/core/libs/libnds/lib/libnds9.a(background.c.o)
                0x0201539c                bgScrollTable
 .rodata.bgControl
                0x020153bc       0x20 /opt/wonderful/thirdparty/blocksds/core/libs/libnds/lib/libnds9.a(background.c.o)
                0x020153bc                bgControl
 .rodata.__sassert.str1.4
                0x020153dc        0x0 /opt/wonderful/thirdparty/blocksds/core/libs/libnds/lib/libnds9.a(sassert.c.o)
                                 0x73 (size before relaxing)
 .rodata.stderr
                0x020153dc        0x4 /opt/wonderful/thirdparty/blocksds/core/libs/libnds/lib/libnds9.a(iob.c.o)
                0x020153dc                stderr
 .rodata.stdout
                0x020153e0        0x4 /opt/wonderful/thirdparty/blocksds/core/libs/libnds/lib/libnds9.a(iob.c.o)
                0x020153e0                stdout
 .rodata.stdin  0x020153e4        0x4 /opt/wonderful/thirdparty/blocksds/core/libs/libnds/lib/libnds9.a(iob.c.o)
                0x020153e4                stdin
 .rodata.__retarget_lock_init_recursive.str1.4
                0x020153e8        0x0 /opt/wonderful/thirdparty/blocksds/core/libs/libnds/lib/libnds9.a(locks.c.o)