Archive member included to satisfy reference by file (symbol)

/opt/wonderful/thirdparty/blocksds/external/nflib/lib/libnflib.a(nf_bitmapbg.c.o)
                              build/VoltorbFlip/source/engine/engineInitializer.cpp.o (NF_InitBitmapBgSys)
/opt/wonderful/thirdparty/blocksds/external/nflib/lib/libnflib.a(nf_2d.c.o)
                              build/VoltorbFlip/source/engine/engineInitializer.cpp.o (NF_Set2D)
/opt/wonderful/thirdparty/blocksds/external/nflib/lib/libnflib.a(nf_basic.c.o)
                              /opt/wonderful/thirdparty/blocksds/external/nflib/lib/libnflib.a(nf_bitmapbg.c.o) (NF_Error)
/opt/wonderful/thirdparty/blocksds/external/nflib/lib/libnflib.a(nf_sprite256.c.o)
                              build/VoltorbFlip/source/engine/engineInitializer.cpp.o (NF_InitSpriteBuffers)
/opt/wonderful/thirdparty/blocksds/external/nflib/lib/libnflib.a(nf_tiledbg.c.o)
                              /opt/wonderful/thirdparty/blocksds/external/nflib/lib/libnflib.a(nf_2d.c.o) (NF_BUFFER_BGMAP)
/opt/wonderful/thirdparty/blocksds/core/libs/libnds/lib/libnds9.a(mpu_setup.s.o)
                              /opt/wonderful/thirdparty/blocksds/core/sys/crts/ds_arm9_crt0.o (__libnds_mpu_setup)
/opt/wonderful/thirdparty/blocksds/core/libs/libnds/lib/libnds9.a(dma.s.o)
                              /opt/wonderful/thirdparty/blocksds/external/nflib/lib/libnflib.a(nf_basic.c.o) (dmaSetParams)
/opt/wonderful/thirdparty/blocksds/core/libs/libnds/lib/libnds9.a(memcpy.s.o)
                              /opt/wonderful/thirdparty/blocksds/external/nflib/lib/libnflib.a(nf_bitmapbg.c.o) (memcpy)
/opt/wonderful/thirdparty/blocksds/core/libs/libnds/lib/libnds9.a(memset.s.o)
                              build/VoltorbFlip/source/game/gameStatus.cpp.o (memset)
/opt/wonderful/thirdparty/blocksds/core/libs/libnds/lib/libnds9.a(cache.c.o)
                              /opt/wonderful/thirdparty/blocksds/external/nflib/lib/libnflib.a(nf_basic.c.o) (CP15_CleanAndFlushDCacheRange)
/opt/wonderful/thirdparty/blocksds/core/libs/libnds/lib/libnds9.a(securearea.c.o)
                              /opt/wonderful/thirdparty/blocksds/core/sys/crts/ds_arm9_crt0.o (__secure_area__)
/opt/wonderful/thirdparty/blocksds/core/libs/libnds/lib/libnds9.a(initSystem.c.o)
                              /opt/wonderful/thirdparty/blocksds/core/sys/crts/ds_arm9_crt0.o (__dsimode)
/opt/wonderful/thirdparty/blocksds/core/libs/libnds/lib/libnds9.a(keys.c.o)
                              build/VoltorbFlip/source/input/gameInput.cpp.o (scanKeys)
/opt/wonderful/thirdparty/blocksds/core/libs/libnds/lib/libnds9.a(video.c.o)
                              /opt/wonderful/thirdparty/blocksds/external/nflib/lib/libnflib.a(nf_basic.c.o) (setBrightness)
/opt/wonderful/thirdparty/blocksds/core/libs/libnds/lib/libnds9.a(sprite.c.o)
                              /opt/wonderful/thirdparty/blocksds/external/nflib/lib/libnflib.a(nf_sprite256.c.o) (oamInit)
/opt/wonderful/thirdparty/blocksds/core/libs/libnds/lib/libnds9.a(sound.c.o)
                              build/VoltorbFlip/source/engine/engineInitializer.cpp.o (soundEnable)
/opt/wonderful/thirdparty/blocksds/core/libs/libnds/lib/libnds9.a(trig.c.o)
                              /opt/wonderful/thirdparty/blocksds/core/libs/libnds/lib/libnds9.a(sprite.c.o) (sinLerp)
/opt/wonderful/thirdparty/blocksds/core/libs/libnds/lib/libnds9.a(filesystem.c.o)
                              /opt/wonderful/thirdparty/blocksds/external/nflib/lib/libnflib.a(nf_basic.c.o) (access)
/opt/wonderful/thirdparty/blocksds/core/libs/libnds/lib/libnds9.a(fatfs.c.o)
                              /opt/wonderful/thirdparty/blocksds/core/libs/libnds/lib/libnds9.a(filesystem.c.o) (fatfs_error_to_posix)
/opt/wonderful/thirdparty/blocksds/core/libs/libnds/lib/libnds9.a(nitrofs.c.o)
                              /opt/wonderful/thirdparty/blocksds/core/libs/libnds/lib/libnds9.a(filesystem.c.o) (nitrofs_use_for_path)
/opt/wonderful/thirdparty/blocksds/core/libs/libnds/lib/libnds9.a(cache.c.o)
                              /opt/wonderful/thirdparty/blocksds/core/libs/libnds/lib/libnds9.a(nitrofs.c.o) (cache_initialized)
/opt/wonderful/thirdparty/blocksds/core/libs/libnds/lib/libnds9.a(chdir.c.o)
                              /opt/wonderful/thirdparty/blocksds/external/nflib/lib/libnflib.a(nf_basic.c.o) (chdir)
/opt/wonderful/thirdparty/blocksds/core/libs/libnds/lib/libnds9.a(crt0_argv.c.o)
                              /opt/wonderful/thirdparty/blocksds/core/sys/crts/ds_arm9_crt0.o (build_argv)
/opt/wonderful/thirdparty/blocksds/core/libs/libnds/lib/libnds9.a(console.c.o)
                              /opt/wonderful/thirdparty/blocksds/external/nflib/lib/libnflib.a(nf_basic.c.o) (consoleDemoInit)
/opt/wonderful/thirdparty/blocksds/core/libs/libnds/lib/libnds9.a(fifosystem.c.o)
                              /opt/wonderful/thirdparty/blocksds/core/libs/libnds/lib/libnds9.a(sound.c.o) (fifoSendValue32)
[...]
Memory Configuration

Name             Origin             Length             Attributes
ewram            0x02000000         0x00380000
dtcm             0x02ff0000         0x00004000
itcm             0x01000000         0x00008000
*default*        0x00000000         0xffffffff

Linker script and memory map

                0x00000000                        PROVIDE (__dtcm_data_size = 0x0)
                0x00000001                        ASSERT (((__dtcm_data_size & 0x3) == 0x0), __dtcm_data_size must be a multiple of 4)
                0x00004000                        PROVIDE (__dldi_size = 0x4000)
                0x00000040                        PROVIDE (__dtcm_reserved_size = 0x40)
                0x00000001                        ASSERT (((__dtcm_reserved_size & 0x3) == 0x0), __dtcm_reserved_size must be a multiple of 4)
                0x00000100                        PROVIDE (__svc_stack_size = 0x100)
                0x00000001                        ASSERT (((__svc_stack_size & 0x3) == 0x0), __svc_stack_size must be a multiple of 4)
                0x00000100                        PROVIDE (__irq_stack_size = 0x100)
                0x00000001                        ASSERT (((__irq_stack_size & 0x3) == 0x0), __irq_stack_size must be a multiple of 4)
                0x00000000                        PROVIDE (__usr_stack_size = 0x0)
                0x00000001                        ASSERT (((__usr_stack_size & 0x3) == 0x0), __usr_stack_size must be a multiple of 4)
                0x02380000                        __ewram_end = (ORIGIN (ewram) + LENGTH (ewram))
                0x02380000                        __eheap_end = (ORIGIN (ewram) + LENGTH (ewram))
                0x02ff0000                        __dtcm_start = ORIGIN (dtcm)
                0x02ff4000                        __dtcm_top = (ORIGIN (dtcm) + LENGTH (dtcm))
                0x02ff3ff8                        __irq_flags = (__dtcm_top - 0x8)
                0x02ff3ffc                        __irq_vector = (__dtcm_top - 0x4)
                0x02ff3fc0                        __sp_svc = (__dtcm_top - __dtcm_reserved_size)
                0x02ff3ec0                        __sp_irq = (__sp_svc - __svc_stack_size)
                0x02ff3dc0                        __sp_usr = ((__sp_irq - __irq_stack_size) - __dtcm_data_size)
                0x02ff0000                        __dtcm_data_start = (__dtcm_data_size > 0x0)?__sp_usr:ORIGIN (dtcm)
                0x02ff3dc0                        __dtcm_data_top = (__dtcm_data_size > 0x0)?(__sp_irq - __irq_stack_size):(__sp_usr - __usr_stack_size)
                0x0000000e                        __dldi_log2_size = (LOG2CEIL ((__dldi_size + 0x1)) - 0x1)

.secure         0x02000000      0x800
 *(.secure)
 .secure        0x02000000      0x800 /opt/wonderful/thirdparty/blocksds/core/libs/libnds/lib/libnds9.a(securearea.c.o)
                0x02000000                __secure_area__

.crt0           0x02000800      0x2d4
                0x02000800                        __text_start = .
 *(.crt0)
 .crt0          0x02000800      0x2d4 /opt/wonderful/thirdparty/blocksds/core/sys/crts/ds_arm9_crt0.o
                0x02000800                _start
                0x02000ad4                        . = ALIGN (0x4)

.dldi           0x02000b00     0x4000
                0x02000b00                        __dldi_start = .
 *(.dldi)
 .dldi          0x02000b00       0x88 /opt/wonderful/thirdparty/blocksds/core/libs/libnds/lib/libnds9.a(dldi_stub.s.o)
                0x02000b00                _io_dldi_stub
                0x02000b88                        . = ALIGN (0x4)
                0x02000b88                        __dldi_data_end = .
                0x02004b00                        __dldi_end = (__dldi_data_end > __dldi_start)?(__dldi_start + __dldi_size):__dldi_start
                0x02004b00                        . = __dldi_end
 *fill*         0x02000b88     0x3f78 00
                0x02004b00                        . = ALIGN (0x4)

.plt
 *(.plt)

.init           0x02004b00        0x8
 *(SORT_NONE(.init))
 .init          0x02004b00        0x8 /opt/wonderful/toolchain/gcc-arm-none-eabi/lib/gcc/arm-none-eabi/15.2.0/thumb/arm946e-s/crtn.o

.text           0x02004b08     0xf260
 *(EXCLUDE_FILE(*.twl* *.itcm*) .text)
 .text          0x02004b08       0x14 /opt/wonderful/toolchain/gcc-arm-none-eabi/lib/gcc/arm-none-eabi/15.2.0/../../../../arm-none-eabi/lib/thumb/arm946e-s/libc.a(strcmp.S.o)
                0x02004b08                strcmp
 .text          0x02004b1c        0xe /opt/wonderful/toolchain/gcc-arm-none-eabi/lib/gcc/arm-none-eabi/15.2.0/../../../../arm-none-eabi/lib/thumb/arm946e-s/libc.a(strlen.S.o)
                0x02004b1c                strlen
 *fill*         0x02004b2a        0x2 ff
 .text          0x02004b2c       0x14 /opt/wonderful/toolchain/gcc-arm-none-eabi/lib/gcc/arm-none-eabi/15.2.0/thumb/arm946e-s/libgcc.a(_thumb1_case_uqi.o)
                0x02004b2c                __gnu_thumb1_case_uqi
 .text          0x02004b40       0x14 /opt/wonderful/toolchain/gcc-arm-none-eabi/lib/gcc/arm-none-eabi/15.2.0/thumb/arm946e-s/libgcc.a(_thumb1_case_uhi.o)
                0x02004b40                __gnu_thumb1_case_uhi
 .text          0x02004b54      0x214 /opt/wonderful/toolchain/gcc-arm-none-eabi/lib/gcc/arm-none-eabi/15.2.0/thumb/arm946e-s/libgcc.a(_udivsi3.o)
                0x02004b54                __udivsi3
                0x02004b54                __aeabi_uidiv
                0x02004d48                __aeabi_uidivmod
 .text          0x02004d68      0x248 /opt/wonderful/toolchain/gcc-arm-none-eabi/lib/gcc/arm-none-eabi/15.2.0/thumb/arm946e-s/libgcc.a(_divsi3.o)
                0x02004d68                __aeabi_idiv
                0x02004d68                __divsi3
                0x02004f90                __aeabi_idivmod
 .text          0x02004fb0        0x4 /opt/wonderful/toolchain/gcc-arm-none-eabi/lib/gcc/arm-none-eabi/15.2.0/thumb/arm946e-s/libgcc.a(_dvmd_tls.o)
                0x02004fb0                __aeabi_ldiv0
                0x02004fb0                __aeabi_idiv0
 .text          0x02004fb4       0x18 /opt/wonderful/toolchain/gcc-arm-none-eabi/lib/gcc/arm-none-eabi/15.2.0/thumb/arm946e-s/libgcc.a(_lshrdi3.o)
                0x02004fb4                __aeabi_llsr
                0x02004fb4                __lshrdi3
 .text          0x02004fcc       0x1c /opt/wonderful/toolchain/gcc-arm-none-eabi/lib/gcc/arm-none-eabi/15.2.0/thumb/arm946e-s/libgcc.a(_ashrdi3.o)
                0x02004fcc                __ashrdi3
                0x02004fcc                __aeabi_lasr
 .text          0x02004fe8       0x18 /opt/wonderful/toolchain/gcc-arm-none-eabi/lib/gcc/arm-none-eabi/15.2.0/thumb/arm946e-s/libgcc.a(_ashldi3.o)
                0x02004fe8                __ashldi3
                0x02004fe8                __aeabi_llsl
 .text          0x02005000      0x3c0 /opt/wonderful/toolchain/gcc-arm-none-eabi/lib/gcc/arm-none-eabi/15.2.0/thumb/arm946e-s/libgcc.a(_arm_addsubdf3.o)
                0x02005000                __aeabi_drsub
                0x02005008                __subdf3
                0x02005008                __aeabi_dsub
                0x0200500c                __adddf3
                0x0200500c                __aeabi_dadd
                0x020052b8                __aeabi_ui2d
                0x020052b8                __floatunsidf
                0x020052dc                __floatsidf
                0x020052dc                __aeabi_i2d
                0x02005304                __extendsfdf2
                0x02005304                __aeabi_f2d
                0x0200534c                __aeabi_ul2d
                0x0200534c                __floatundidf
                0x02005360                __aeabi_l2d
                0x02005360                __floatdidf
 .text          0x020053c0       0xa0 /opt/wonderful/toolchain/gcc-arm-none-eabi/lib/gcc/arm-none-eabi/15.2.0/thumb/arm946e-s/libgcc.a(_arm_truncdfsf2.o)
                0x020053c0                __aeabi_d2f
                0x020053c0                __truncdfsf2
 .text          0x02005460        0x8 /opt/wonderful/toolchain/gcc-arm-none-eabi/lib/gcc/arm-none-eabi/15.2.0/thumb/arm946e-s/libgcc.a(_clzsi2.o)
                0x02005460                __clzsi2
 .text          0x02005468       0x14 /opt/wonderful/toolchain/gcc-arm-none-eabi/lib/gcc/arm-none-eabi/15.2.0/thumb/arm946e-s/libgcc.a(_clzdi2.o)
                0x02005468                __clzdi2
 .text          0x0200547c       0xd4 /opt/wonderful/toolchain/gcc-arm-none-eabi/lib/gcc/arm-none-eabi/15.2.0/thumb/arm946e-s/libgcc.a(_aeabi_ldivmod.o)
                0x0200547c                __aeabi_ldivmod
 .text          0x02005550       0x3c /opt/wonderful/toolchain/gcc-arm-none-eabi/lib/gcc/arm-none-eabi/15.2.0/thumb/arm946e-s/libgcc.a(_aeabi_uldivmod.o)
                0x02005550                __aeabi_uldivmod
 .text          0x0200558c       0x54 /opt/wonderful/toolchain/gcc-arm-none-eabi/lib/gcc/arm-none-eabi/15.2.0/thumb/arm946e-s/libgcc.a(_muldi3.o)
                0x0200558c                __aeabi_lmul
                0x0200558c                __muldi3
 .text          0x020055e0      0x190 /opt/wonderful/toolchain/gcc-arm-none-eabi/lib/gcc/arm-none-eabi/15.2.0/thumb/arm946e-s/libgcc.a(_udivmoddi4.o)
                0x020055e0                __udivmoddi4
 *(EXCLUDE_FILE(*.twl* *.itcm*) .stub)
 *(EXCLUDE_FILE(*.twl* *.itcm*) .text.*)
 .text._Z11handle_dpadv
                0x02005770       0xac build/VoltorbFlip/source/input/gameInput.cpp.o
                0x02005770                handle_dpad()
 .text._Z12handle_touchv
                0x0200581c      0x100 build/VoltorbFlip/source/input/gameInput.cpp.o
                0x0200581c                handle_touch()
 .text._Z12handle_inputv
                0x0200591c       0x28 build/VoltorbFlip/source/input/gameInput.cpp.o
                0x0200591c                handle_input()
 .text._Z11init_systemv
                0x02005944       0x58 build/VoltorbFlip/source/engine/engineInitializer.cpp.o
                0x02005944                init_system()
 .text._Z8init_ramv
                0x0200599c       0xf0 build/VoltorbFlip/source/engine/engineInitializer.cpp.o
                0x0200599c                init_ram()
 .text._Z15render_graphicsv
                0x02005a8c       0x28 build/VoltorbFlip/source/media/gameGraphic.cpp.o
                0x02005a8c                render_graphics()
 .text._Z22handle_cursor_movementv
                0x02005ab4       0x44 build/VoltorbFlip/source/media/gameGraphic.cpp.o
                0x02005ab4                handle_cursor_movement()
 .text._Z21handle_marker_updatesv
                0x02005af8       0x5c build/VoltorbFlip/source/media/gameGraphic.cpp.o
                0x02005af8                handle_marker_updates()
 .text._Z24handle_level_transitionsv
                0x02005b54       0xf8 build/VoltorbFlip/source/media/gameGraphic.cpp.o
                0x02005b54                handle_level_transitions()
 .text._Z11reveal_cardv
                0x02005c4c       0xcc build/VoltorbFlip/source/media/gameGraphic.cpp.o
                0x02005c4c                reveal_card()
 .text._Z18toggle_card_markerv
                0x02005d18       0x40 build/VoltorbFlip/source/media/gameGraphic.cpp.o
                0x02005d18                toggle_card_marker()
 .text._Z22handle_card_operationsv
                0x02005d58       0x3c build/VoltorbFlip/source/media/gameGraphic.cpp.o
                0x02005d58                handle_card_operations()
 .text._Z11updateScorev
                0x02005d94       0x40 build/VoltorbFlip/source/media/gameGraphic.cpp.o
                0x02005d94                updateScore()
 .text._Z12updateRecordv
                0x02005dd4       0x48 build/VoltorbFlip/source/media/gameGraphic.cpp.o
                0x02005dd4                updateRecord()
 .text._Z20handle_score_updatesv
                0x02005e1c       0x3c build/VoltorbFlip/source/media/gameGraphic.cpp.o
                0x02005e1c                handle_score_updates()
 .text._Z12hideAllCardsv
                0x02005e58       0x9c build/VoltorbFlip/source/media/gameGraphic.cpp.o
                0x02005e58                hideAllCards()
 .text._Z11revealBoardv
                0x02005ef4       0xe0 build/VoltorbFlip/source/media/gameGraphic.cpp.o
                0x02005ef4                revealBoard()
 .text._Z9play_turnv
                0x02005fd4       0x10 build/VoltorbFlip/source/media/gameSfx.cpp.o
                0x02005fd4                play_turn()
 .text._Z12play_shufflev
                0x02005fe4       0x10 build/VoltorbFlip/source/media/gameSfx.cpp.o
                0x02005fe4                play_shuffle()
 .text._Z9play_coinv
                0x02005ff4       0x10 build/VoltorbFlip/source/media/gameSfx.cpp.o
                0x02005ff4                play_coin()
 .text._Z14play_explosionv
                0x02006004       0x10 build/VoltorbFlip/source/media/gameSfx.cpp.o
                0x02006004                play_explosion()
 .text._Z9play_lossv
                0x02006014       0x10 build/VoltorbFlip/source/media/gameSfx.cpp.o
                0x02006014                play_loss()
 .text._Z8play_winv
                0x02006024       0x10 build/VoltorbFlip/source/media/gameSfx.cpp.o
                0x02006024                play_win()
 .text._Z13play_game_ostv
                0x02006034       0x18 build/VoltorbFlip/source/media/gameOst.cpp.o
                0x02006034                play_game_ost()
 .text._Z16draw_digit_to_bgiiiih.part.0
                0x0200604c       0x7c build/VoltorbFlip/source/media/gameMedia.cpp.o
 .text._Z12init_spritesv
                0x020060c8      0x1d8 build/VoltorbFlip/source/media/gameMedia.cpp.o
                0x020060c8                init_sprites()
 .text._Z18init_game_graphicsv
                0x020062a0      0x10c build/VoltorbFlip/source/media/gameMedia.cpp.o
                0x020062a0                init_game_graphics()
 .text._Z15update_graphicsv
                0x020063ac       0x48 build/VoltorbFlip/source/media/gameMedia.cpp.o
                0x020063ac                update_graphics()
 .text._Z18handle_card_reveali
                0x020063f4       0x50 build/VoltorbFlip/source/game/gameProcess.cpp.o
                0x020063f4                handle_card_reveal(int)
 .text._Z11update_gamev
                0x02006444       0xc0 build/VoltorbFlip/source/game/gameProcess.cpp.o
                0x02006444                update_game()
 .text._Z16init_shared_datav
                0x02006504       0x28 build/VoltorbFlip/source/game/gameStatus.cpp.o
                0x02006504                init_shared_data()
 .text._Z16init_game_statusv
                0x0200652c      0x170 build/VoltorbFlip/source/game/gameStatus.cpp.o
                0x0200652c                init_game_status()
 .text.startup.main
                0x0200669c       0x38 build/VoltorbFlip/source/main.cpp.o
                0x0200669c                main
 .text.NF_InitBitmapBgSys
                0x020066d4      0x1d8 /opt/wonderful/thirdparty/blocksds/external/nflib/lib/libnflib.a(nf_bitmapbg.c.o)
                0x020066d4                NF_InitBitmapBgSys
 .text.NF_Init8bitsBgBuffers
                0x020068ac       0x20 /opt/wonderful/thirdparty/blocksds/external/nflib/lib/libnflib.a(nf_bitmapbg.c.o)
                0x020068ac                NF_Init8bitsBgBuffers
 .text.NF_Load8bitsBg
                0x020068cc       0xb4 /opt/wonderful/thirdparty/blocksds/external/nflib/lib/libnflib.a(nf_bitmapbg.c.o)
                0x020068cc                NF_Load8bitsBg
 .text.NF_Copy8bitsBuffer
                0x02006980       0xa4 /opt/wonderful/thirdparty/blocksds/external/nflib/lib/libnflib.a(nf_bitmapbg.c.o)
                0x02006980                NF_Copy8bitsBuffer
 .text.NF_Set2D
                0x02006a24       0x64 /opt/wonderful/thirdparty/blocksds/external/nflib/lib/libnflib.a(nf_2d.c.o)
                0x02006a24                NF_Set2D
 .text.NF_ShowBg
                0x02006a88       0x74 /opt/wonderful/thirdparty/blocksds/external/nflib/lib/libnflib.a(nf_2d.c.o)
                0x02006a88                NF_ShowBg
 .text.NF_HideBg
                0x02006afc       0x9c /opt/wonderful/thirdparty/blocksds/external/nflib/lib/libnflib.a(nf_2d.c.o)
                0x02006afc                NF_HideBg
 .text.NF_ScrollBg
                0x02006b98      0x2fc /opt/wonderful/thirdparty/blocksds/external/nflib/lib/libnflib.a(nf_2d.c.o)
                0x02006b98                NF_ScrollBg
 .text.NF_SpriteFrame
                0x02006e94       0xbc /opt/wonderful/thirdparty/blocksds/external/nflib/lib/libnflib.a(nf_2d.c.o)
                0x02006e94                NF_SpriteFrame
 .text.NF_Error
                0x02006f50      0x2d8 /opt/wonderful/thirdparty/blocksds/external/nflib/lib/libnflib.a(nf_basic.c.o)
                0x02006f50                NF_Error
 .text.NF_SetRootFolder
                0x02007228      0x1e0 /opt/wonderful/thirdparty/blocksds/external/nflib/lib/libnflib.a(nf_basic.c.o)
                0x02007228                NF_SetRootFolder
 .text.NF_DmaMemCopy
                0x02007408       0x70 /opt/wonderful/thirdparty/blocksds/external/nflib/lib/libnflib.a(nf_basic.c.o)
                0x02007408                NF_DmaMemCopy
 .text.NF_FileLoad
                0x02007478       0xac /opt/wonderful/thirdparty/blocksds/external/nflib/lib/libnflib.a(nf_basic.c.o)
                0x02007478                NF_FileLoad
 .text.NF_InitSpriteBuffers
                0x02007524       0x5c /opt/wonderful/thirdparty/blocksds/external/nflib/lib/libnflib.a(nf_sprite256.c.o)
                0x02007524                NF_InitSpriteBuffers
 .text.NF_InitSpriteSys
                0x02007580      0x1f8 /opt/wonderful/thirdparty/blocksds/external/nflib/lib/libnflib.a(nf_sprite256.c.o)
                0x02007580                NF_InitSpriteSys
 .text.NF_LoadSpriteGfx
                0x02007778       0x94 /opt/wonderful/thirdparty/blocksds/external/nflib/lib/libnflib.a(nf_sprite256.c.o)
                0x02007778                NF_LoadSpriteGfx
 .text.NF_LoadSpritePal
                0x0200780c       0x7c /opt/wonderful/thirdparty/blocksds/external/nflib/lib/libnflib.a(nf_sprite256.c.o)
                0x0200780c                NF_LoadSpritePal
 .text.NF_VramSpriteGfx
                0x02007888      0x27c /opt/wonderful/thirdparty/blocksds/external/nflib/lib/libnflib.a(nf_sprite256.c.o)
                0x02007888                NF_VramSpriteGfx
 .text.NF_VramSpritePal
                0x02007b04       0xb0 /opt/wonderful/thirdparty/blocksds/external/nflib/lib/libnflib.a(nf_sprite256.c.o)
                0x02007b04                NF_VramSpritePal
 .text.NF_CreateSprite
                0x02007bb4      0x1c8 /opt/wonderful/thirdparty/blocksds/external/nflib/lib/libnflib.a(nf_sprite256.c.o)
                0x02007bb4                NF_CreateSprite
 .text.NF_SpriteOamSet
                0x02007d7c       0xc0 /opt/wonderful/thirdparty/blocksds/external/nflib/lib/libnflib.a(nf_sprite256.c.o)
                0x02007d7c                NF_SpriteOamSet
 .text.__libnds_mpu_setup
                0x02007e3c      0x1c4 /opt/wonderful/thirdparty/blocksds/core/libs/libnds/lib/libnds9.a(mpu_setup.s.o)
                0x02007e3c                __libnds_mpu_setup
 .text.CP15_MPUDisable
                0x02008000       0x3c /opt/wonderful/thirdparty/blocksds/core/libs/libnds/lib/libnds9.a(mpu_setup.s.o)
                0x02008000                CP15_MPUDisable
 .text.memUncached
                0x0200803c       0x20 /opt/wonderful/thirdparty/blocksds/core/libs/libnds/lib/libnds9.a(mpu_setup.s.o)
                0x0200803c                memUncached
 .text.dmaSetParams
                0x0200805c       0x1c /opt/wonderful/thirdparty/blocksds/core/libs/libnds/lib/libnds9.a(dma.s.o)
                0x0200805c                dmaSetParams
 .text.__aeabi_memcpy
                0x02008078       0xc8 /opt/wonderful/thirdparty/blocksds/core/libs/libnds/lib/libnds9.a(memcpy.s.o)
                0x02008078                __aeabi_memcpy
                0x020080b0                __aeabi_memcpy4
                0x020080b0                __aeabi_memcpy8
                0x0200811c                __ndsabi_memcpy2
 .text.__ndsabi_memcpy1
                0x02008140       0x14 /opt/wonderful/thirdparty/blocksds/core/libs/libnds/lib/libnds9.a(memcpy.s.o)
                0x02008140                __ndsabi_memcpy1
 .text.memcpy   0x02008154       0x10 /opt/wonderful/thirdparty/blocksds/core/libs/libnds/lib/libnds9.a(memcpy.s.o)
                0x02008154                memcpy
 .text.__aeabi_memset
                0x02008164       0x9c /opt/wonderful/thirdparty/blocksds/core/libs/libnds/lib/libnds9.a(memset.s.o)
                0x02008164                __aeabi_memset
                0x02008188                __aeabi_memset8
                0x02008188                __aeabi_memset4
                0x02008194                __ndsabi_wordset4
                0x02008198                __ndsabi_lwordset4
 .text.__ndsabi_memset1
                0x02008200       0x10 /opt/wonderful/thirdparty/blocksds/core/libs/libnds/lib/libnds9.a(memset.s.o)
                0x02008200                __ndsabi_memset1
 .text.memset   0x02008210       0x1c /opt/wonderful/thirdparty/blocksds/core/libs/libnds/lib/libnds9.a(memset.s.o)
                0x02008210                memset
 .text.initSystem
                0x0200822c      0x110 /opt/wonderful/thirdparty/blocksds/core/libs/libnds/lib/libnds9.a(initSystem.c.o)
                0x0200822c                initSystem
 .text.scanKeys
                0x0200833c       0xd4 /opt/wonderful/thirdparty/blocksds/core/libs/libnds/lib/libnds9.a(keys.c.o)
                0x0200833c                scanKeys
 .text.keysHeld
                0x02008410        0xc /opt/wonderful/thirdparty/blocksds/core/libs/libnds/lib/libnds9.a(keys.c.o)
                0x02008410                keysHeld
 .text.keysCurrent
                0x0200841c       0x50 /opt/wonderful/thirdparty/blocksds/core/libs/libnds/lib/libnds9.a(keys.c.o)
                0x0200841c                keysCurrent
 .text.touchRead
                0x0200846c       0x24 /opt/wonderful/thirdparty/blocksds/core/libs/libnds/lib/libnds9.a(keys.c.o)
                0x0200846c                touchRead
 .text.setTransferInputData
                0x02008490       0x1c /opt/wonderful/thirdparty/blocksds/core/libs/libnds/lib/libnds9.a(keys.c.o)
                0x02008490                setTransferInputData
 .text.setBrightness
                0x020084ac       0x40 /opt/wonderful/thirdparty/blocksds/core/libs/libnds/lib/libnds9.a(video.c.o)
                0x020084ac                setBrightness
 .text.vramDefault
                0x020084ec       0xe4 /opt/wonderful/thirdparty/blocksds/core/libs/libnds/lib/libnds9.a(video.c.o)
                0x020084ec                vramDefault
 .text.oamInit  0x020085d0      0x100 /opt/wonderful/thirdparty/blocksds/core/libs/libnds/lib/libnds9.a(sprite.c.o)
                0x020085d0                oamInit
 .text.oamGfxPtrToOffset
                0x020086d0       0x34 /opt/wonderful/thirdparty/blocksds/core/libs/libnds/lib/libnds9.a(sprite.c.o)
                0x020086d0                oamGfxPtrToOffset
 .text.oamSet   0x02008704      0x10c /opt/wonderful/thirdparty/blocksds/core/libs/libnds/lib/libnds9.a(sprite.c.o)
                0x02008704                oamSet
 .text.oamUpdate
                0x02008810       0x50 /opt/wonderful/thirdparty/blocksds/core/libs/libnds/lib/libnds9.a(sprite.c.o)
                0x02008810                oamUpdate
 .text.soundEnable
                0x02008860       0x10 /opt/wonderful/thirdparty/blocksds/core/libs/libnds/lib/libnds9.a(sound.c.o)
                0x02008860                soundEnable
 .text.sinLutLookup
                0x02008870       0x4c /opt/wonderful/thirdparty/blocksds/core/libs/libnds/lib/libnds9.a(trig.c.o)
                0x02008870                sinLutLookup
 .text.sinLerp  0x020088bc       0x38 /opt/wonderful/thirdparty/blocksds/core/libs/libnds/lib/libnds9.a(trig.c.o)
                0x020088bc                sinLerp
 .text.cosLerp  0x020088f4       0x44 /opt/wonderful/thirdparty/blocksds/core/libs/libnds/lib/libnds9.a(trig.c.o)
                0x020088f4                cosLerp
 .text.open     0x02008938       0xf4 /opt/wonderful/thirdparty/blocksds/core/libs/libnds/lib/libnds9.a(filesystem.c.o)
                0x02008938                open
 .text.read     0x02008a2c       0x44 /opt/wonderful/thirdparty/blocksds/core/libs/libnds/lib/libnds9.a(filesystem.c.o)
                0x02008a2c                read
 .text.write    0x02008a70       0x54 /opt/wonderful/thirdparty/blocksds/core/libs/libnds/lib/libnds9.a(filesystem.c.o)
                0x02008a70                write
 .text.close    0x02008ac4       0x50 /opt/wonderful/thirdparty/blocksds/core/libs/libnds/lib/libnds9.a(filesystem.c.o)
                0x02008ac4                close
 .text.lseek    0x02008b14       0x74 /opt/wonderful/thirdparty/blocksds/core/libs/libnds/lib/libnds9.a(filesystem.c.o)
                0x02008b14                lseek
 .text.access   0x02008b88       0x98 /opt/wonderful/thirdparty/blocksds/core/libs/libnds/lib/libnds9.a(filesystem.c.o)
                0x02008b88                access
 .text.fatfs_error_to_posix
                0x02008c20       0x24 /opt/wonderful/thirdparty/blocksds/core/libs/libnds/lib/libnds9.a(fatfs.c.o)
                0x02008c20                fatfs_error_to_posix
 .text.fatfs_timestamp_to_fattime
                0x02008c44       0x28 /opt/wonderful/thirdparty/blocksds/core/libs/libnds/lib/libnds9.a(fatfs.c.o)
                0x02008c44                fatfs_timestamp_to_fattime
 .text.get_dirname
                0x02008c6c       0x98 /opt/wonderful/thirdparty/blocksds/core/libs/libnds/lib/libnds9.a(fatfs.c.o)
                0x02008c6c                get_dirname
 .text.fatGetDefaultCwd
                0x02008d04       0x70 /opt/wonderful/thirdparty/blocksds/core/libs/libnds/lib/libnds9.a(fatfs.c.o)
                0x02008d04                fatGetDefaultCwd
 .text.fatInit.part.0
                0x02008d74      0x110 /opt/wonderful/thirdparty/blocksds/core/libs/libnds/lib/libnds9.a(fatfs.c.o)
 .text.fatInitDefault
                0x02008e84       0x24 /opt/wonderful/thirdparty/blocksds/core/libs/libnds/lib/libnds9.a(fatfs.c.o)
                0x02008e84                fatInitDefault
 .text.fatInitLookupCache
                0x02008ea8       0x5c /opt/wonderful/thirdparty/blocksds/core/libs/libnds/lib/libnds9.a(fatfs.c.o)
                0x02008ea8                fatInitLookupCache
 .text.nitrofs_read_internal
                0x02008f04       0xe8 /opt/wonderful/thirdparty/blocksds/core/libs/libnds/lib/libnds9.a(nitrofs.c.o)
 .text.nitrofs_dir_state_init
                0x02008fec       0x9c /opt/wonderful/thirdparty/blocksds/core/libs/libnds/lib/libnds9.a(nitrofs.c.o)
 .text.nitrofs_dir_state_next
                0x02009088       0xb0 /opt/wonderful/thirdparty/blocksds/core/libs/libnds/lib/libnds9.a(nitrofs.c.o)
 .text.nitrofs_dir_step
                0x02009138       0xf0 /opt/wonderful/thirdparty/blocksds/core/libs/libnds/lib/libnds9.a(nitrofs.c.o)
 .text.nitrofs_use_for_path
                0x02009228       0x30 /opt/wonderful/thirdparty/blocksds/core/libs/libnds/lib/libnds9.a(nitrofs.c.o)
                0x02009228                nitrofs_use_for_path
 .text.nitrofs_path_resolve
                0x02009258       0x68 /opt/wonderful/thirdparty/blocksds/core/libs/libnds/lib/libnds9.a(nitrofs.c.o)
                0x02009258                nitrofs_path_resolve
 .text.nitrofs_chdir
                0x020092c0       0x24 /opt/wonderful/thirdparty/blocksds/core/libs/libnds/lib/libnds9.a(nitrofs.c.o)
                0x020092c0                nitrofs_chdir
 .text.nitrofs_read
                0x020092e4       0x30 /opt/wonderful/thirdparty/blocksds/core/libs/libnds/lib/libnds9.a(nitrofs.c.o)
                0x020092e4                nitrofs_read
 .text.nitrofs_lseek
                0x02009314       0x58 /opt/wonderful/thirdparty/blocksds/core/libs/libnds/lib/libnds9.a(nitrofs.c.o)
                0x02009314                nitrofs_lseek
 .text.nitrofs_close
                0x0200936c       0x10 /opt/wonderful/thirdparty/blocksds/core/libs/libnds/lib/libnds9.a(nitrofs.c.o)
                0x0200936c                nitrofs_close
 .text.nitroFSOpenById
                0x0200937c       0x6c /opt/wonderful/thirdparty/blocksds/core/libs/libnds/lib/libnds9.a(nitrofs.c.o)
                0x0200937c                nitroFSOpenById
 .text.nitrofs_open
                0x020093e8       0x4c /opt/wonderful/thirdparty/blocksds/core/libs/libnds/lib/libnds9.a(nitrofs.c.o)
                0x020093e8                nitrofs_open
 .text.nitroFSInit
                0x02009434      0x1b8 /opt/wonderful/thirdparty/blocksds/core/libs/libnds/lib/libnds9.a(nitrofs.c.o)
                0x02009434                nitroFSInit
 .text.cache_initialized
                0x020095ec       0x10 /opt/wonderful/thirdparty/blocksds/core/libs/libnds/lib/libnds9.a(cache.c.o)
                0x020095ec                cache_initialized
 .text.cache_deinit
                0x020095fc       0x38 /opt/wonderful/thirdparty/blocksds/core/libs/libnds/lib/libnds9.a(cache.c.o)
                0x020095fc                cache_deinit
 .text.cache_init
                0x02009634       0xac /opt/wonderful/thirdparty/blocksds/core/libs/libnds/lib/libnds9.a(cache.c.o)
                0x02009634                cache_init
 .text.cache_sector_get
                0x020096e0       0x70 /opt/wonderful/thirdparty/blocksds/core/libs/libnds/lib/libnds9.a(cache.c.o)
                0x020096e0                cache_sector_get
 .text.cache_sector_add
                0x02009750       0xb0 /opt/wonderful/thirdparty/blocksds/core/libs/libnds/lib/libnds9.a(cache.c.o)
                0x02009750                cache_sector_add
 .text.cache_sector_invalidate
                0x02009800       0x4c /opt/wonderful/thirdparty/blocksds/core/libs/libnds/lib/libnds9.a(cache.c.o)
                0x02009800                cache_sector_invalidate
 .text.chdir    0x0200984c      0x11c /opt/wonderful/thirdparty/blocksds/core/libs/libnds/lib/libnds9.a(chdir.c.o)
                0x0200984c                chdir
 .text.build_argv
                0x02009968       0x58 /opt/wonderful/thirdparty/blocksds/core/libs/libnds/lib/libnds9.a(crt0_argv.c.o)
                0x02009968                build_argv
 .text.newRow   0x020099c0       0x88 /opt/wonderful/thirdparty/blocksds/core/libs/libnds/lib/libnds9.a(console.c.o)
 .text.consolePrintChar.part.0
                0x02009a48      0x100 /opt/wonderful/thirdparty/blocksds/core/libs/libnds/lib/libnds9.a(console.c.o)
 .text.consolePrintChar
                0x02009b48       0x2c /opt/wonderful/thirdparty/blocksds/core/libs/libnds/lib/libnds9.a(console.c.o)
                0x02009b48                consolePrintChar
 .text.con_write
                0x02009b74      0x330 /opt/wonderful/thirdparty/blocksds/core/libs/libnds/lib/libnds9.a(console.c.o)
 .text.consoleLoadFont
                0x02009ea4      0x24c /opt/wonderful/thirdparty/blocksds/core/libs/libnds/lib/libnds9.a(console.c.o)
                0x02009ea4                consoleLoadFont
 .text.consoleInitEx
                0x0200a0f0      0x19c /opt/wonderful/thirdparty/blocksds/core/libs/libnds/lib/libnds9.a(console.c.o)
                0x0200a0f0                consoleInitEx
 .text.consoleDemoInit
                0x0200a28c       0x48 /opt/wonderful/thirdparty/blocksds/core/libs/libnds/lib/libnds9.a(console.c.o)
                0x0200a28c                consoleDemoInit
 .text.consoleSetCursor
                0x0200a2d4       0x24 /opt/wonderful/thirdparty/blocksds/core/libs/libnds/lib/libnds9.a(console.c.o)
                0x0200a2d4                consoleSetCursor
 .text.consoleSetColor
                0x0200a2f8       0x18 /opt/wonderful/thirdparty/blocksds/core/libs/libnds/lib/libnds9.a(console.c.o)
                0x0200a2f8                consoleSetColor
 .text.consoleArm7Flush
                0x0200a310       0x90 /opt/wonderful/thirdparty/blocksds/core/libs/libnds/lib/libnds9.a(console.c.o)
                0x0200a310                consoleArm7Flush
 .text.fifo_buffer_wait_block
                0x0200a3a0       0x74 /opt/wonderful/thirdparty/blocksds/core/libs/libnds/lib/libnds9.a(fifosystem.c.o)
 .text.fifoFillTxFifoFromBuffer
                0x0200a414       0xa0 /opt/wonderful/thirdparty/blocksds/core/libs/libnds/lib/libnds9.a(fifosystem.c.o)
 .text.fifoInternalSendInterrupt
                0x0200a4b4        0x8 /opt/wonderful/thirdparty/blocksds/core/libs/libnds/lib/libnds9.a(fifosystem.c.o)
 .text.fifoInternalSend
                0x0200a4bc       0xd8 /opt/wonderful/thirdparty/blocksds/core/libs/libnds/lib/libnds9.a(fifosystem.c.o)
 .text.fifoSendValue32
                0x0200a594       0x3c /opt/wonderful/thirdparty/blocksds/core/libs/libnds/lib/libnds9.a(fifosystem.c.o)
                0x0200a594                fifoSendValue32
 .text.fifoSendDatamsg
                0x0200a5d0       0x84 /opt/wonderful/thirdparty/blocksds/core/libs/libnds/lib/libnds9.a(fifosystem.c.o)
                0x0200a5d0                fifoSendDatamsg
 .text.fifoGetDatamsg
                0x0200a654       0xe0 /opt/wonderful/thirdparty/blocksds/core/libs/libnds/lib/libnds9.a(fifosystem.c.o)
                0x0200a654                fifoGetDatamsg
 .text.fifoReadRxFifoAndProcessBuffer
                0x0200a734      0x344 /opt/wonderful/thirdparty/blocksds/core/libs/libnds/lib/libnds9.a(fifosystem.c.o)
 .text.fifoGetAddress
                0x0200aa78       0x7c /opt/wonderful/thirdparty/blocksds/core/libs/libnds/lib/libnds9.a(fifosystem.c.o)
                0x0200aa78                fifoGetAddress
 .text.fifoGetValue32
                0x0200aaf4       0x7c /opt/wonderful/thirdparty/blocksds/core/libs/libnds/lib/libnds9.a(fifosystem.c.o)
                0x0200aaf4                fifoGetValue32
 .text.fifoInternalRecvInterrupt
                0x0200ab70        0x8 /opt/wonderful/thirdparty/blocksds/core/libs/libnds/lib/libnds9.a(fifosystem.c.o)
 .text.fifoSetValue32Handler
                0x0200ab78       0x80 /opt/wonderful/thirdparty/blocksds/core/libs/libnds/lib/libnds9.a(fifosystem.c.o)
                0x0200ab78                fifoSetValue32Handler
 .text.fifoSetDatamsgHandler
                0x0200abf8       0xa8 /opt/wonderful/thirdparty/blocksds/core/libs/libnds/lib/libnds9.a(fifosystem.c.o)
                0x0200abf8                fifoSetDatamsgHandler
 .text.fifoCheckAddress
                0x0200aca0       0x34 /opt/wonderful/thirdparty/blocksds/core/libs/libnds/lib/libnds9.a(fifosystem.c.o)
                0x0200aca0                fifoCheckAddress
 .text.fifoCheckValue32
                0x0200acd4       0x34 /opt/wonderful/thirdparty/blocksds/core/libs/libnds/lib/libnds9.a(fifosystem.c.o)
                0x0200acd4                fifoCheckValue32
 .text.fifoInit
                0x0200ad08      0x138 /opt/wonderful/thirdparty/blocksds/core/libs/libnds/lib/libnds9.a(fifosystem.c.o)
                0x0200ad08                fifoInit
 .text.fifoMutexAcquire
                0x0200ae40       0x30 /opt/wonderful/thirdparty/blocksds/core/libs/libnds/lib/libnds9.a(fifosystem.c.o)
                0x0200ae40                fifoMutexAcquire
 .text.fifoMutexRelease
                0x0200ae70       0x14 /opt/wonderful/thirdparty/blocksds/core/libs/libnds/lib/libnds9.a(fifosystem.c.o)
                0x0200ae70                fifoMutexRelease
 .text.irqSet   0x0200ae84       0x90 /opt/wonderful/thirdparty/blocksds/core/libs/libnds/lib/libnds9.a(interrupts.c.o)
                0x0200ae84                irqSet
 .text.irqInit  0x0200af14       0x44 /opt/wonderful/thirdparty/blocksds/core/libs/libnds/lib/libnds9.a(interrupts.c.o)
                0x0200af14                irqInit
 .text.irqEnable
                0x0200af58       0x64 /opt/wonderful/thirdparty/blocksds/core/libs/libnds/lib/libnds9.a(interrupts.c.o)
                0x0200af58                irqEnable
 .text.systemErrorExit
                0x0200afbc        0x4 /opt/wonderful/thirdparty/blocksds/core/libs/libnds/lib/libnds9.a(exit.c.o)
                0x0200afbc                systemErrorExit
 .text.__libnds_exit
                0x0200afc0        0x8 /opt/wonderful/thirdparty/blocksds/core/libs/libnds/lib/libnds9.a(exit.c.o)
                0x0200afc0                __libnds_exit
 .text._exit    0x0200afc8       0x88 /opt/wonderful/thirdparty/blocksds/core/libs/libnds/lib/libnds9.a(exit.c.o)
                0x0200afc8                _exit
 .text.sbrk     0x0200b050       0x44 /opt/wonderful/thirdparty/blocksds/core/libs/libnds/lib/libnds9.a(sbrk.c.o)
                0x0200b050                sbrk
 .text.cothread_delete_internal
                0x0200b094       0xa0 /opt/wonderful/thirdparty/blocksds/core/libs/libnds/lib/libnds9.a(threads.c.o)
 .text.cothread_main
                0x0200b134       0x18 /opt/wonderful/thirdparty/blocksds/core/libs/libnds/lib/libnds9.a(threads.c.o)
                0x0200b134                cothread_main
 .text.cothread_yield
                0x0200b14c       0x20 /opt/wonderful/thirdparty/blocksds/core/libs/libnds/lib/libnds9.a(threads.c.o)
                0x0200b14c                cothread_yield
 .text.cothread_yield_irq
                0x0200b16c       0xa8 /opt/wonderful/thirdparty/blocksds/core/libs/libnds/lib/libnds9.a(threads.c.o)
                0x0200b16c                cothread_yield_irq
 .text.cothread_start
                0x0200b214      0x114 /opt/wonderful/thirdparty/blocksds/core/libs/libnds/lib/libnds9.a(threads.c.o)
                0x0200b214                cothread_start
 .text.setExceptionHandler
                0x0200b328       0x18 /opt/wonderful/thirdparty/blocksds/core/libs/libnds/lib/libnds9.a(exceptions.c.o)
                0x0200b328                setExceptionHandler
 .text.libndsCrash
                0x0200b340        0xc /opt/wonderful/thirdparty/blocksds/core/libs/libnds/lib/libnds9.a(exceptions.c.o)
                0x0200b340                libndsCrash
 .text.cardPolledTransfer
                0x0200b34c       0x5c /opt/wonderful/thirdparty/blocksds/core/libs/libnds/lib/libnds9.a(card.c.o)
                0x0200b34c                cardPolledTransfer
 .text.cardRead
                0x0200b3a8      0x190 /opt/wonderful/thirdparty/blocksds/core/libs/libnds/lib/libnds9.a(card.c.o)
                0x0200b3a8                cardRead
 .text.get_ldnumber
                0x0200b538       0xdc /opt/wonderful/thirdparty/blocksds/core/libs/libnds/lib/libnds9.a(ff.c.o)
 .text.put_utf  0x0200b614       0xfc /opt/wonderful/thirdparty/blocksds/core/libs/libnds/lib/libnds9.a(ff.c.o)
 .text.get_fileinfo
                0x0200b710      0x190 /opt/wonderful/thirdparty/blocksds/core/libs/libnds/lib/libnds9.a(ff.c.o)
 .text.dir_clear
                0x0200b8a0      0x10c /opt/wonderful/thirdparty/blocksds/core/libs/libnds/lib/libnds9.a(ff.c.o)
 .text.unlock_volume.part.0.isra.0
                0x0200b9ac        0x8 /opt/wonderful/thirdparty/blocksds/core/libs/libnds/lib/libnds9.a(ff.c.o)
 .text.sync_fs  0x0200b9b4       0xb8 /opt/wonderful/thirdparty/blocksds/core/libs/libnds/lib/libnds9.a(ff.c.o)
 .text.move_window
                0x0200ba6c       0x78 /opt/wonderful/thirdparty/blocksds/core/libs/libnds/lib/libnds9.a(ff.c.o)
 .text.put_fat.part.0
                0x0200bae4      0x10c /opt/wonderful/thirdparty/blocksds/core/libs/libnds/lib/libnds9.a(ff.c.o)
 .text.get_fat.isra.0
                0x0200bbf0       0xb8 /opt/wonderful/thirdparty/blocksds/core/libs/libnds/lib/libnds9.a(ff.c.o)
 .text.remove_chain
                0x0200bca8       0x84 /opt/wonderful/thirdparty/blocksds/core/libs/libnds/lib/libnds9.a(ff.c.o)
 .text.create_chain
                0x0200bd2c      0x124 /opt/wonderful/thirdparty/blocksds/core/libs/libnds/lib/libnds9.a(ff.c.o)
 .text.dir_next
                0x0200be50       0xd4 /opt/wonderful/thirdparty/blocksds/core/libs/libnds/lib/libnds9.a(ff.c.o)
 .text.dir_sdi  0x0200bf24       0x9c /opt/wonderful/thirdparty/blocksds/core/libs/libnds/lib/libnds9.a(ff.c.o)
 .text.dir_find
                0x0200bfc0      0x1d0 /opt/wonderful/thirdparty/blocksds/core/libs/libnds/lib/libnds9.a(ff.c.o)
 .text.follow_path
                0x0200c190      0x4cc /opt/wonderful/thirdparty/blocksds/core/libs/libnds/lib/libnds9.a(ff.c.o)
 .text.dir_register
                0x0200c65c      0x340 /opt/wonderful/thirdparty/blocksds/core/libs/libnds/lib/libnds9.a(ff.c.o)
 .text.validate
                0x0200c99c       0x58 /opt/wonderful/thirdparty/blocksds/core/libs/libnds/lib/libnds9.a(ff.c.o)
 .text.check_fs
                0x0200c9f4      0x150 /opt/wonderful/thirdparty/blocksds/core/libs/libnds/lib/libnds9.a(ff.c.o)
 .text.mount_volume
                0x0200cb44      0x348 /opt/wonderful/thirdparty/blocksds/core/libs/libnds/lib/libnds9.a(ff.c.o)
 .text.f_mount  0x0200ce8c       0x94 /opt/wonderful/thirdparty/blocksds/core/libs/libnds/lib/libnds9.a(ff.c.o)
                0x0200ce8c                libnds_f_mount
 .text.f_open   0x0200cf20      0x2c0 /opt/wonderful/thirdparty/blocksds/core/libs/libnds/lib/libnds9.a(ff.c.o)
                0x0200cf20                libnds_f_open
 .text.f_read   0x0200d1e0      0x298 /opt/wonderful/thirdparty/blocksds/core/libs/libnds/lib/libnds9.a(ff.c.o)
                0x0200d1e0                libnds_f_read
 .text.f_write  0x0200d478      0x2ec /opt/wonderful/thirdparty/blocksds/core/libs/libnds/lib/libnds9.a(ff.c.o)
                0x0200d478                libnds_f_write
 .text.f_sync   0x0200d764       0xd8 /opt/wonderful/thirdparty/blocksds/core/libs/libnds/lib/libnds9.a(ff.c.o)
                0x0200d764                libnds_f_sync
 .text.f_close  0x0200d83c       0x30 /opt/wonderful/thirdparty/blocksds/core/libs/libnds/lib/libnds9.a(ff.c.o)
                0x0200d83c                libnds_f_close
 .text.f_chdrive
                0x0200d86c       0x24 /opt/wonderful/thirdparty/blocksds/core/libs/libnds/lib/libnds9.a(ff.c.o)
                0x0200d86c                libnds_f_chdrive
 .text.f_chdir  0x0200d890       0xb0 /opt/wonderful/thirdparty/blocksds/core/libs/libnds/lib/libnds9.a(ff.c.o)
                0x0200d890                libnds_f_chdir
 .text.f_lseek  0x0200d940      0x310 /opt/wonderful/thirdparty/blocksds/core/libs/libnds/lib/libnds9.a(ff.c.o)
                0x0200d940                libnds_f_lseek
 .text.f_stat   0x0200dc50       0xd8 /opt/wonderful/thirdparty/blocksds/core/libs/libnds/lib/libnds9.a(ff.c.o)
                0x0200dc50                libnds_f_stat
 .text.CP15_FlushICache
                0x0200dd28        0xc /opt/wonderful/thirdparty/blocksds/core/libs/libnds/lib/libnds9.a(cp15.s.o)
                0x0200dd28                CP15_FlushICache
 .text.CP15_FlushDCache
                0x0200dd34        0xc /opt/wonderful/thirdparty/blocksds/core/libs/libnds/lib/libnds9.a(cp15.s.o)
                0x0200dd34                CP15_FlushDCache
 .text.CP15_CleanAndFlushDCache
                0x0200dd40       0x34 /opt/wonderful/thirdparty/blocksds/core/libs/libnds/lib/libnds9.a(cp15.s.o)
                0x0200dd40                CP15_CleanAndFlushDCache
 .text.__ndsabi_coro_resume
                0x0200dd74       0x18 /opt/wonderful/thirdparty/blocksds/core/libs/libnds/lib/libnds9.a(coroutine.s.o)
                0x0200dd74                __ndsabi_coro_resume
 .text.__ndsabi_coro_yield
                0x0200dd8c       0x1c /opt/wonderful/thirdparty/blocksds/core/libs/libnds/lib/libnds9.a(coroutine.s.o)
                0x0200dd8c                __ndsabi_coro_yield
 .text.__ndsabi_coro_pop_noctx
                0x0200dda8       0x34 /opt/wonderful/thirdparty/blocksds/core/libs/libnds/lib/libnds9.a(coroutine.s.o)
                0x0200dda8                __ndsabi_coro_pop_noctx
 .text.__aeabi_read_tp
                0x0200dddc        0xc /opt/wonderful/thirdparty/blocksds/core/libs/libnds/lib/libnds9.a(aeabi_read_tp.s.o)
                0x0200dddc                __aeabi_read_tp
 .text.enterException
                0x0200dde8       0xd4 /opt/wonderful/thirdparty/blocksds/core/libs/libnds/lib/libnds9.a(exceptionHandler.s.o)
                0x0200dde8                enterException
                0x0200de5c                exceptionC
                0x0200de60                exceptionStack
                0x0200de64                exceptionRegisters
 .text.systemValueHandler
                0x0200debc       0xc4 /opt/wonderful/thirdparty/blocksds/core/libs/libnds/lib/libnds9.a(system.c.o)
                0x0200debc                systemValueHandler
 .text.systemMsgHandler
                0x0200df80       0x2c /opt/wonderful/thirdparty/blocksds/core/libs/libnds/lib/libnds9.a(system.c.o)
                0x0200df80                systemMsgHandler
 .text.powerOn  0x0200dfac       0x2c /opt/wonderful/thirdparty/blocksds/core/libs/libnds/lib/libnds9.a(system.c.o)
                0x0200dfac                powerOn
 .text.memBufferIsInMainRam
                0x0200dfd8       0x1c /opt/wonderful/thirdparty/blocksds/core/libs/libnds/lib/libnds9.a(system.c.o)
                0x0200dfd8                memBufferIsInMainRam
 .text.releaseCrashHandler
                0x0200dff4       0x7c /opt/wonderful/thirdparty/blocksds/core/libs/libnds/lib/libnds9.a(exceptions.c.o)
 .text.exceptionStatePrint
                0x0200e070       0xf4 /opt/wonderful/thirdparty/blocksds/core/libs/libnds/lib/libnds9.a(exceptions.c.o)
                0x0200e070                exceptionStatePrint
 .text.releaseExceptionHandler
                0x0200e164       0x10 /opt/wonderful/thirdparty/blocksds/core/libs/libnds/lib/libnds9.a(exceptions.c.o)
                0x0200e164                releaseExceptionHandler
 .text.oamAllocReset
                0x0200e174       0x1c /opt/wonderful/thirdparty/blocksds/core/libs/libnds/lib/libnds9.a(sprite_alloc.c.o)
                0x0200e174                oamAllocReset
 .text.checkIfText
                0x0200e190       0x6c /opt/wonderful/thirdparty/blocksds/core/libs/libnds/lib/libnds9.a(background.c.o)
                0x0200e190                checkIfText
 .text.bgUpdate
                0x0200e1fc       0xe8 /opt/wonderful/thirdparty/blocksds/core/libs/libnds/lib/libnds9.a(background.c.o)
                0x0200e1fc                bgUpdate
 .text.bgInit_call
                0x0200e2e4       0xa8 /opt/wonderful/thirdparty/blocksds/core/libs/libnds/lib/libnds9.a(background.c.o)
                0x0200e2e4                bgInit_call
 .text.bgInitSub_call
                0x0200e38c       0xb0 /opt/wonderful/thirdparty/blocksds/core/libs/libnds/lib/libnds9.a(background.c.o)
                0x0200e38c                bgInitSub_call
 .text.cardReadArm7
                0x0200e43c       0x74 /opt/wonderful/thirdparty/blocksds/core/libs/libnds/lib/libnds9.a(card.c.o)
                0x0200e43c                cardReadArm7
 .text.dldi_arm7_read_sectors
                0x0200e4b0       0x64 /opt/wonderful/thirdparty/blocksds/core/libs/libnds/lib/libnds9.a(dldi.c.o)
 .text.dldi_arm7_shutdown
                0x0200e514       0x3c /opt/wonderful/thirdparty/blocksds/core/libs/libnds/lib/libnds9.a(dldi.c.o)
 .text.dldi_arm7_clear_status
                0x0200e550       0x3c /opt/wonderful/thirdparty/blocksds/core/libs/libnds/lib/libnds9.a(dldi.c.o)
 .text.dldi_arm7_is_inserted
                0x0200e58c       0x3c /opt/wonderful/thirdparty/blocksds/core/libs/libnds/lib/libnds9.a(dldi.c.o)
 .text.dldi_arm7_startup
                0x0200e5c8       0x50 /opt/wonderful/thirdparty/blocksds/core/libs/libnds/lib/libnds9.a(dldi.c.o)
 .text.dldi_arm7_write_sectors
                0x0200e618       0x64 /opt/wonderful/thirdparty/blocksds/core/libs/libnds/lib/libnds9.a(dldi.c.o)
 .text.dldiGetMode
                0x0200e67c        0xc /opt/wonderful/thirdparty/blocksds/core/libs/libnds/lib/libnds9.a(dldi.c.o)
                0x0200e67c                dldiGetMode
 .text.dldiGetInternal
                0x0200e688       0xac /opt/wonderful/thirdparty/blocksds/core/libs/libnds/lib/libnds9.a(dldi.c.o)
                0x0200e688                dldiGetInternal
 .text.dldiGetStubDataEnd
                0x0200e734       0x1c /opt/wonderful/thirdparty/blocksds/core/libs/libnds/lib/libnds9.a(dldi.c.o)
                0x0200e734                dldiGetStubDataEnd
 .text.dldiGetStubEnd
                0x0200e750        0x8 /opt/wonderful/thirdparty/blocksds/core/libs/libnds/lib/libnds9.a(dldi.c.o)
                0x0200e750                dldiGetStubEnd
 .text.__sassert
                0x0200e758       0x90 /opt/wonderful/thirdparty/blocksds/core/libs/libnds/lib/libnds9.a(sassert.c.o)
                0x0200e758                __sassert
 .text.putc_buffered
                0x0200e7e8       0x94 /opt/wonderful/thirdparty/blocksds/core/libs/libnds/lib/libnds9.a(iob.c.o)
 .text.stderr_putc_buffered
                0x0200e87c       0x20 /opt/wonderful/thirdparty/blocksds/core/libs/libnds/lib/libnds9.a(iob.c.o)
 .text.stdin_getc_keyboard
                0x0200e89c       0xf0 /opt/wonderful/thirdparty/blocksds/core/libs/libnds/lib/libnds9.a(iob.c.o)
 .text.stdout_putc_buffered
                0x0200e98c       0x40 /opt/wonderful/thirdparty/blocksds/core/libs/libnds/lib/libnds9.a(iob.c.o)
 .text.disk_status
                0x0200e9cc       0x4c /opt/wonderful/thirdparty/blocksds/core/libs/libnds/lib/libnds9.a(diskio.c.o)
                0x0200e9cc                libnds_disk_status
 .text.disk_initialize
                0x0200ea18       0x64 /opt/wonderful/thirdparty/blocksds/core/libs/libnds/lib/libnds9.a(diskio.c.o)
                0x0200ea18                libnds_disk_initialize
 .text.disk_read
                0x0200ea7c      0x114 /opt/wonderful/thirdparty/blocksds/core/libs/libnds/lib/libnds9.a(diskio.c.o)
                0x0200ea7c                libnds_disk_read
 .text.disk_write
                0x0200eb90       0xbc /opt/wonderful/thirdparty/blocksds/core/libs/libnds/lib/libnds9.a(diskio.c.o)
                0x0200eb90                libnds_disk_write
 .text.disk_ioctl
                0x0200ec4c       0x38 /opt/wonderful/thirdparty/blocksds/core/libs/libnds/lib/libnds9.a(diskio.c.o)
                0x0200ec4c                libnds_disk_ioctl
 .text.get_fattime
                0x0200ec84       0x1c /opt/wonderful/thirdparty/blocksds/core/libs/libnds/lib/libnds9.a(diskio.c.o)
                0x0200ec84                libnds_ff_get_fattime
 .text.ff_mutex_create
                0x0200eca0       0x10 /opt/wonderful/thirdparty/blocksds/core/libs/libnds/lib/libnds9.a(ffsystem.c.o)
                0x0200eca0                libnds_ff_mutex_create
 .text.ff_mutex_delete
                0x0200ecb0        0x4 /opt/wonderful/thirdparty/blocksds/core/libs/libnds/lib/libnds9.a(ffsystem.c.o)
                0x0200ecb0                libnds_ff_mutex_delete
 .text.ff_mutex_take
                0x0200ecb4       0x1c /opt/wonderful/thirdparty/blocksds/core/libs/libnds/lib/libnds9.a(ffsystem.c.o)
                0x0200ecb4                libnds_ff_mutex_take
 .text.ff_mutex_give
                0x0200ecd0       0x10 /opt/wonderful/thirdparty/blocksds/core/libs/libnds/lib/libnds9.a(ffsystem.c.o)
                0x0200ecd0                libnds_ff_mutex_give
 .text.keyboardShiftState.part.0
                0x0200ece0       0x78 /opt/wonderful/thirdparty/blocksds/core/libs/libnds/lib/libnds9.a(keyboard.c.o)
 .text.swapKeyGfx.part.0
                0x0200ed58      0x134 /opt/wonderful/thirdparty/blocksds/core/libs/libnds/lib/libnds9.a(keyboard.c.o)
 .text.keyboardGetKey
                0x0200ee8c       0x64 /opt/wonderful/thirdparty/blocksds/core/libs/libnds/lib/libnds9.a(keyboard.c.o)
                0x0200ee8c                keyboardGetKey
 .text.keyboardUpdate
                0x0200eef0      0x11c /opt/wonderful/thirdparty/blocksds/core/libs/libnds/lib/libnds9.a(keyboard.c.o)
                0x0200eef0                keyboardUpdate
 .text.keyboardShow
                0x0200f00c      0x140 /opt/wonderful/thirdparty/blocksds/core/libs/libnds/lib/libnds9.a(keyboard.c.o)
                0x0200f00c                keyboardShow
 .text.keyboardHide
                0x0200f14c       0x90 /opt/wonderful/thirdparty/blocksds/core/libs/libnds/lib/libnds9.a(keyboard.c.o)
                0x0200f14c                keyboardHide
 .text.__ndsabi_coro_make_noctx
                0x0200f1dc       0x28 /opt/wonderful/thirdparty/blocksds/core/libs/libnds/lib/libnds9.a(coroutine.c.o)
                0x0200f1dc                __ndsabi_coro_make_noctx
 .text.__retarget_lock_acquire_recursive
                0x0200f204       0x3c /opt/wonderful/thirdparty/blocksds/core/libs/libnds/lib/libnds9.a(locks.c.o)
                0x0200f204                __retarget_lock_acquire_recursive
 .text.__retarget_lock_release_recursive
                0x0200f240       0x4c /opt/wonderful/thirdparty/blocksds/core/libs/libnds/lib/libnds9.a(locks.c.o)
                0x0200f240                __retarget_lock_release_recursive
 .text.__retarget_lock_init
                0x0200f28c       0x40 /opt/wonderful/thirdparty/blocksds/core/libs/libnds/lib/libnds9.a(locks.c.o)
                0x0200f28c                __retarget_lock_init
 .text.__retarget_lock_close
                0x0200f2cc       0x30 /opt/wonderful/thirdparty/blocksds/core/libs/libnds/lib/libnds9.a(locks.c.o)
                0x0200f2cc                __retarget_lock_close
 .text.__retarget_lock_acquire
                0x0200f2fc        0x8 /opt/wonderful/thirdparty/blocksds/core/libs/libnds/lib/libnds9.a(locks.c.o)
                0x0200f2fc                __retarget_lock_acquire
 .text.__retarget_lock_release
                0x0200f304       0x4c /opt/wonderful/thirdparty/blocksds/core/libs/libnds/lib/libnds9.a(locks.c.o)
                0x0200f304                __retarget_lock_release
 .text.ff_uni2oem
                0x0200f350       0x44 /opt/wonderful/thirdparty/blocksds/core/libs/libnds/lib/libnds9.a(ffunicode.c.o)
                0x0200f350                libnds_ff_uni2oem
 .text.ff_oem2uni
                0x0200f394       0x28 /opt/wonderful/thirdparty/blocksds/core/libs/libnds/lib/libnds9.a(ffunicode.c.o)
                0x0200f394                libnds_ff_oem2uni
 .text.ff_wtoupper
                0x0200f3bc       0xcc /opt/wonderful/thirdparty/blocksds/core/libs/libnds/lib/libnds9.a(ffunicode.c.o)
                0x0200f3bc                libnds_ff_wtoupper
 .text.getCPSR  0x0200f488        0x8 /opt/wonderful/thirdparty/blocksds/core/libs/libnds/lib/libnds9.a(cpu.s.o)
                0x0200f488                getCPSR
 .text.calloc   0x0200f490       0xb4 /opt/wonderful/toolchain/gcc-arm-none-eabi/lib/gcc/arm-none-eabi/15.2.0/../../../../arm-none-eabi/lib/thumb/arm946e-s/libc.a(malloc-calloc.c.o)
                0x0200f490                calloc
 .text.malloc_trim
                0x0200f544       0x9c /opt/wonderful/toolchain/gcc-arm-none-eabi/lib/gcc/arm-none-eabi/15.2.0/../../../../arm-none-eabi/lib/thumb/arm946e-s/libc.a(malloc-free.c.o)
                0x0200f544                malloc_trim
 .text.free     0x0200f5e0      0x164 /opt/wonderful/toolchain/gcc-arm-none-eabi/lib/gcc/arm-none-eabi/15.2.0/../../../../arm-none-eabi/lib/thumb/arm946e-s/libc.a(malloc-free.c.o)
                0x0200f5e0                __malloc_free
                0x0200f5e0                free
 .text.malloc   0x0200f744      0x434 /opt/wonderful/toolchain/gcc-arm-none-eabi/lib/gcc/arm-none-eabi/15.2.0/../../../../arm-none-eabi/lib/thumb/arm946e-s/libc.a(malloc-malloc.c.o)
                0x0200f744                malloc
 .text.realloc  0x0200fb78      0x32c /opt/wonderful/toolchain/gcc-arm-none-eabi/lib/gcc/arm-none-eabi/15.2.0/../../../../arm-none-eabi/lib/thumb/arm946e-s/libc.a(malloc-realloc.c.o)
                0x0200fb78                realloc
 .text.__libc_init_array
                0x0200fea4       0x1c /opt/wonderful/toolchain/gcc-arm-none-eabi/lib/gcc/arm-none-eabi/15.2.0/../../../../arm-none-eabi/lib/thumb/arm946e-s/libc.a(libc_misc_init.c.o)
                0x0200fea4                __libc_init_array
 .text.rand     0x0200fec0        0xc /opt/wonderful/toolchain/gcc-arm-none-eabi/lib/gcc/arm-none-eabi/15.2.0/../../../../arm-none-eabi/lib/thumb/arm946e-s/libc.a(libc_stdlib_rand.c.o)
                0x0200fec0                rand
 .text.random   0x0200fecc       0x34 /opt/wonderful/toolchain/gcc-arm-none-eabi/lib/gcc/arm-none-eabi/15.2.0/../../../../arm-none-eabi/lib/thumb/arm946e-s/libc.a(libc_stdlib_random.c.o)
                0x0200fecc                random
 .text.srand    0x0200ff00        0x8 /opt/wonderful/toolchain/gcc-arm-none-eabi/lib/gcc/arm-none-eabi/15.2.0/../../../../arm-none-eabi/lib/thumb/arm946e-s/libc.a(libc_stdlib_srand.c.o)
                0x0200ff00                srand
 .text.srandom  0x0200ff08       0x18 /opt/wonderful/toolchain/gcc-arm-none-eabi/lib/gcc/arm-none-eabi/15.2.0/../../../../arm-none-eabi/lib/thumb/arm946e-s/libc.a(libc_stdlib_srandom.c.o)
                0x0200ff08                srandom
 .text.exit     0x0200ff20        0xe /opt/wonderful/toolchain/gcc-arm-none-eabi/lib/gcc/arm-none-eabi/15.2.0/../../../../arm-none-eabi/lib/thumb/arm946e-s/libc.a(libc_stdlib_pico-exit.c.o)
                0x0200ff20                exit
 .text.memcmp   0x0200ff2e       0x1c /opt/wonderful/toolchain/gcc-arm-none-eabi/lib/gcc/arm-none-eabi/15.2.0/../../../../arm-none-eabi/lib/thumb/arm946e-s/libc.a(libc_string_memcmp.c.o)
                0x0200ff2e                memcmp
 .text.strchr   0x0200ff4a       0x1e /opt/wonderful/toolchain/gcc-arm-none-eabi/lib/gcc/arm-none-eabi/15.2.0/../../../../arm-none-eabi/lib/thumb/arm946e-s/libc.a(libc_string_strchr.c.o)
                0x0200ff4a                strchr
 .text.strdup   0x0200ff68       0x20 /opt/wonderful/toolchain/gcc-arm-none-eabi/lib/gcc/arm-none-eabi/15.2.0/../../../../arm-none-eabi/lib/thumb/arm946e-s/libc.a(libc_string_strdup.c.o)
                0x0200ff68                strdup
 .text.strncmp  0x0200ff88       0x24 /opt/wonderful/toolchain/gcc-arm-none-eabi/lib/gcc/arm-none-eabi/15.2.0/../../../../arm-none-eabi/lib/thumb/arm946e-s/libc.a(libc_string_strncmp.c.o)
                0x0200ff88                strncmp
 .text.strstr   0x0200ffac       0x2c /opt/wonderful/toolchain/gcc-arm-none-eabi/lib/gcc/arm-none-eabi/15.2.0/../../../../arm-none-eabi/lib/thumb/arm946e-s/libc.a(libc_string_strstr.c.o)
                0x0200ffac                strstr
 .text.localtime
                0x0200ffd8       0x18 /opt/wonderful/toolchain/gcc-arm-none-eabi/lib/gcc/arm-none-eabi/15.2.0/../../../../arm-none-eabi/lib/thumb/arm946e-s/libc.a(libc_time_lcltime.c.o)
                0x0200ffd8                localtime
 .text.localtime_r
                0x0200fff0      0x1f8 /opt/wonderful/toolchain/gcc-arm-none-eabi/lib/gcc/arm-none-eabi/15.2.0/../../../../arm-none-eabi/lib/thumb/arm946e-s/libc.a(libc_time_lcltime_r.c.o)
                0x0200fff0                localtime_r
 .text.time     0x020101e8       0x28 /opt/wonderful/toolchain/gcc-arm-none-eabi/lib/gcc/arm-none-eabi/15.2.0/../../../../arm-none-eabi/lib/thumb/arm946e-s/libc.a(libc_time_time.c.o)
                0x020101e8                time
 .text.__tzcalc_limits
                0x02010210      0x178 /opt/wonderful/toolchain/gcc-arm-none-eabi/lib/gcc/arm-none-eabi/15.2.0/../../../../arm-none-eabi/lib/thumb/arm946e-s/libc.a(libc_time_tzcalc_limits.c.o)
                0x02010210                __tzcalc_limits
 .text._tzset_unlocked
                0x02010388      0x3e0 /opt/wonderful/toolchain/gcc-arm-none-eabi/lib/gcc/arm-none-eabi/15.2.0/../../../../arm-none-eabi/lib/thumb/arm946e-s/libc.a(libc_time_tzset.c.o)
                0x02010388                _tzset_unlocked
 .text.fclose   0x02010768       0x18 /opt/wonderful/toolchain/gcc-arm-none-eabi/lib/gcc/arm-none-eabi/15.2.0/../../../../arm-none-eabi/lib/thumb/arm946e-s/libc.a(libc_tinystdio_fclose.c.o)
                0x02010768                fclose
 .text.fdopen   0x02010780       0xa4 /opt/wonderful/toolchain/gcc-arm-none-eabi/lib/gcc/arm-none-eabi/15.2.0/../../../../arm-none-eabi/lib/thumb/arm946e-s/libc.a(libc_tinystdio_fdopen.c.o)
                0x02010780                fdopen
 .text.fflush   0x02010824       0x10 /opt/wonderful/toolchain/gcc-arm-none-eabi/lib/gcc/arm-none-eabi/15.2.0/../../../../arm-none-eabi/lib/thumb/arm946e-s/libc.a(libc_tinystdio_fflush.c.o)
                0x02010824                fflush
 .text.fileno   0x02010834       0x10 /opt/wonderful/toolchain/gcc-arm-none-eabi/lib/gcc/arm-none-eabi/15.2.0/../../../../arm-none-eabi/lib/thumb/arm946e-s/libc.a(libc_tinystdio_fileno.c.o)
                0x02010834                fileno
 .text.fopen    0x02010844       0x2e /opt/wonderful/toolchain/gcc-arm-none-eabi/lib/gcc/arm-none-eabi/15.2.0/../../../../arm-none-eabi/lib/thumb/arm946e-s/libc.a(libc_tinystdio_fopen.c.o)
                0x02010844                fopen
 *fill*         0x02010872        0x2 ff
 .text.fread    0x02010874      0x1b8 /opt/wonderful/toolchain/gcc-arm-none-eabi/lib/gcc/arm-none-eabi/15.2.0/../../../../arm-none-eabi/lib/thumb/arm946e-s/libc.a(libc_tinystdio_fread.c.o)
                0x02010874                fread
 .text.fseek    0x02010a2c       0x40 /opt/wonderful/toolchain/gcc-arm-none-eabi/lib/gcc/arm-none-eabi/15.2.0/../../../../arm-none-eabi/lib/thumb/arm946e-s/libc.a(libc_tinystdio_fseek.c.o)
                0x02010a2c                fseek
 .text.fseeko   0x02010a6c       0x40 /opt/wonderful/toolchain/gcc-arm-none-eabi/lib/gcc/arm-none-eabi/15.2.0/../../../../arm-none-eabi/lib/thumb/arm946e-s/libc.a(libc_tinystdio_fseeko.c.o)
                0x02010a6c                fseeko
 .text.ftell    0x02010aac       0x3c /opt/wonderful/toolchain/gcc-arm-none-eabi/lib/gcc/arm-none-eabi/15.2.0/../../../../arm-none-eabi/lib/thumb/arm946e-s/libc.a(libc_tinystdio_ftell.c.o)
                0x02010aac                ftell
 .text.printf   0x02010ae8       0x20 /opt/wonderful/toolchain/gcc-arm-none-eabi/lib/gcc/arm-none-eabi/15.2.0/../../../../arm-none-eabi/lib/thumb/arm946e-s/libc.a(libc_tinystdio_printf.c.o)
                0x02010ae8                printf
 .text.putchar  0x02010b08       0x10 /opt/wonderful/toolchain/gcc-arm-none-eabi/lib/gcc/arm-none-eabi/15.2.0/../../../../arm-none-eabi/lib/thumb/arm946e-s/libc.a(libc_tinystdio_putchar.c.o)
                0x02010b08                putchar
                0x02010b08                putchar_unlocked
 .text.puts     0x02010b18       0x44 /opt/wonderful/toolchain/gcc-arm-none-eabi/lib/gcc/arm-none-eabi/15.2.0/../../../../arm-none-eabi/lib/thumb/arm946e-s/libc.a(libc_tinystdio_puts.c.o)
                0x02010b18                puts
 .text.rewind   0x02010b5c       0x16 /opt/wonderful/toolchain/gcc-arm-none-eabi/lib/gcc/arm-none-eabi/15.2.0/../../../../arm-none-eabi/lib/thumb/arm946e-s/libc.a(libc_tinystdio_rewind.c.o)
                0x02010b5c                rewind
 .text.setvbuf  0x02010b72       0x18 /opt/wonderful/toolchain/gcc-arm-none-eabi/lib/gcc/arm-none-eabi/15.2.0/../../../../arm-none-eabi/lib/thumb/arm946e-s/libc.a(libc_tinystdio_setvbuf.c.o)
                0x02010b72                setvbuf
 *fill*         0x02010b8a        0x2 ff
 .text.__stdio_flags
                0x02010b8c       0x58 /opt/wonderful/toolchain/gcc-arm-none-eabi/lib/gcc/arm-none-eabi/15.2.0/../../../../arm-none-eabi/lib/thumb/arm946e-s/libc.a(libc_tinystdio_sflags.c.o)
                0x02010b8c                __stdio_flags
 .text.snprintf
                0x02010be4       0x54 /opt/wonderful/toolchain/gcc-arm-none-eabi/lib/gcc/arm-none-eabi/15.2.0/../../../../arm-none-eabi/lib/thumb/arm946e-s/libc.a(libc_tinystdio_snprintf.c.o)
                0x02010be4                snprintf
 .text.sscanf   0x02010c38       0x3c /opt/wonderful/toolchain/gcc-arm-none-eabi/lib/gcc/arm-none-eabi/15.2.0/../../../../arm-none-eabi/lib/thumb/arm946e-s/libc.a(libc_tinystdio_sscanf.c.o)
                0x02010c38                sscanf
 .text.strtoul  0x02010c74      0x12c /opt/wonderful/toolchain/gcc-arm-none-eabi/lib/gcc/arm-none-eabi/15.2.0/../../../../arm-none-eabi/lib/thumb/arm946e-s/libc.a(libc_tinystdio_strtoul.c.o)
                0x02010c74                strtoul
 .text.__ultoa_invert
                0x02010da0       0x52 /opt/wonderful/toolchain/gcc-arm-none-eabi/lib/gcc/arm-none-eabi/15.2.0/../../../../arm-none-eabi/lib/thumb/arm946e-s/libc.a(libc_tinystdio_vfprintf.c.o)
 *fill*         0x02010df2        0x2 ff
 .text.skip_to_arg
                0x02010df4      0x13c /opt/wonderful/toolchain/gcc-arm-none-eabi/lib/gcc/arm-none-eabi/15.2.0/../../../../arm-none-eabi/lib/thumb/arm946e-s/libc.a(libc_tinystdio_vfprintf.c.o)
 .text.vfprintf
                0x02010f30      0x9c4 /opt/wonderful/toolchain/gcc-arm-none-eabi/lib/gcc/arm-none-eabi/15.2.0/../../../../arm-none-eabi/lib/thumb/arm946e-s/libc.a(libc_tinystdio_vfprintf.c.o)
                0x02010f30                __d_vfprintf
                0x02010f30                vfprintf
 .text.scanf_getc
                0x020118f4       0x14 /opt/wonderful/toolchain/gcc-arm-none-eabi/lib/gcc/arm-none-eabi/15.2.0/../../../../arm-none-eabi/lib/thumb/arm946e-s/libc.a(libc_tinystdio_vfscanf.c.o)
 .text.scanf_ungetc
                0x02011908       0x12 /opt/wonderful/toolchain/gcc-arm-none-eabi/lib/gcc/arm-none-eabi/15.2.0/../../../../arm-none-eabi/lib/thumb/arm946e-s/libc.a(libc_tinystdio_vfscanf.c.o)
 .text.skip_spaces
                0x0201191a       0x2a /opt/wonderful/toolchain/gcc-arm-none-eabi/lib/gcc/arm-none-eabi/15.2.0/../../../../arm-none-eabi/lib/thumb/arm946e-s/libc.a(libc_tinystdio_vfscanf.c.o)
 .text.putval   0x02011944       0x2a /opt/wonderful/toolchain/gcc-arm-none-eabi/lib/gcc/arm-none-eabi/15.2.0/../../../../arm-none-eabi/lib/thumb/arm946e-s/libc.a(libc_tinystdio_vfscanf.c.o)
 *fill*         0x0201196e        0x2 ff
 .text.vfscanf  0x02011970      0x990 /opt/wonderful/toolchain/gcc-arm-none-eabi/lib/gcc/arm-none-eabi/15.2.0/../../../../arm-none-eabi/lib/thumb/arm946e-s/libc.a(libc_tinystdio_vfscanf.c.o)
                0x02011970                __d_vfscanf
                0x02011970                vfscanf
 .text.vprintf  0x02012300       0x14 /opt/wonderful/toolchain/gcc-arm-none-eabi/lib/gcc/arm-none-eabi/15.2.0/../../../../arm-none-eabi/lib/thumb/arm946e-s/libc.a(libc_tinystdio_vprintf.c.o)
                0x02012300                vprintf
 .text.mulShift64
                0x02012314       0x62 /opt/wonderful/toolchain/gcc-arm-none-eabi/lib/gcc/arm-none-eabi/15.2.0/../../../../arm-none-eabi/lib/thumb/arm946e-s/libc.a(libc_tinystdio_atod_ryu.c.o)
 *fill*         0x02012376        0x2 ff
 .text.__atod_engine
                0x02012378      0x158 /opt/wonderful/toolchain/gcc-arm-none-eabi/lib/gcc/arm-none-eabi/15.2.0/../../../../arm-none-eabi/lib/thumb/arm946e-s/libc.a(libc_tinystdio_atod_ryu.c.o)
                0x02012378                __atod_engine
 .text.__atof_engine
                0x020124d0      0x120 /opt/wonderful/toolchain/gcc-arm-none-eabi/lib/gcc/arm-none-eabi/15.2.0/../../../../arm-none-eabi/lib/thumb/arm946e-s/libc.a(libc_tinystdio_atof_ryu.c.o)
                0x020124d0                __atof_engine
 .text.mulShiftAll64
                0x020125f0      0x202 /opt/wonderful/toolchain/gcc-arm-none-eabi/lib/gcc/arm-none-eabi/15.2.0/../../../../arm-none-eabi/lib/thumb/arm946e-s/libc.a(libc_tinystdio_dtoa_ryu.c.o)
 *fill*         0x020127f2        0x2 ff
 .text.div10    0x020127f4       0x28 /opt/wonderful/toolchain/gcc-arm-none-eabi/lib/gcc/arm-none-eabi/15.2.0/../../../../arm-none-eabi/lib/thumb/arm946e-s/libc.a(libc_tinystdio_dtoa_ryu.c.o)
 .text.__dtoa_engine
                0x0201281c      0x4b8 /opt/wonderful/toolchain/gcc-arm-none-eabi/lib/gcc/arm-none-eabi/15.2.0/../../../../arm-none-eabi/lib/thumb/arm946e-s/libc.a(libc_tinystdio_dtoa_ryu.c.o)
                0x0201281c                __dtoa_engine
 .text.mulShift32
                0x02012cd4       0x44 /opt/wonderful/toolchain/gcc-arm-none-eabi/lib/gcc/arm-none-eabi/15.2.0/../../../../arm-none-eabi/lib/thumb/arm946e-s/libc.a(libc_tinystdio_ryu_divpow2.c.o)
 .text.__mulPow5InvDivPow2
                0x02012d18       0x28 /opt/wonderful/toolchain/gcc-arm-none-eabi/lib/gcc/arm-none-eabi/15.2.0/../../../../arm-none-eabi/lib/thumb/arm946e-s/libc.a(libc_tinystdio_ryu_divpow2.c.o)
                0x02012d18                __mulPow5InvDivPow2
 .text.__mulPow5divPow2
                0x02012d40       0x20 /opt/wonderful/toolchain/gcc-arm-none-eabi/lib/gcc/arm-none-eabi/15.2.0/../../../../arm-none-eabi/lib/thumb/arm946e-s/libc.a(libc_tinystdio_ryu_divpow2.c.o)
                0x02012d40                __mulPow5divPow2
 .text.__log10Pow2
                0x02012d60        0xc /opt/wonderful/toolchain/gcc-arm-none-eabi/lib/gcc/arm-none-eabi/15.2.0/../../../../arm-none-eabi/lib/thumb/arm946e-s/libc.a(libc_tinystdio_ryu_log10.c.o)
                0x02012d60                __log10Pow2
 .text.__log10Pow5
                0x02012d6c        0xc /opt/wonderful/toolchain/gcc-arm-none-eabi/lib/gcc/arm-none-eabi/15.2.0/../../../../arm-none-eabi/lib/thumb/arm946e-s/libc.a(libc_tinystdio_ryu_log10.c.o)
                0x02012d6c                __log10Pow5
 .text.__log2pow5
                0x02012d78        0xc /opt/wonderful/toolchain/gcc-arm-none-eabi/lib/gcc/arm-none-eabi/15.2.0/../../../../arm-none-eabi/lib/thumb/arm946e-s/libc.a(libc_tinystdio_ryu_log2pow5.c.o)
                0x02012d78                __log2pow5
 .text.__ceil_log2pow5
                0x02012d84       0x10 /opt/wonderful/toolchain/gcc-arm-none-eabi/lib/gcc/arm-none-eabi/15.2.0/../../../../arm-none-eabi/lib/thumb/arm946e-s/libc.a(libc_tinystdio_ryu_log2pow5.c.o)
                0x02012d84                __ceil_log2pow5
 .text.__pow5bits
                0x02012d94       0x10 /opt/wonderful/toolchain/gcc-arm-none-eabi/lib/gcc/arm-none-eabi/15.2.0/../../../../arm-none-eabi/lib/thumb/arm946e-s/libc.a(libc_tinystdio_ryu_pow5bits.c.o)
                0x02012d94                __pow5bits
 .text.__pow5Factor
                0x02012da4       0x2c /opt/wonderful/toolchain/gcc-arm-none-eabi/lib/gcc/arm-none-eabi/15.2.0/../../../../arm-none-eabi/lib/thumb/arm946e-s/libc.a(libc_tinystdio_ryu_table.c.o)
                0x02012da4                __pow5Factor
 .text.__double_computePow5
                0x02012dd0      0x100 /opt/wonderful/toolchain/gcc-arm-none-eabi/lib/gcc/arm-none-eabi/15.2.0/../../../../arm-none-eabi/lib/thumb/arm946e-s/libc.a(libc_tinystdio_ryu_table.c.o)
                0x02012dd0                __double_computePow5
 .text.__double_computeInvPow5
                0x02012ed0       0xfc /opt/wonderful/toolchain/gcc-arm-none-eabi/lib/gcc/arm-none-eabi/15.2.0/../../../../arm-none-eabi/lib/thumb/arm946e-s/libc.a(libc_tinystdio_ryu_table.c.o)
                0x02012ed0                __double_computeInvPow5
 .text.__umul128
                0x02012fcc       0x6c /opt/wonderful/toolchain/gcc-arm-none-eabi/lib/gcc/arm-none-eabi/15.2.0/../../../../arm-none-eabi/lib/thumb/arm946e-s/libc.a(libc_tinystdio_ryu_umul128.c.o)
                0x02012fcc                __umul128
 .text.__shiftright128
                0x02013038       0x28 /opt/wonderful/toolchain/gcc-arm-none-eabi/lib/gcc/arm-none-eabi/15.2.0/../../../../arm-none-eabi/lib/thumb/arm946e-s/libc.a(libc_tinystdio_ryu_umul128.c.o)
                0x02013038                __shiftright128
 .text.isnan    0x02013060       0x18 /opt/wonderful/toolchain/gcc-arm-none-eabi/lib/gcc/arm-none-eabi/15.2.0/../../../../arm-none-eabi/lib/thumb/arm946e-s/libc.a(libm_common_s_isnan.c.o)
                0x02013060                __isnanl
                0x02013060                isnan
                0x02013060                isnanl
                0x02013060                __isnand
 .text.memmove  0x02013078       0x26 /opt/wonderful/toolchain/gcc-arm-none-eabi/lib/gcc/arm-none-eabi/15.2.0/../../../../arm-none-eabi/lib/thumb/arm946e-s/libc.a(memmove.c.o)
                0x02013078                memmove
                0x02013078                __aeabi_memmove8
                0x02013078                __aeabi_memmove
                0x02013078                __aeabi_memmove4
 *fill*         0x0201309e        0x2 ff
 .text.__libc_fini_array
                0x020130a0       0x1c /opt/wonderful/toolchain/gcc-arm-none-eabi/lib/gcc/arm-none-eabi/15.2.0/../../../../arm-none-eabi/lib/thumb/arm946e-s/libc.a(libc_misc_fini.c.o)
                0x020130a0                __libc_fini_array
 .text.getenv   0x020130bc        0xa /opt/wonderful/toolchain/gcc-arm-none-eabi/lib/gcc/arm-none-eabi/15.2.0/../../../../arm-none-eabi/lib/thumb/arm946e-s/libc.a(libc_stdlib_getenv.c.o)
                0x020130bc                getenv
 *fill*         0x020130c6        0x2 ff
 .text._findenv
                0x020130c8       0x7c /opt/wonderful/toolchain/gcc-arm-none-eabi/lib/gcc/arm-none-eabi/15.2.0/../../../../arm-none-eabi/lib/thumb/arm946e-s/libc.a(libc_stdlib_getenv_r.c.o)
                0x020130c8                _findenv
 .text.strnlen  0x02013144       0x16 /opt/wonderful/toolchain/gcc-arm-none-eabi/lib/gcc/arm-none-eabi/15.2.0/../../../../arm-none-eabi/lib/thumb/arm946e-s/libc.a(libc_string_strnlen.c.o)
                0x02013144                strnlen
 *fill*         0x0201315a        0x2 ff
 .text.__gettzinfo
                0x0201315c        0x8 /opt/wonderful/toolchain/gcc-arm-none-eabi/lib/gcc/arm-none-eabi/15.2.0/../../../../arm-none-eabi/lib/thumb/arm946e-s/libc.a(libc_time_gettzinfo.c.o)
                0x0201315c                __gettzinfo
 .text.gmtime_r
                0x02013164      0x1bc /opt/wonderful/toolchain/gcc-arm-none-eabi/lib/gcc/arm-none-eabi/15.2.0/../../../../arm-none-eabi/lib/thumb/arm946e-s/libc.a(libc_time_gmtime_r.c.o)
                0x02013164                gmtime_r
 .text.__picolibc_non_atomic_load_ungetc
                0x02013320        0x4 /opt/wonderful/toolchain/gcc-arm-none-eabi/lib/gcc/arm-none-eabi/15.2.0/../../../../arm-none-eabi/lib/thumb/arm946e-s/libc.a(libc_tinystdio_atomic_load.c.o)
                0x02013320                __atomic_load_ungetc
                0x02013320                __picolibc_non_atomic_load_ungetc
 .text.__bufio_lock
                0x02013324       0x18 /opt/wonderful/toolchain/gcc-arm-none-eabi/lib/gcc/arm-none-eabi/15.2.0/../../../../arm-none-eabi/lib/thumb/arm946e-s/libc.a(libc_tinystdio_bufio.c.o)
 .text.__bufio_flush_locked
                0x0201333c       0x66 /opt/wonderful/toolchain/gcc-arm-none-eabi/lib/gcc/arm-none-eabi/15.2.0/../../../../arm-none-eabi/lib/thumb/arm946e-s/libc.a(libc_tinystdio_bufio.c.o)
                0x0201333c                __bufio_flush_locked
 .text.__bufio_fill_locked
                0x020133a2       0x2c /opt/wonderful/toolchain/gcc-arm-none-eabi/lib/gcc/arm-none-eabi/15.2.0/../../../../arm-none-eabi/lib/thumb/arm946e-s/libc.a(libc_tinystdio_bufio.c.o)
                0x020133a2                __bufio_fill_locked
 .text.__bufio_flush
                0x020133ce       0x1a /opt/wonderful/toolchain/gcc-arm-none-eabi/lib/gcc/arm-none-eabi/15.2.0/../../../../arm-none-eabi/lib/thumb/arm946e-s/libc.a(libc_tinystdio_bufio.c.o)
                0x020133ce                __bufio_flush
 .text.__bufio_setdir_locked
                0x020133e8       0x1a /opt/wonderful/toolchain/gcc-arm-none-eabi/lib/gcc/arm-none-eabi/15.2.0/../../../../arm-none-eabi/lib/thumb/arm946e-s/libc.a(libc_tinystdio_bufio.c.o)
                0x020133e8                __bufio_setdir_locked
 .text.__bufio_put
                0x02013402       0x50 /opt/wonderful/toolchain/gcc-arm-none-eabi/lib/gcc/arm-none-eabi/15.2.0/../../../../arm-none-eabi/lib/thumb/arm946e-s/libc.a(libc_tinystdio_bufio.c.o)
                0x02013402                __bufio_put
 *fill*         0x02013452        0x2 ff
 .text.__bufio_get
                0x02013454       0x70 /opt/wonderful/toolchain/gcc-arm-none-eabi/lib/gcc/arm-none-eabi/15.2.0/../../../../arm-none-eabi/lib/thumb/arm946e-s/libc.a(libc_tinystdio_bufio.c.o)
                0x02013454                __bufio_get
 .text.__bufio_seek
                0x020134c4       0x6a /opt/wonderful/toolchain/gcc-arm-none-eabi/lib/gcc/arm-none-eabi/15.2.0/../../../../arm-none-eabi/lib/thumb/arm946e-s/libc.a(libc_tinystdio_bufio.c.o)
                0x020134c4                __bufio_seek
 .text.__bufio_setvbuf
                0x0201352e       0x88 /opt/wonderful/toolchain/gcc-arm-none-eabi/lib/gcc/arm-none-eabi/15.2.0/../../../../arm-none-eabi/lib/thumb/arm946e-s/libc.a(libc_tinystdio_bufio.c.o)
                0x0201352e                __bufio_setvbuf
 .text.__bufio_close
                0x020135b6       0x4a /opt/wonderful/toolchain/gcc-arm-none-eabi/lib/gcc/arm-none-eabi/15.2.0/../../../../arm-none-eabi/lib/thumb/arm946e-s/libc.a(libc_tinystdio_bufio.c.o)
                0x020135b6                __bufio_close
 .text.__dtox_engine
                0x02013600      0x12c /opt/wonderful/toolchain/gcc-arm-none-eabi/lib/gcc/arm-none-eabi/15.2.0/../../../../arm-none-eabi/lib/thumb/arm946e-s/libc.a(libc_tinystdio_dtox_engine.c.o)
                0x02013600                __dtox_engine
 .text.__picolibc_non_atomic_exchange_ungetc
                0x0201372c        0x8 /opt/wonderful/toolchain/gcc-arm-none-eabi/lib/gcc/arm-none-eabi/15.2.0/../../../../arm-none-eabi/lib/thumb/arm946e-s/libc.a(libc_tinystdio_exchange.c.o)
                0x0201372c                __atomic_exchange_ungetc
                0x0201372c                __picolibc_non_atomic_exchange_ungetc
 .text.getc     0x02013734       0x44 /opt/wonderful/toolchain/gcc-arm-none-eabi/lib/gcc/arm-none-eabi/15.2.0/../../../../arm-none-eabi/lib/thumb/arm946e-s/libc.a(libc_tinystdio_fgetc.c.o)
                0x02013734                getc_unlocked
                0x02013734                getc
                0x02013734                fgetc
 .text.__file_str_get
                0x02013778       0x16 /opt/wonderful/toolchain/gcc-arm-none-eabi/lib/gcc/arm-none-eabi/15.2.0/../../../../arm-none-eabi/lib/thumb/arm946e-s/libc.a(libc_tinystdio_filestrget.c.o)
                0x02013778                __file_str_get
 .text.__file_str_put
                0x0201378e       0x10 /opt/wonderful/toolchain/gcc-arm-none-eabi/lib/gcc/arm-none-eabi/15.2.0/../../../../arm-none-eabi/lib/thumb/arm946e-s/libc.a(libc_tinystdio_filestrput.c.o)
                0x0201378e                __file_str_put
 .text.putc     0x0201379e       0x2c /opt/wonderful/toolchain/gcc-arm-none-eabi/lib/gcc/arm-none-eabi/15.2.0/../../../../arm-none-eabi/lib/thumb/arm946e-s/libc.a(libc_tinystdio_fputc.c.o)
                0x0201379e                putc_unlocked
                0x0201379e                putc
                0x0201379e                fputc
 .text.ungetc   0x020137ca       0x36 /opt/wonderful/toolchain/gcc-arm-none-eabi/lib/gcc/arm-none-eabi/15.2.0/../../../../arm-none-eabi/lib/thumb/arm946e-s/libc.a(libc_tinystdio_ungetc.c.o)
                0x020137ca                ungetc
 .text.__picolibc_non_atomic_compare_exchange_ungetc
                0x02013800       0x12 /opt/wonderful/toolchain/gcc-arm-none-eabi/lib/gcc/arm-none-eabi/15.2.0/../../../../arm-none-eabi/lib/thumb/arm946e-s/libc.a(libc_tinystdio_compare_exchange.c.o)
                0x02013800                __picolibc_non_atomic_compare_exchange_ungetc
                0x02013800                __atomic_compare_exchange_ungetc
 *fill*         0x02013812        0x2 ff
 .text.mmFlushMemoryBank
                0x02013814       0x24 /opt/wonderful/thirdparty/blocksds/core/libs/maxmod/lib/libmm9.a(memory.c.o)
 .text.mmLoadEffect
                0x02013838       0x54 /opt/wonderful/thirdparty/blocksds/core/libs/maxmod/lib/libmm9.a(memory.c.o)
                0x02013838                mmLoadEffect
 .text.mmUnloadEffect
                0x0201388c       0x50 /opt/wonderful/thirdparty/blocksds/core/libs/maxmod/lib/libmm9.a(memory.c.o)
                0x0201388c                mmUnloadEffect
 .text.mmUnload
                0x020138dc       0x6c /opt/wonderful/thirdparty/blocksds/core/libs/maxmod/lib/libmm9.a(memory.c.o)
                0x020138dc                mmUnload
 .text.mmLoad   0x02013948       0x80 /opt/wonderful/thirdparty/blocksds/core/libs/maxmod/lib/libmm9.a(memory.c.o)
                0x02013948                mmLoad
 .text.mmInit   0x020139c8       0x78 /opt/wonderful/thirdparty/blocksds/core/libs/maxmod/lib/libmm9.a(main_ds9.c.o)
                0x020139c8                mmInit
 .text.mmTryToInitializeDefault
                0x02013a40       0x2c /opt/wonderful/thirdparty/blocksds/core/libs/maxmod/lib/libmm9.a(main_ds9.c.o)
                0x02013a40                mmTryToInitializeDefault
 .text.mmInitDefault
                0x02013a6c       0x4c /opt/wonderful/thirdparty/blocksds/core/libs/maxmod/lib/libmm9.a(main_ds9.c.o)
                0x02013a6c                mmInitDefault
 .text.SendString
                0x02013ab8       0x14 /opt/wonderful/thirdparty/blocksds/core/libs/maxmod/lib/libmm9.a(comms_ds9.c.o)
 .text.SendCommandHwordByte
                0x02013acc       0x1c /opt/wonderful/thirdparty/blocksds/core/libs/maxmod/lib/libmm9.a(comms_ds9.c.o)
 .text.SendCommandHword
                0x02013ae8       0x18 /opt/wonderful/thirdparty/blocksds/core/libs/maxmod/lib/libmm9.a(comms_ds9.c.o)
 .text.mmWaitForHandle
                0x02013b00       0x2c /opt/wonderful/thirdparty/blocksds/core/libs/maxmod/lib/libmm9.a(comms_ds9.c.o)
 .text.mmReceiveMessageValue32
                0x02013b2c       0x4c /opt/wonderful/thirdparty/blocksds/core/libs/maxmod/lib/libmm9.a(comms_ds9.c.o)
 .text.mmSendBank
                0x02013b78       0x1a /opt/wonderful/thirdparty/blocksds/core/libs/maxmod/lib/libmm9.a(comms_ds9.c.o)
                0x02013b78                mmSendBank
 *fill*         0x02013b92        0x2 ff
 .text.mmStart  0x02013b94       0x1c /opt/wonderful/thirdparty/blocksds/core/libs/maxmod/lib/libmm9.a(comms_ds9.c.o)
                0x02013b94                mmStart
 .text.mmSetModuleVolume
                0x02013bb0       0x10 /opt/wonderful/thirdparty/blocksds/core/libs/maxmod/lib/libmm9.a(comms_ds9.c.o)
                0x02013bb0                mmSetModuleVolume
 .text.mmEffect
                0x02013bc0       0x12 /opt/wonderful/thirdparty/blocksds/core/libs/maxmod/lib/libmm9.a(comms_ds9.c.o)
                0x02013bc0                mmEffect
 *fill*         0x02013bd2        0x2 ff
 .text.mmSetupComms
                0x02013bd4       0x18 /opt/wonderful/thirdparty/blocksds/core/libs/maxmod/lib/libmm9.a(comms_ds9.c.o)
                0x02013bd4                mmSetupComms
 .text.mmLoadDataFromSoundBank
                0x02013bec       0xcc /opt/wonderful/thirdparty/blocksds/core/libs/maxmod/lib/libmm9.a(soundbank.c.o)
 .text.mmsHandleFileOp
                0x02013cb8       0x2a /opt/wonderful/thirdparty/blocksds/core/libs/maxmod/lib/libmm9.a(soundbank.c.o)
 *fill*         0x02013ce2        0x2 ff
 .text.mmSoundBankInFiles
                0x02013ce4       0x2c /opt/wonderful/thirdparty/blocksds/core/libs/maxmod/lib/libmm9.a(soundbank.c.o)
                0x02013ce4                mmSoundBankInFiles
 .text.gettimeofday
                0x02013d10       0x1c /opt/wonderful/thirdparty/blocksds/core/libs/libnds/lib/libnds9.a(syscalls.c.o)
                0x02013d10                gettimeofday
 *fill*         0x02013d2c        0x4 ff
 .text.gettimeofday.__stub
                0x02013d30       0x38 linker stubs
 *(EXCLUDE_FILE(*.twl*) .gnu.warning)
 *(EXCLUDE_FILE(*.twl*) .gnu.linkonce.t*)
 *(.glue_7)
 .glue_7        0x02013d68        0x0 linker stubs
 *(.glue_7t)
 .glue_7t       0x02013d68        0x0 linker stubs
                0x02013d68                        . = ALIGN (0x4)

.vfp11_veneer   0x02013d68        0x0
 .vfp11_veneer  0x02013d68        0x0 linker stubs

.v4_bx          0x02013d68        0x0
 .v4_bx         0x02013d68        0x0 linker stubs

.iplt           0x02013d68        0x0
 .iplt          0x02013d68        0x0 /opt/wonderful/thirdparty/blocksds/core/sys/crts/ds_arm9_crt0.o

.fini           0x02013d68        0x8
 *(.fini)
 .fini          0x02013d68        0x8 /opt/wonderful/toolchain/gcc-arm-none-eabi/lib/gcc/arm-none-eabi/15.2.0/thumb/arm946e-s/crtn.o
                0x02013d70                        __text_end = .

.rodata         0x02013d70     0x1af8
 *(EXCLUDE_FILE(*.twl*) .rodata)
 .rodata        0x02013d70       0x90 /opt/wonderful/thirdparty/blocksds/external/nflib/lib/libnflib.a(nf_sprite256.c.o)
 .rodata        0x02013e00       0x14 /opt/wonderful/thirdparty/blocksds/core/libs/libnds/lib/libnds9.a(fatfs.c.o)
 .rodata        0x02013e14       0x40 /opt/wonderful/thirdparty/blocksds/core/libs/libnds/lib/libnds9.a(exceptions.c.o)
 .rodata        0x02013e54       0x18 /opt/wonderful/toolchain/gcc-arm-none-eabi/lib/gcc/arm-none-eabi/15.2.0/../../../../arm-none-eabi/lib/thumb/arm946e-s/libc.a(libc_time_month_lengths.c.o)
                0x02013e54                __month_lengths
 .rodata        0x02013e6c        0xb /opt/wonderful/toolchain/gcc-arm-none-eabi/lib/gcc/arm-none-eabi/15.2.0/../../../../arm-none-eabi/lib/thumb/arm946e-s/libc.a(libc_tinystdio_vfscanf.c.o)
 *fill*         0x02013e77        0x1 ff
 .rodata        0x02013e78      0x340 /opt/wonderful/toolchain/gcc-arm-none-eabi/lib/gcc/arm-none-eabi/15.2.0/../../../../arm-none-eabi/lib/thumb/arm946e-s/libc.a(libc_tinystdio_ryu_table.c.o)
 .rodata        0x020141b8        0x4 /opt/wonderful/toolchain/gcc-arm-none-eabi/lib/gcc/arm-none-eabi/15.2.0/../../../../arm-none-eabi/lib/thumb/arm946e-s/libc.a(libc_stdlib_environ.c.o)
 *all.rodata*(*)
 *(EXCLUDE_FILE(*.twl*) .roda)
 *(EXCLUDE_FILE(*.twl*) .rodata.*)
 .rodata._Z11init_systemv.str1.4
                0x020141bc      0x955 build/VoltorbFlip/source/engine/engineInitializer.cpp.o
                                 0x1d (size before relaxing)
 .rodata._Z8init_ramv.str1.4
                0x02014b11        0x0 build/VoltorbFlip/source/engine/engineInitializer.cpp.o
                                 0x3e (size before relaxing)
 .rodata._Z11updateScorev.str1.4
                0x02014b11        0x0 build/VoltorbFlip/source/media/gameGraphic.cpp.o
                                  0x5 (size before relaxing)
 .rodata._Z18init_game_graphicsv.str1.4
                0x02014b11        0x0 build/VoltorbFlip/source/media/gameMedia.cpp.o
                                  0xa (size before relaxing)
 *fill*         0x02014b11        0x3 ff
 .rodata._ZL10digit_font
                0x02014b14      0x258 build/VoltorbFlip/source/media/gameMedia.cpp.o
 .rodata.NF_Load16bImgData.part.0.str1.4
                0x02014d6c        0x0 /opt/wonderful/thirdparty/blocksds/external/nflib/lib/libnflib.a(nf_bitmapbg.c.o)
                                  0xa (size before relaxing)
 .rodata.NF_Load8bitsBg.str1.4
                0x02014d6c        0x0 /opt/wonderful/thirdparty/blocksds/external/nflib/lib/libnflib.a(nf_bitmapbg.c.o)
                                 0x16 (size before relaxing)
 .rodata.NF_Unload8bitsBg.str1.4
                0x02014d6c        0x0 /opt/wonderful/thirdparty/blocksds/external/nflib/lib/libnflib.a(nf_bitmapbg.c.o)
                                  0xa (size before relaxing)
 .rodata.NF_SpriteFrame.str1.4
                0x02014d6c        0x0 /opt/wonderful/thirdparty/blocksds/external/nflib/lib/libnflib.a(nf_2d.c.o)
                                 0x15 (size before relaxing)
 .rodata.NF_Error.str1.4
                0x02014d6c        0x0 /opt/wonderful/thirdparty/blocksds/external/nflib/lib/libnflib.a(nf_basic.c.o)
                                0x408 (size before relaxing)
 .rodata.NF_Error
                0x02014d6c       0x5c /opt/wonderful/thirdparty/blocksds/external/nflib/lib/libnflib.a(nf_basic.c.o)
 .rodata.NF_SetRootFolder.str1.4
                0x02014dc8        0x0 /opt/wonderful/thirdparty/blocksds/external/nflib/lib/libnflib.a(nf_basic.c.o)
                                0x256 (size before relaxing)
 .rodata.NF_FileLoad.str1.4
                0x02014dc8        0x0 /opt/wonderful/thirdparty/blocksds/external/nflib/lib/libnflib.a(nf_basic.c.o)
                                  0x3 (size before relaxing)
 .rodata.NF_LoadSpriteGfx.str1.4
                0x02014dc8        0x0 /opt/wonderful/thirdparty/blocksds/external/nflib/lib/libnflib.a(nf_sprite256.c.o)
                                 0x1a (size before relaxing)
 .rodata.NF_LoadSpritePal.str1.4
                0x02014dc8        0x0 /opt/wonderful/thirdparty/blocksds/external/nflib/lib/libnflib.a(nf_sprite256.c.o)
                                 0x1a (size before relaxing)
 .rodata.NF_VramSpriteGfx.str1.4
                0x02014dc8        0x0 /opt/wonderful/thirdparty/blocksds/external/nflib/lib/libnflib.a(nf_sprite256.c.o)
                                 0x20 (size before relaxing)
 .rodata.NF_VramSpritePal.str1.4
                0x02014dc8        0x0 /opt/wonderful/thirdparty/blocksds/external/nflib/lib/libnflib.a(nf_sprite256.c.o)
                                 0x14 (size before relaxing)
 .rodata.NF_CreateSprite.str1.4
                0x02014dc8        0x0 /opt/wonderful/thirdparty/blocksds/external/nflib/lib/libnflib.a(nf_sprite256.c.o)
                                 0x18 (size before relaxing)
 .rodata.SIN_LUT
                0x02014dc8      0x102 /opt/wonderful/thirdparty/blocksds/core/libs/libnds/lib/libnds9.a(trig.c.o)
                0x02014dc8                SIN_LUT
 *fill*         0x02014eca        0x2 ff
 .rodata.CSWTCH.24
                0x02014ecc        0xc /opt/wonderful/thirdparty/blocksds/core/libs/libnds/lib/libnds9.a(filesystem.c.o)
 .rodata.fatGetDefaultCwd.str1.4
                0x02014ed8        0x0 /opt/wonderful/thirdparty/blocksds/core/libs/libnds/lib/libnds9.a(fatfs.c.o)
                                  0xd (size before relaxing)
 .rodata.nitrofs_use_for_path.str1.4
                0x02014ed8        0x0 /opt/wonderful/thirdparty/blocksds/core/libs/libnds/lib/libnds9.a(nitrofs.c.o)
                                  0xc (size before relaxing)
 .rodata.nitroFSInit.str1.4
                0x02014ed8        0x0 /opt/wonderful/thirdparty/blocksds/core/libs/libnds/lib/libnds9.a(nitrofs.c.o)
                                  0x2 (size before relaxing)
 .rodata.chdir.str1.4
                0x02014ed8        0x0 /opt/wonderful/thirdparty/blocksds/core/libs/libnds/lib/libnds9.a(chdir.c.o)
                                  0xb (size before relaxing)
 .rodata.con_write
                0x02014ed8      0x118 /opt/wonderful/thirdparty/blocksds/core/libs/libnds/lib/libnds9.a(console.c.o)
 .rodata.fifoReadRxFifoAndProcessBuffer.str1.4
                0x02014ff0        0x0 /opt/wonderful/thirdparty/blocksds/core/libs/libnds/lib/libnds9.a(fifosystem.c.o)
                                 0x15 (size before relaxing)
 .rodata.__func__.0
                0x02014ff0       0x19 /opt/wonderful/thirdparty/blocksds/core/libs/libnds/lib/libnds9.a(threads.c.o)
 .rodata.get_ldnumber.str1.4
                0x02015009        0x0 /opt/wonderful/thirdparty/blocksds/core/libs/libnds/lib/libnds9.a(ff.c.o)
                                  0x7 (size before relaxing)
 .rodata.follow_path.str1.4
                0x02015009        0x0 /opt/wonderful/thirdparty/blocksds/core/libs/libnds/lib/libnds9.a(ff.c.o)
                                 0x13 (size before relaxing)
 .rodata.check_fs.str1.4
                0x02015009        0x0 /opt/wonderful/thirdparty/blocksds/core/libs/libnds/lib/libnds9.a(ff.c.o)
                                  0x9 (size before relaxing)
 *fill*         0x02015009        0x3 ff
 .rodata.ExCvt  0x0201500c       0x80 /opt/wonderful/thirdparty/blocksds/core/libs/libnds/lib/libnds9.a(ff.c.o)
 .rodata.LfnOfs
                0x0201508c        0xd /opt/wonderful/thirdparty/blocksds/core/libs/libnds/lib/libnds9.a(ff.c.o)
 *fill*         0x02015099        0x3 ff
 .rodata.default_fontTiles
                0x0201509c      0x300 /opt/wonderful/thirdparty/blocksds/core/libs/libnds/lib/libnds9.a(default_font.png.o)
                0x0201509c                default_fontTiles
 .rodata.systemValueHandler.str1.4
                0x0201539c        0x0 /opt/wonderful/thirdparty/blocksds/core/libs/libnds/lib/libnds9.a(system.c.o)
                                 0x2b (size before relaxing)
 .rodata.systemValueHandler
                0x0201539c       0x10 /opt/wonderful/thirdparty/blocksds/core/libs/libnds/lib/libnds9.a(system.c.o)
 .rodata.releaseCrashHandler.str1.4
                0x020153ac        0x0 /opt/wonderful/thirdparty/blocksds/core/libs/libnds/lib/libnds9.a(exceptions.c.o)
                                 0x33 (size before relaxing)
 .rodata.exceptionStatePrint.str1.4
                0x020153ac        0x0 /opt/wonderful/thirdparty/blocksds/core/libs/libnds/lib/libnds9.a(exceptions.c.o)
                                 0x58 (size before relaxing)
 .rodata.str1.4
                0x020153ac        0x0 /opt/wonderful/thirdparty/blocksds/core/libs/libnds/lib/libnds9.a(exceptions.c.o)
                                 0x40 (size before relaxing)
 .rodata.bgTransform
                0x020153ac       0x20 /opt/wonderful/thirdparty/blocksds/core/libs/libnds/lib/libnds9.a(background.c.o)
                0x020153ac                bgTransform
 .rodata.bgScrollTable
                0x020153cc       0x20 /opt/wonderful/thirdparty/blocksds/core/libs/libnds/lib/libnds9.a(background.c.o)
                0x020153cc                bgScrollTable
 .rodata.bgControl
                0x020153ec       0x20 /opt/wonderful/thirdparty/blocksds/core/libs/libnds/lib/libnds9.a(background.c.o)
                0x020153ec                bgControl
 .rodata.__sassert.str1.4
                0x0201540c        0x0 /opt/wonderful/thirdparty/blocksds/core/libs/libnds/lib/libnds9.a(sassert.c.o)
                                 0x73 (size before relaxing)
 .rodata.stderr
                0x0201540c        0x4 /opt/wonderful/thirdparty/blocksds/core/libs/libnds/lib/libnds9.a(iob.c.o)
                0x0201540c                stderr
 .rodata.stdout
                0x02015410        0x4 /opt/wonderful/thirdparty/blocksds/core/libs/libnds/lib/libnds9.a(iob.c.o)
                0x02015410                stdout
 .rodata.stdin  0x02015414        0x4 /opt/wonderful/thirdparty/blocksds/core/libs/libnds/lib/libnds9.a(iob.c.o)
                0x02015414                stdin
 .rodata.__retarget_lock_init_recursive.str1.4
                0x02015418        0x0 /opt/wonderful/thirdparty/blocksds/core/libs/libnds/lib/libnds9.a(locks.c.o)
                                  0xa (size before relaxing)